[config] Loaded .env from: C:\Users\tmoscaliuc\Downloads\script\threat-investigator\threat-intel\backend\.env
[config] Settings loaded — VT key: SET
2026-03-02 12:04:55,738 INFO sqlalchemy.engine.Engine select pg_catalog.version()
2026-03-02 12:04:55,743 INFO sqlalchemy.engine.Engine [raw sql] ()
2026-03-02 12:04:55,754 INFO sqlalchemy.engine.Engine select current_schema()
2026-03-02 12:04:55,757 INFO sqlalchemy.engine.Engine [raw sql] ()
2026-03-02 12:04:55,769 INFO sqlalchemy.engine.Engine show standard_conforming_strings
2026-03-02 12:04:55,771 INFO sqlalchemy.engine.Engine [raw sql] ()
2026-03-02 12:04:55,782 INFO sqlalchemy.engine.Engine BEGIN (implicit)
2026-03-02 12:04:55,791 INFO sqlalchemy.engine.Engine SELECT pg_catalog.pg_class.relname 
FROM pg_catalog.pg_class JOIN pg_catalog.pg_namespace ON pg_catalog.pg_namespace.oid = pg_catalog.pg_class.relnamespace 
WHERE pg_catalog.pg_class.relname = $1::VARCHAR AND pg_catalog.pg_class.relkind = ANY (ARRAY[$2::VARCHAR, $3::VARCHAR, $4::VARCHAR, $5::VARCHAR, $6::VARCHAR]) AND pg_catalog.pg_table_is_visible(pg_catalog.pg_class.oid) AND pg_catalog.pg_namespace.nspname != $7::VARCHAR
2026-03-02 12:04:55,792 INFO sqlalchemy.engine.Engine [generated in 0.00170s] ('batches', 'r', 'p', 'f', 'v', 'm', 'pg_catalog')
2026-03-02 12:04:55,809 INFO sqlalchemy.engine.Engine SELECT pg_catalog.pg_class.relname 
FROM pg_catalog.pg_class JOIN pg_catalog.pg_namespace ON pg_catalog.pg_namespace.oid = pg_catalog.pg_class.relnamespace 
WHERE pg_catalog.pg_class.relname = $1::VARCHAR AND pg_catalog.pg_class.relkind = ANY (ARRAY[$2::VARCHAR, $3::VARCHAR, $4::VARCHAR, $5::VARCHAR, $6::VARCHAR]) AND pg_catalog.pg_table_is_visible(pg_catalog.pg_class.oid) AND pg_catalog.pg_namespace.nspname != $7::VARCHAR
2026-03-02 12:04:55,812 INFO sqlalchemy.engine.Engine [cached since 0.02133s ago] ('investigations', 'r', 'p', 'f', 'v', 'm', 'pg_catalog')
2026-03-02 12:04:55,816 INFO sqlalchemy.engine.Engine SELECT pg_catalog.pg_class.relname 
FROM pg_catalog.pg_class JOIN pg_catalog.pg_namespace ON pg_catalog.pg_namespace.oid = pg_catalog.pg_class.relnamespace 
WHERE pg_catalog.pg_class.relname = $1::VARCHAR AND pg_catalog.pg_class.relkind = ANY (ARRAY[$2::VARCHAR, $3::VARCHAR, $4::VARCHAR, $5::VARCHAR, $6::VARCHAR]) AND pg_catalog.pg_table_is_visible(pg_catalog.pg_class.oid) AND pg_catalog.pg_namespace.nspname != $7::VARCHAR
2026-03-02 12:04:55,818 INFO sqlalchemy.engine.Engine [cached since 0.02749s ago] ('collector_results', 'r', 'p', 'f', 'v', 'm', 'pg_catalog')
2026-03-02 12:04:55,822 INFO sqlalchemy.engine.Engine SELECT pg_catalog.pg_class.relname 
FROM pg_catalog.pg_class JOIN pg_catalog.pg_namespace ON pg_catalog.pg_namespace.oid = pg_catalog.pg_class.relnamespace 
WHERE pg_catalog.pg_class.relname = $1::VARCHAR AND pg_catalog.pg_class.relkind = ANY (ARRAY[$2::VARCHAR, $3::VARCHAR, $4::VARCHAR, $5::VARCHAR, $6::VARCHAR]) AND pg_catalog.pg_table_is_visible(pg_catalog.pg_class.oid) AND pg_catalog.pg_namespace.nspname != $7::VARCHAR
2026-03-02 12:04:55,825 INFO sqlalchemy.engine.Engine [cached since 0.03388s ago] ('evidence', 'r', 'p', 'f', 'v', 'm', 'pg_catalog')
2026-03-02 12:04:55,830 INFO sqlalchemy.engine.Engine SELECT pg_catalog.pg_class.relname 
FROM pg_catalog.pg_class JOIN pg_catalog.pg_namespace ON pg_catalog.pg_namespace.oid = pg_catalog.pg_class.relnamespace 
WHERE pg_catalog.pg_class.relname = $1::VARCHAR AND pg_catalog.pg_class.relkind = ANY (ARRAY[$2::VARCHAR, $3::VARCHAR, $4::VARCHAR, $5::VARCHAR, $6::VARCHAR]) AND pg_catalog.pg_table_is_visible(pg_catalog.pg_class.oid) AND pg_catalog.pg_namespace.nspname != $7::VARCHAR
2026-03-02 12:04:55,832 INFO sqlalchemy.engine.Engine [cached since 0.0411s ago] ('reports', 'r', 'p', 'f', 'v', 'm', 'pg_catalog')
2026-03-02 12:04:55,835 INFO sqlalchemy.engine.Engine SELECT pg_catalog.pg_class.relname 
FROM pg_catalog.pg_class JOIN pg_catalog.pg_namespace ON pg_catalog.pg_namespace.oid = pg_catalog.pg_class.relnamespace 
WHERE pg_catalog.pg_class.relname = $1::VARCHAR AND pg_catalog.pg_class.relkind = ANY (ARRAY[$2::VARCHAR, $3::VARCHAR, $4::VARCHAR, $5::VARCHAR, $6::VARCHAR]) AND pg_catalog.pg_table_is_visible(pg_catalog.pg_class.oid) AND pg_catalog.pg_namespace.nspname != $7::VARCHAR
2026-03-02 12:04:55,837 INFO sqlalchemy.engine.Engine [cached since 0.0467s ago] ('artifacts', 'r', 'p', 'f', 'v', 'm', 'pg_catalog')
2026-03-02 12:04:55,842 INFO sqlalchemy.engine.Engine SELECT pg_catalog.pg_class.relname 
FROM pg_catalog.pg_class JOIN pg_catalog.pg_namespace ON pg_catalog.pg_namespace.oid = pg_catalog.pg_class.relnamespace 
WHERE pg_catalog.pg_class.relname = $1::VARCHAR AND pg_catalog.pg_class.relkind = ANY (ARRAY[$2::VARCHAR, $3::VARCHAR, $4::VARCHAR, $5::VARCHAR, $6::VARCHAR]) AND pg_catalog.pg_table_is_visible(pg_catalog.pg_class.oid) AND pg_catalog.pg_namespace.nspname != $7::VARCHAR
2026-03-02 12:04:55,843 INFO sqlalchemy.engine.Engine [cached since 0.05184s ago] ('iocs', 'r', 'p', 'f', 'v', 'm', 'pg_catalog')
2026-03-02 12:04:55,846 INFO sqlalchemy.engine.Engine SELECT pg_catalog.pg_class.relname 
FROM pg_catalog.pg_class JOIN pg_catalog.pg_namespace ON pg_catalog.pg_namespace.oid = pg_catalog.pg_class.relnamespace 
WHERE pg_catalog.pg_class.relname = $1::VARCHAR AND pg_catalog.pg_class.relkind = ANY (ARRAY[$2::VARCHAR, $3::VARCHAR, $4::VARCHAR, $5::VARCHAR, $6::VARCHAR]) AND pg_catalog.pg_table_is_visible(pg_catalog.pg_class.oid) AND pg_catalog.pg_namespace.nspname != $7::VARCHAR
2026-03-02 12:04:55,848 INFO sqlalchemy.engine.Engine [cached since 0.0568s ago] ('watchlist', 'r', 'p', 'f', 'v', 'm', 'pg_catalog')
2026-03-02 12:04:55,851 INFO sqlalchemy.engine.Engine SELECT pg_catalog.pg_class.relname 
FROM pg_catalog.pg_class JOIN pg_catalog.pg_namespace ON pg_catalog.pg_namespace.oid = pg_catalog.pg_class.relnamespace 
WHERE pg_catalog.pg_class.relname = $1::VARCHAR AND pg_catalog.pg_class.relkind = ANY (ARRAY[$2::VARCHAR, $3::VARCHAR, $4::VARCHAR, $5::VARCHAR, $6::VARCHAR]) AND pg_catalog.pg_table_is_visible(pg_catalog.pg_class.oid) AND pg_catalog.pg_namespace.nspname != $7::VARCHAR
2026-03-02 12:04:55,852 INFO sqlalchemy.engine.Engine [cached since 0.0613s ago] ('watchlist_alerts', 'r', 'p', 'f', 'v', 'm', 'pg_catalog')
2026-03-02 12:04:55,856 INFO sqlalchemy.engine.Engine SELECT pg_catalog.pg_class.relname 
FROM pg_catalog.pg_class JOIN pg_catalog.pg_namespace ON pg_catalog.pg_namespace.oid = pg_catalog.pg_class.relnamespace 
WHERE pg_catalog.pg_class.relname = $1::VARCHAR AND pg_catalog.pg_class.relkind = ANY (ARRAY[$2::VARCHAR, $3::VARCHAR, $4::VARCHAR, $5::VARCHAR, $6::VARCHAR]) AND pg_catalog.pg_table_is_visible(pg_catalog.pg_class.oid) AND pg_catalog.pg_namespace.nspname != $7::VARCHAR
2026-03-02 12:04:55,857 INFO sqlalchemy.engine.Engine [cached since 0.06683s ago] ('clients', 'r', 'p', 'f', 'v', 'm', 'pg_catalog')
2026-03-02 12:04:55,861 INFO sqlalchemy.engine.Engine SELECT pg_catalog.pg_class.relname 
FROM pg_catalog.pg_class JOIN pg_catalog.pg_namespace ON pg_catalog.pg_namespace.oid = pg_catalog.pg_class.relnamespace 
WHERE pg_catalog.pg_class.relname = $1::VARCHAR AND pg_catalog.pg_class.relkind = ANY (ARRAY[$2::VARCHAR, $3::VARCHAR, $4::VARCHAR, $5::VARCHAR, $6::VARCHAR]) AND pg_catalog.pg_table_is_visible(pg_catalog.pg_class.oid) AND pg_catalog.pg_namespace.nspname != $7::VARCHAR
2026-03-02 12:04:55,863 INFO sqlalchemy.engine.Engine [cached since 0.07231s ago] ('client_alerts', 'r', 'p', 'f', 'v', 'm', 'pg_catalog')
2026-03-02 12:04:55,867 INFO sqlalchemy.engine.Engine SELECT pg_catalog.pg_class.relname 
FROM pg_catalog.pg_class JOIN pg_catalog.pg_namespace ON pg_catalog.pg_namespace.oid = pg_catalog.pg_class.relnamespace 
WHERE pg_catalog.pg_class.relname = $1::VARCHAR AND pg_catalog.pg_class.relkind = ANY (ARRAY[$2::VARCHAR, $3::VARCHAR, $4::VARCHAR, $5::VARCHAR, $6::VARCHAR]) AND pg_catalog.pg_table_is_visible(pg_catalog.pg_class.oid) AND pg_catalog.pg_namespace.nspname != $7::VARCHAR
2026-03-02 12:04:55,868 INFO sqlalchemy.engine.Engine [cached since 0.07799s ago] ('whois_history', 'r', 'p', 'f', 'v', 'm', 'pg_catalog')
2026-03-02 12:04:55,873 INFO sqlalchemy.engine.Engine SELECT pg_catalog.pg_class.relname 
FROM pg_catalog.pg_class JOIN pg_catalog.pg_namespace ON pg_catalog.pg_namespace.oid = pg_catalog.pg_class.relnamespace 
WHERE pg_catalog.pg_class.relname = $1::VARCHAR AND pg_catalog.pg_class.relkind = ANY (ARRAY[$2::VARCHAR, $3::VARCHAR, $4::VARCHAR, $5::VARCHAR, $6::VARCHAR]) AND pg_catalog.pg_table_is_visible(pg_catalog.pg_class.oid) AND pg_catalog.pg_namespace.nspname != $7::VARCHAR
2026-03-02 12:04:55,876 INFO sqlalchemy.engine.Engine [cached since 0.0857s ago] ('ip_lookups', 'r', 'p', 'f', 'v', 'm', 'pg_catalog')
2026-03-02 12:04:55,881 INFO sqlalchemy.engine.Engine SELECT pg_catalog.pg_class.relname 
FROM pg_catalog.pg_class JOIN pg_catalog.pg_namespace ON pg_catalog.pg_namespace.oid = pg_catalog.pg_class.relnamespace 
WHERE pg_catalog.pg_class.relname = $1::VARCHAR AND pg_catalog.pg_class.relkind = ANY (ARRAY[$2::VARCHAR, $3::VARCHAR, $4::VARCHAR, $5::VARCHAR, $6::VARCHAR]) AND pg_catalog.pg_table_is_visible(pg_catalog.pg_class.oid) AND pg_catalog.pg_namespace.nspname != $7::VARCHAR
2026-03-02 12:04:55,883 INFO sqlalchemy.engine.Engine [cached since 0.09181s ago] ('lookup_cache', 'r', 'p', 'f', 'v', 'm', 'pg_catalog')
2026-03-02 12:04:55,887 INFO sqlalchemy.engine.Engine SELECT pg_catalog.pg_class.relname 
FROM pg_catalog.pg_class JOIN pg_catalog.pg_namespace ON pg_catalog.pg_namespace.oid = pg_catalog.pg_class.relnamespace 
WHERE pg_catalog.pg_class.relname = $1::VARCHAR AND pg_catalog.pg_class.relkind = ANY (ARRAY[$2::VARCHAR, $3::VARCHAR, $4::VARCHAR, $5::VARCHAR, $6::VARCHAR]) AND pg_catalog.pg_table_is_visible(pg_catalog.pg_class.oid) AND pg_catalog.pg_namespace.nspname != $7::VARCHAR
2026-03-02 12:04:55,889 INFO sqlalchemy.engine.Engine [cached since 0.09847s ago] ('email_investigation_runs', 'r', 'p', 'f', 'v', 'm', 'pg_catalog')
2026-03-02 12:04:55,895 INFO sqlalchemy.engine.Engine ALTER TABLE clients ADD COLUMN IF NOT EXISTS default_collectors JSONB NOT NULL DEFAULT '[]'::jsonb
2026-03-02 12:04:55,896 INFO sqlalchemy.engine.Engine [generated in 0.00102s] ()
2026-03-02 12:04:55,902 INFO sqlalchemy.engine.Engine ALTER TABLE investigations ADD COLUMN IF NOT EXISTS observable_type VARCHAR(20) NOT NULL DEFAULT 'domain'
2026-03-02 12:04:55,904 INFO sqlalchemy.engine.Engine [generated in 0.00172s] ()
2026-03-02 12:04:55,910 INFO sqlalchemy.engine.Engine ALTER TABLE investigations ALTER COLUMN domain TYPE VARCHAR(512)
2026-03-02 12:04:55,913 INFO sqlalchemy.engine.Engine [generated in 0.00185s] ()
2026-03-02 12:04:55,928 INFO sqlalchemy.engine.Engine COMMIT
INFO:     127.0.0.1:56072 - "GET /openapi.json HTTP/1.1" 200 OK
2026-03-02 12:13:31,948 INFO sqlalchemy.engine.Engine BEGIN (implicit)
2026-03-02 12:13:31,982 INFO sqlalchemy.engine.Engine SELECT email_investigation_runs.id, email_investigation_runs.filename, email_investigation_runs.email_subject, email_investigation_runs.sender_email, email_investigation_runs.sender_domain, email_investigation_runs.sender_ip, email_investigation_runs.resolution_source, email_investigation_runs.result_json, email_investigation_runs.created_at 
FROM email_investigation_runs ORDER BY email_investigation_runs.created_at DESC 
 LIMIT $1::INTEGER OFFSET $2::INTEGER
2026-03-02 12:13:31,984 INFO sqlalchemy.engine.Engine [generated in 0.00146s] (20, 0)
INFO:     127.0.0.1:56073 - "GET /api/email-investigations/history?limit=20&offset=0 HTTP/1.1" 200 OK
2026-03-02 12:13:31,994 INFO sqlalchemy.engine.Engine COMMIT
INFO:     127.0.0.1:58376 - "GET /api/health HTTP/1.1" 200 OK
2026-03-02 12:17:45,942 INFO sqlalchemy.engine.Engine BEGIN (implicit)
2026-03-02 12:17:45,948 INFO sqlalchemy.engine.Engine SELECT investigations.id, investigations.domain, investigations.observable_type, investigations.state, investigations.context, investigations.client_domain, investigations.batch_id, investigations.created_at, investigations.updated_at, investigations.concluded_at, investigations.classification, investigations.confidence, investigations.risk_score, investigations.recommended_action, investigations.analyst_iterations, investigations.max_analyst_iterations 
FROM investigations ORDER BY investigations.created_at DESC 
 LIMIT $1::INTEGER OFFSET $2::INTEGER
2026-03-02 12:17:45,949 INFO sqlalchemy.engine.Engine [generated in 0.00189s] (10, 0)
2026-03-02 12:17:45,963 INFO sqlalchemy.engine.Engine SELECT count(investigations.id) AS count_1 
FROM investigations
2026-03-02 12:17:45,964 INFO sqlalchemy.engine.Engine [generated in 0.00147s] ()
INFO:     127.0.0.1:57400 - "GET /api/investigations?limit=10 HTTP/1.1" 200 OK
2026-03-02 12:17:45,973 INFO sqlalchemy.engine.Engine COMMIT
2026-03-02 12:17:45,998 INFO sqlalchemy.engine.Engine BEGIN (implicit)
2026-03-02 12:17:45,999 INFO sqlalchemy.engine.Engine SELECT investigations.id, investigations.domain, investigations.observable_type, investigations.state, investigations.context, investigations.client_domain, investigations.batch_id, investigations.created_at, investigations.updated_at, investigations.concluded_at, investigations.classification, investigations.confidence, investigations.risk_score, investigations.recommended_action, investigations.analyst_iterations, investigations.max_analyst_iterations 
FROM investigations ORDER BY investigations.created_at DESC 
 LIMIT $1::INTEGER OFFSET $2::INTEGER
2026-03-02 12:17:46,001 INFO sqlalchemy.engine.Engine [cached since 0.05288s ago] (10, 0)
2026-03-02 12:17:46,006 INFO sqlalchemy.engine.Engine SELECT count(investigations.id) AS count_1 
FROM investigations
2026-03-02 12:17:46,008 INFO sqlalchemy.engine.Engine [cached since 0.04524s ago] ()
INFO:     127.0.0.1:57401 - "GET /api/investigations?limit=10 HTTP/1.1" 200 OK
2026-03-02 12:17:46,013 INFO sqlalchemy.engine.Engine COMMIT
2026-03-02 12:17:54,089 INFO sqlalchemy.engine.Engine BEGIN (implicit)
2026-03-02 12:17:54,094 INFO sqlalchemy.engine.Engine SELECT email_investigation_runs.id, email_investigation_runs.filename, email_investigation_runs.email_subject, email_investigation_runs.sender_email, email_investigation_runs.sender_domain, email_investigation_runs.sender_ip, email_investigation_runs.resolution_source, email_investigation_runs.result_json, email_investigation_runs.created_at 
FROM email_investigation_runs ORDER BY email_investigation_runs.created_at DESC 
 LIMIT $1::INTEGER OFFSET $2::INTEGER
2026-03-02 12:17:54,094 INFO sqlalchemy.engine.Engine [cached since 262.1s ago] (20, 0)
INFO:     127.0.0.1:52318 - "GET /api/email-investigations/history?limit=20&offset=0 HTTP/1.1" 200 OK
2026-03-02 12:17:54,102 INFO sqlalchemy.engine.Engine COMMIT
2026-03-02 12:17:54,117 INFO sqlalchemy.engine.Engine BEGIN (implicit)
2026-03-02 12:17:54,119 INFO sqlalchemy.engine.Engine SELECT email_investigation_runs.id, email_investigation_runs.filename, email_investigation_runs.email_subject, email_investigation_runs.sender_email, email_investigation_runs.sender_domain, email_investigation_runs.sender_ip, email_investigation_runs.resolution_source, email_investigation_runs.result_json, email_investigation_runs.created_at 
FROM email_investigation_runs ORDER BY email_investigation_runs.created_at DESC 
 LIMIT $1::INTEGER OFFSET $2::INTEGER
2026-03-02 12:17:54,120 INFO sqlalchemy.engine.Engine [cached since 262.1s ago] (20, 0)
INFO:     127.0.0.1:52319 - "GET /api/email-investigations/history?limit=20&offset=0 HTTP/1.1" 200 OK
2026-03-02 12:17:54,127 INFO sqlalchemy.engine.Engine COMMIT
2026-03-02 12:19:01,861 INFO sqlalchemy.engine.Engine BEGIN (implicit)
2026-03-02 12:19:01,864 INFO sqlalchemy.engine.Engine INSERT INTO email_investigation_runs (id, filename, email_subject, sender_email, sender_domain, sender_ip, resolution_source, result_json) VALUES ($1::UUID, $2::VARCHAR, $3::VARCHAR, $4::VARCHAR, $5::VARCHAR, $6::VARCHAR, $7::VARCHAR, $8::JSONB) RETURNING email_investigation_runs.created_at
2026-03-02 12:19:01,865 INFO sqlalchemy.engine.Engine [generated in 0.00087s] (UUID('605af9ea-ae95-4c0f-ada4-8389759369cb'), '15f5c2ce-70bf-f7ba-5944-00f638bda152.eml', 'J2 Marketing Day at UKREiiF - Day Pass & Access', 'noreply@j2.net', 'j2.net', '203.55.21.50', 'ai', '{"filename": "15f5c2ce-70bf-f7ba-5944-00f638bda152.eml", "email_subject": "J2 Marketing Day at UKREiiF - Day Pass & Access", "sender_email": "noreply ... (8932 characters truncated) ... 0.com, j2.cmail20.com) consistent with usage of an email marketing platform as shown by smtp.mailfrom=cmail20.com in the authentication header."}]}}}')
2026-03-02 12:19:01,878 INFO sqlalchemy.engine.Engine COMMIT
2026-03-02 12:19:01,888 INFO sqlalchemy.engine.Engine BEGIN (implicit)
2026-03-02 12:19:01,889 INFO sqlalchemy.engine.Engine SELECT email_investigation_runs.id, email_investigation_runs.filename, email_investigation_runs.email_subject, email_investigation_runs.sender_email, email_investigation_runs.sender_domain, email_investigation_runs.sender_ip, email_investigation_runs.resolution_source, email_investigation_runs.result_json, email_investigation_runs.created_at 
FROM email_investigation_runs 
WHERE email_investigation_runs.id = $1::UUID
2026-03-02 12:19:01,890 INFO sqlalchemy.engine.Engine [generated in 0.00069s] (UUID('605af9ea-ae95-4c0f-ada4-8389759369cb'),)
2026-03-02 12:19:01,921 INFO sqlalchemy.engine.Engine COMMIT
2026-03-02 12:19:37,280 INFO sqlalchemy.engine.Engine BEGIN (implicit)
2026-03-02 12:19:37,282 INFO sqlalchemy.engine.Engine INSERT INTO email_investigation_runs (id, filename, email_subject, sender_email, sender_domain, sender_ip, resolution_source, result_json) VALUES ($1::UUID, $2::VARCHAR, $3::VARCHAR, $4::VARCHAR, $5::VARCHAR, $6::VARCHAR, $7::VARCHAR, $8::JSONB) RETURNING email_investigation_runs.created_at
2026-03-02 12:19:37,282 INFO sqlalchemy.engine.Engine [cached since 35.42s ago] (UUID('de030b60-0de9-4a8e-a7be-33b6d4c41672'), '15f5c2ce-70bf-f7ba-5944-00f638bda152.eml', 'J2 Marketing Day at UKREiiF - Day Pass & Access', 'noreply@j2.net', 'j2.net', '203.55.21.50', 'ai', '{"filename": "15f5c2ce-70bf-f7ba-5944-00f638bda152.eml", "email_subject": "J2 Marketing Day at UKREiiF - Day Pass & Access", "sender_email": "noreply ... (7892 characters truncated) ... e hosted on i?.cmail20.com and j2.cmail20.com, indicating use of a marketing/email service provider rather than direct mail servers for j2.net."}]}}}')
2026-03-02 12:19:37,289 INFO sqlalchemy.engine.Engine COMMIT
2026-03-02 12:19:37,297 INFO sqlalchemy.engine.Engine BEGIN (implicit)
2026-03-02 12:19:37,298 INFO sqlalchemy.engine.Engine SELECT email_investigation_runs.id, email_investigation_runs.filename, email_investigation_runs.email_subject, email_investigation_runs.sender_email, email_investigation_runs.sender_domain, email_investigation_runs.sender_ip, email_investigation_runs.resolution_source, email_investigation_runs.result_json, email_investigation_runs.created_at 
FROM email_investigation_runs 
WHERE email_investigation_runs.id = $1::UUID
2026-03-02 12:19:37,299 INFO sqlalchemy.engine.Engine [cached since 35.41s ago] (UUID('de030b60-0de9-4a8e-a7be-33b6d4c41672'),)
2026-03-02 12:19:37,313 INFO sqlalchemy.engine.Engine COMMIT
