[config] Loaded .env from: C:\Users\tmoscaliuc\Downloads\script\threat-investigator\threat-intel\backend\.env
[config] Settings loaded — VT key: SET
2026-03-02 13:05:52,379 INFO sqlalchemy.engine.Engine select pg_catalog.version()
2026-03-02 13:05:52,385 INFO sqlalchemy.engine.Engine [raw sql] ()
2026-03-02 13:05:52,392 INFO sqlalchemy.engine.Engine select current_schema()
2026-03-02 13:05:52,394 INFO sqlalchemy.engine.Engine [raw sql] ()
2026-03-02 13:05:52,403 INFO sqlalchemy.engine.Engine show standard_conforming_strings
2026-03-02 13:05:52,405 INFO sqlalchemy.engine.Engine [raw sql] ()
2026-03-02 13:05:52,413 INFO sqlalchemy.engine.Engine BEGIN (implicit)
2026-03-02 13:05:52,421 INFO sqlalchemy.engine.Engine SELECT pg_catalog.pg_class.relname 
FROM pg_catalog.pg_class JOIN pg_catalog.pg_namespace ON pg_catalog.pg_namespace.oid = pg_catalog.pg_class.relnamespace 
WHERE pg_catalog.pg_class.relname = $1::VARCHAR AND pg_catalog.pg_class.relkind = ANY (ARRAY[$2::VARCHAR, $3::VARCHAR, $4::VARCHAR, $5::VARCHAR, $6::VARCHAR]) AND pg_catalog.pg_table_is_visible(pg_catalog.pg_class.oid) AND pg_catalog.pg_namespace.nspname != $7::VARCHAR
2026-03-02 13:05:52,422 INFO sqlalchemy.engine.Engine [generated in 0.00166s] ('batches', 'r', 'p', 'f', 'v', 'm', 'pg_catalog')
2026-03-02 13:05:52,433 INFO sqlalchemy.engine.Engine SELECT pg_catalog.pg_class.relname 
FROM pg_catalog.pg_class JOIN pg_catalog.pg_namespace ON pg_catalog.pg_namespace.oid = pg_catalog.pg_class.relnamespace 
WHERE pg_catalog.pg_class.relname = $1::VARCHAR AND pg_catalog.pg_class.relkind = ANY (ARRAY[$2::VARCHAR, $3::VARCHAR, $4::VARCHAR, $5::VARCHAR, $6::VARCHAR]) AND pg_catalog.pg_table_is_visible(pg_catalog.pg_class.oid) AND pg_catalog.pg_namespace.nspname != $7::VARCHAR
2026-03-02 13:05:52,434 INFO sqlalchemy.engine.Engine [cached since 0.01412s ago] ('investigations', 'r', 'p', 'f', 'v', 'm', 'pg_catalog')
2026-03-02 13:05:52,437 INFO sqlalchemy.engine.Engine SELECT pg_catalog.pg_class.relname 
FROM pg_catalog.pg_class JOIN pg_catalog.pg_namespace ON pg_catalog.pg_namespace.oid = pg_catalog.pg_class.relnamespace 
WHERE pg_catalog.pg_class.relname = $1::VARCHAR AND pg_catalog.pg_class.relkind = ANY (ARRAY[$2::VARCHAR, $3::VARCHAR, $4::VARCHAR, $5::VARCHAR, $6::VARCHAR]) AND pg_catalog.pg_table_is_visible(pg_catalog.pg_class.oid) AND pg_catalog.pg_namespace.nspname != $7::VARCHAR
2026-03-02 13:05:52,439 INFO sqlalchemy.engine.Engine [cached since 0.01829s ago] ('collector_results', 'r', 'p', 'f', 'v', 'm', 'pg_catalog')
2026-03-02 13:05:52,442 INFO sqlalchemy.engine.Engine SELECT pg_catalog.pg_class.relname 
FROM pg_catalog.pg_class JOIN pg_catalog.pg_namespace ON pg_catalog.pg_namespace.oid = pg_catalog.pg_class.relnamespace 
WHERE pg_catalog.pg_class.relname = $1::VARCHAR AND pg_catalog.pg_class.relkind = ANY (ARRAY[$2::VARCHAR, $3::VARCHAR, $4::VARCHAR, $5::VARCHAR, $6::VARCHAR]) AND pg_catalog.pg_table_is_visible(pg_catalog.pg_class.oid) AND pg_catalog.pg_namespace.nspname != $7::VARCHAR
2026-03-02 13:05:52,444 INFO sqlalchemy.engine.Engine [cached since 0.02319s ago] ('evidence', 'r', 'p', 'f', 'v', 'm', 'pg_catalog')
2026-03-02 13:05:52,447 INFO sqlalchemy.engine.Engine SELECT pg_catalog.pg_class.relname 
FROM pg_catalog.pg_class JOIN pg_catalog.pg_namespace ON pg_catalog.pg_namespace.oid = pg_catalog.pg_class.relnamespace 
WHERE pg_catalog.pg_class.relname = $1::VARCHAR AND pg_catalog.pg_class.relkind = ANY (ARRAY[$2::VARCHAR, $3::VARCHAR, $4::VARCHAR, $5::VARCHAR, $6::VARCHAR]) AND pg_catalog.pg_table_is_visible(pg_catalog.pg_class.oid) AND pg_catalog.pg_namespace.nspname != $7::VARCHAR
2026-03-02 13:05:52,448 INFO sqlalchemy.engine.Engine [cached since 0.0271s ago] ('reports', 'r', 'p', 'f', 'v', 'm', 'pg_catalog')
2026-03-02 13:05:52,451 INFO sqlalchemy.engine.Engine SELECT pg_catalog.pg_class.relname 
FROM pg_catalog.pg_class JOIN pg_catalog.pg_namespace ON pg_catalog.pg_namespace.oid = pg_catalog.pg_class.relnamespace 
WHERE pg_catalog.pg_class.relname = $1::VARCHAR AND pg_catalog.pg_class.relkind = ANY (ARRAY[$2::VARCHAR, $3::VARCHAR, $4::VARCHAR, $5::VARCHAR, $6::VARCHAR]) AND pg_catalog.pg_table_is_visible(pg_catalog.pg_class.oid) AND pg_catalog.pg_namespace.nspname != $7::VARCHAR
2026-03-02 13:05:52,453 INFO sqlalchemy.engine.Engine [cached since 0.03242s ago] ('artifacts', 'r', 'p', 'f', 'v', 'm', 'pg_catalog')
2026-03-02 13:05:52,456 INFO sqlalchemy.engine.Engine SELECT pg_catalog.pg_class.relname 
FROM pg_catalog.pg_class JOIN pg_catalog.pg_namespace ON pg_catalog.pg_namespace.oid = pg_catalog.pg_class.relnamespace 
WHERE pg_catalog.pg_class.relname = $1::VARCHAR AND pg_catalog.pg_class.relkind = ANY (ARRAY[$2::VARCHAR, $3::VARCHAR, $4::VARCHAR, $5::VARCHAR, $6::VARCHAR]) AND pg_catalog.pg_table_is_visible(pg_catalog.pg_class.oid) AND pg_catalog.pg_namespace.nspname != $7::VARCHAR
2026-03-02 13:05:52,458 INFO sqlalchemy.engine.Engine [cached since 0.03729s ago] ('iocs', 'r', 'p', 'f', 'v', 'm', 'pg_catalog')
2026-03-02 13:05:52,461 INFO sqlalchemy.engine.Engine SELECT pg_catalog.pg_class.relname 
FROM pg_catalog.pg_class JOIN pg_catalog.pg_namespace ON pg_catalog.pg_namespace.oid = pg_catalog.pg_class.relnamespace 
WHERE pg_catalog.pg_class.relname = $1::VARCHAR AND pg_catalog.pg_class.relkind = ANY (ARRAY[$2::VARCHAR, $3::VARCHAR, $4::VARCHAR, $5::VARCHAR, $6::VARCHAR]) AND pg_catalog.pg_table_is_visible(pg_catalog.pg_class.oid) AND pg_catalog.pg_namespace.nspname != $7::VARCHAR
2026-03-02 13:05:52,462 INFO sqlalchemy.engine.Engine [cached since 0.04149s ago] ('watchlist', 'r', 'p', 'f', 'v', 'm', 'pg_catalog')
2026-03-02 13:05:52,465 INFO sqlalchemy.engine.Engine SELECT pg_catalog.pg_class.relname 
FROM pg_catalog.pg_class JOIN pg_catalog.pg_namespace ON pg_catalog.pg_namespace.oid = pg_catalog.pg_class.relnamespace 
WHERE pg_catalog.pg_class.relname = $1::VARCHAR AND pg_catalog.pg_class.relkind = ANY (ARRAY[$2::VARCHAR, $3::VARCHAR, $4::VARCHAR, $5::VARCHAR, $6::VARCHAR]) AND pg_catalog.pg_table_is_visible(pg_catalog.pg_class.oid) AND pg_catalog.pg_namespace.nspname != $7::VARCHAR
2026-03-02 13:05:52,467 INFO sqlalchemy.engine.Engine [cached since 0.04616s ago] ('watchlist_alerts', 'r', 'p', 'f', 'v', 'm', 'pg_catalog')
2026-03-02 13:05:52,470 INFO sqlalchemy.engine.Engine SELECT pg_catalog.pg_class.relname 
FROM pg_catalog.pg_class JOIN pg_catalog.pg_namespace ON pg_catalog.pg_namespace.oid = pg_catalog.pg_class.relnamespace 
WHERE pg_catalog.pg_class.relname = $1::VARCHAR AND pg_catalog.pg_class.relkind = ANY (ARRAY[$2::VARCHAR, $3::VARCHAR, $4::VARCHAR, $5::VARCHAR, $6::VARCHAR]) AND pg_catalog.pg_table_is_visible(pg_catalog.pg_class.oid) AND pg_catalog.pg_namespace.nspname != $7::VARCHAR
2026-03-02 13:05:52,471 INFO sqlalchemy.engine.Engine [cached since 0.05026s ago] ('clients', 'r', 'p', 'f', 'v', 'm', 'pg_catalog')
2026-03-02 13:05:52,474 INFO sqlalchemy.engine.Engine SELECT pg_catalog.pg_class.relname 
FROM pg_catalog.pg_class JOIN pg_catalog.pg_namespace ON pg_catalog.pg_namespace.oid = pg_catalog.pg_class.relnamespace 
WHERE pg_catalog.pg_class.relname = $1::VARCHAR AND pg_catalog.pg_class.relkind = ANY (ARRAY[$2::VARCHAR, $3::VARCHAR, $4::VARCHAR, $5::VARCHAR, $6::VARCHAR]) AND pg_catalog.pg_table_is_visible(pg_catalog.pg_class.oid) AND pg_catalog.pg_namespace.nspname != $7::VARCHAR
2026-03-02 13:05:52,475 INFO sqlalchemy.engine.Engine [cached since 0.05453s ago] ('client_alerts', 'r', 'p', 'f', 'v', 'm', 'pg_catalog')
2026-03-02 13:05:52,478 INFO sqlalchemy.engine.Engine SELECT pg_catalog.pg_class.relname 
FROM pg_catalog.pg_class JOIN pg_catalog.pg_namespace ON pg_catalog.pg_namespace.oid = pg_catalog.pg_class.relnamespace 
WHERE pg_catalog.pg_class.relname = $1::VARCHAR AND pg_catalog.pg_class.relkind = ANY (ARRAY[$2::VARCHAR, $3::VARCHAR, $4::VARCHAR, $5::VARCHAR, $6::VARCHAR]) AND pg_catalog.pg_table_is_visible(pg_catalog.pg_class.oid) AND pg_catalog.pg_namespace.nspname != $7::VARCHAR
2026-03-02 13:05:52,480 INFO sqlalchemy.engine.Engine [cached since 0.0591s ago] ('whois_history', 'r', 'p', 'f', 'v', 'm', 'pg_catalog')
2026-03-02 13:05:52,483 INFO sqlalchemy.engine.Engine SELECT pg_catalog.pg_class.relname 
FROM pg_catalog.pg_class JOIN pg_catalog.pg_namespace ON pg_catalog.pg_namespace.oid = pg_catalog.pg_class.relnamespace 
WHERE pg_catalog.pg_class.relname = $1::VARCHAR AND pg_catalog.pg_class.relkind = ANY (ARRAY[$2::VARCHAR, $3::VARCHAR, $4::VARCHAR, $5::VARCHAR, $6::VARCHAR]) AND pg_catalog.pg_table_is_visible(pg_catalog.pg_class.oid) AND pg_catalog.pg_namespace.nspname != $7::VARCHAR
2026-03-02 13:05:52,484 INFO sqlalchemy.engine.Engine [cached since 0.06387s ago] ('ip_lookups', 'r', 'p', 'f', 'v', 'm', 'pg_catalog')
2026-03-02 13:05:52,487 INFO sqlalchemy.engine.Engine SELECT pg_catalog.pg_class.relname 
FROM pg_catalog.pg_class JOIN pg_catalog.pg_namespace ON pg_catalog.pg_namespace.oid = pg_catalog.pg_class.relnamespace 
WHERE pg_catalog.pg_class.relname = $1::VARCHAR AND pg_catalog.pg_class.relkind = ANY (ARRAY[$2::VARCHAR, $3::VARCHAR, $4::VARCHAR, $5::VARCHAR, $6::VARCHAR]) AND pg_catalog.pg_table_is_visible(pg_catalog.pg_class.oid) AND pg_catalog.pg_namespace.nspname != $7::VARCHAR
2026-03-02 13:05:52,488 INFO sqlalchemy.engine.Engine [cached since 0.0677s ago] ('lookup_cache', 'r', 'p', 'f', 'v', 'm', 'pg_catalog')
2026-03-02 13:05:52,492 INFO sqlalchemy.engine.Engine SELECT pg_catalog.pg_class.relname 
FROM pg_catalog.pg_class JOIN pg_catalog.pg_namespace ON pg_catalog.pg_namespace.oid = pg_catalog.pg_class.relnamespace 
WHERE pg_catalog.pg_class.relname = $1::VARCHAR AND pg_catalog.pg_class.relkind = ANY (ARRAY[$2::VARCHAR, $3::VARCHAR, $4::VARCHAR, $5::VARCHAR, $6::VARCHAR]) AND pg_catalog.pg_table_is_visible(pg_catalog.pg_class.oid) AND pg_catalog.pg_namespace.nspname != $7::VARCHAR
2026-03-02 13:05:52,493 INFO sqlalchemy.engine.Engine [cached since 0.07259s ago] ('email_investigation_runs', 'r', 'p', 'f', 'v', 'm', 'pg_catalog')
2026-03-02 13:05:52,499 INFO sqlalchemy.engine.Engine ALTER TABLE clients ADD COLUMN IF NOT EXISTS default_collectors JSONB NOT NULL DEFAULT '[]'::jsonb
2026-03-02 13:05:52,501 INFO sqlalchemy.engine.Engine [generated in 0.00190s] ()
2026-03-02 13:05:52,509 INFO sqlalchemy.engine.Engine ALTER TABLE investigations ADD COLUMN IF NOT EXISTS observable_type VARCHAR(20) NOT NULL DEFAULT 'domain'
2026-03-02 13:05:52,511 INFO sqlalchemy.engine.Engine [generated in 0.00201s] ()
2026-03-02 13:05:52,517 INFO sqlalchemy.engine.Engine ALTER TABLE investigations ALTER COLUMN domain TYPE VARCHAR(512)
2026-03-02 13:05:52,519 INFO sqlalchemy.engine.Engine [generated in 0.00157s] ()
2026-03-02 13:05:52,535 INFO sqlalchemy.engine.Engine COMMIT
2026-03-02 13:05:55,287 INFO sqlalchemy.engine.Engine BEGIN (implicit)
2026-03-02 13:05:55,326 INFO sqlalchemy.engine.Engine SELECT investigations.id, investigations.domain, investigations.observable_type, investigations.state, investigations.context, investigations.client_domain, investigations.batch_id, investigations.created_at, investigations.updated_at, investigations.concluded_at, investigations.classification, investigations.confidence, investigations.risk_score, investigations.recommended_action, investigations.analyst_iterations, investigations.max_analyst_iterations 
FROM investigations 
WHERE investigations.id = $1::UUID
2026-03-02 13:05:55,327 INFO sqlalchemy.engine.Engine [generated in 0.00139s] (UUID('85e55855-5ed5-46bf-b651-192a9a01fe6a'),)
INFO:     127.0.0.1:61642 - "GET /api/investigations/85e55855-5ed5-46bf-b651-192a9a01fe6a HTTP/1.1" 200 OK
2026-03-02 13:05:55,336 INFO sqlalchemy.engine.Engine COMMIT
2026-03-02 13:05:55,352 INFO sqlalchemy.engine.Engine BEGIN (implicit)
2026-03-02 13:05:55,354 INFO sqlalchemy.engine.Engine SELECT evidence.id, evidence.investigation_id, evidence.evidence_json, evidence.signals, evidence.data_gaps, evidence.external_context, evidence.created_at 
FROM evidence 
WHERE evidence.investigation_id = $1::UUID
2026-03-02 13:05:55,356 INFO sqlalchemy.engine.Engine [generated in 0.00108s] (UUID('85e55855-5ed5-46bf-b651-192a9a01fe6a'),)
2026-03-02 13:05:55,362 INFO sqlalchemy.engine.Engine ROLLBACK
INFO:     127.0.0.1:59680 - "GET /api/investigations/85e55855-5ed5-46bf-b651-192a9a01fe6a/evidence HTTP/1.1" 404 Not Found
2026-03-02 13:05:55,382 INFO sqlalchemy.engine.Engine BEGIN (implicit)
2026-03-02 13:05:55,386 INFO sqlalchemy.engine.Engine SELECT reports.id, reports.investigation_id, reports.iteration, reports.report_json, reports.executive_summary, reports.technical_narrative, reports.recommendations, reports.created_at 
FROM reports 
WHERE reports.investigation_id = $1::UUID ORDER BY reports.iteration DESC 
 LIMIT $2::INTEGER
2026-03-02 13:05:55,387 INFO sqlalchemy.engine.Engine [generated in 0.00101s] (UUID('85e55855-5ed5-46bf-b651-192a9a01fe6a'), 1)
2026-03-02 13:05:55,394 INFO sqlalchemy.engine.Engine ROLLBACK
INFO:     127.0.0.1:58660 - "GET /api/investigations/85e55855-5ed5-46bf-b651-192a9a01fe6a/report HTTP/1.1" 404 Not Found
2026-03-02 13:06:00,275 INFO sqlalchemy.engine.Engine BEGIN (implicit)
2026-03-02 13:06:00,276 INFO sqlalchemy.engine.Engine SELECT investigations.id, investigations.domain, investigations.observable_type, investigations.state, investigations.context, investigations.client_domain, investigations.batch_id, investigations.created_at, investigations.updated_at, investigations.concluded_at, investigations.classification, investigations.confidence, investigations.risk_score, investigations.recommended_action, investigations.analyst_iterations, investigations.max_analyst_iterations 
FROM investigations 
WHERE investigations.id = $1::UUID
2026-03-02 13:06:00,277 INFO sqlalchemy.engine.Engine [cached since 4.952s ago] (UUID('85e55855-5ed5-46bf-b651-192a9a01fe6a'),)
INFO:     127.0.0.1:54376 - "GET /api/investigations/85e55855-5ed5-46bf-b651-192a9a01fe6a HTTP/1.1" 200 OK
2026-03-02 13:06:00,283 INFO sqlalchemy.engine.Engine COMMIT
2026-03-02 13:06:00,298 INFO sqlalchemy.engine.Engine BEGIN (implicit)
2026-03-02 13:06:00,302 INFO sqlalchemy.engine.Engine SELECT evidence.id, evidence.investigation_id, evidence.evidence_json, evidence.signals, evidence.data_gaps, evidence.external_context, evidence.created_at 
FROM evidence 
WHERE evidence.investigation_id = $1::UUID
2026-03-02 13:06:00,302 INFO sqlalchemy.engine.Engine [cached since 4.948s ago] (UUID('85e55855-5ed5-46bf-b651-192a9a01fe6a'),)
2026-03-02 13:06:00,307 INFO sqlalchemy.engine.Engine ROLLBACK
INFO:     127.0.0.1:65226 - "GET /api/investigations/85e55855-5ed5-46bf-b651-192a9a01fe6a/evidence HTTP/1.1" 404 Not Found
2026-03-02 13:06:00,330 INFO sqlalchemy.engine.Engine BEGIN (implicit)
2026-03-02 13:06:00,332 INFO sqlalchemy.engine.Engine SELECT reports.id, reports.investigation_id, reports.iteration, reports.report_json, reports.executive_summary, reports.technical_narrative, reports.recommendations, reports.created_at 
FROM reports 
WHERE reports.investigation_id = $1::UUID ORDER BY reports.iteration DESC 
 LIMIT $2::INTEGER
2026-03-02 13:06:00,333 INFO sqlalchemy.engine.Engine [cached since 4.947s ago] (UUID('85e55855-5ed5-46bf-b651-192a9a01fe6a'), 1)
2026-03-02 13:06:00,339 INFO sqlalchemy.engine.Engine ROLLBACK
INFO:     127.0.0.1:49673 - "GET /api/investigations/85e55855-5ed5-46bf-b651-192a9a01fe6a/report HTTP/1.1" 404 Not Found
2026-03-02 13:06:05,285 INFO sqlalchemy.engine.Engine BEGIN (implicit)
2026-03-02 13:06:05,288 INFO sqlalchemy.engine.Engine SELECT investigations.id, investigations.domain, investigations.observable_type, investigations.state, investigations.context, investigations.client_domain, investigations.batch_id, investigations.created_at, investigations.updated_at, investigations.concluded_at, investigations.classification, investigations.confidence, investigations.risk_score, investigations.recommended_action, investigations.analyst_iterations, investigations.max_analyst_iterations 
FROM investigations 
WHERE investigations.id = $1::UUID
2026-03-02 13:06:05,289 INFO sqlalchemy.engine.Engine [cached since 9.964s ago] (UUID('85e55855-5ed5-46bf-b651-192a9a01fe6a'),)
INFO:     127.0.0.1:58758 - "GET /api/investigations/85e55855-5ed5-46bf-b651-192a9a01fe6a HTTP/1.1" 200 OK
2026-03-02 13:06:05,296 INFO sqlalchemy.engine.Engine COMMIT
2026-03-02 13:06:05,311 INFO sqlalchemy.engine.Engine BEGIN (implicit)
2026-03-02 13:06:05,313 INFO sqlalchemy.engine.Engine SELECT evidence.id, evidence.investigation_id, evidence.evidence_json, evidence.signals, evidence.data_gaps, evidence.external_context, evidence.created_at 
FROM evidence 
WHERE evidence.investigation_id = $1::UUID
2026-03-02 13:06:05,314 INFO sqlalchemy.engine.Engine [cached since 9.959s ago] (UUID('85e55855-5ed5-46bf-b651-192a9a01fe6a'),)
2026-03-02 13:06:05,319 INFO sqlalchemy.engine.Engine ROLLBACK
INFO:     127.0.0.1:58809 - "GET /api/investigations/85e55855-5ed5-46bf-b651-192a9a01fe6a/evidence HTTP/1.1" 404 Not Found
2026-03-02 13:06:05,335 INFO sqlalchemy.engine.Engine BEGIN (implicit)
2026-03-02 13:06:05,337 INFO sqlalchemy.engine.Engine SELECT reports.id, reports.investigation_id, reports.iteration, reports.report_json, reports.executive_summary, reports.technical_narrative, reports.recommendations, reports.created_at 
FROM reports 
WHERE reports.investigation_id = $1::UUID ORDER BY reports.iteration DESC 
 LIMIT $2::INTEGER
2026-03-02 13:06:05,339 INFO sqlalchemy.engine.Engine [cached since 9.953s ago] (UUID('85e55855-5ed5-46bf-b651-192a9a01fe6a'), 1)
2026-03-02 13:06:05,344 INFO sqlalchemy.engine.Engine ROLLBACK
INFO:     127.0.0.1:56233 - "GET /api/investigations/85e55855-5ed5-46bf-b651-192a9a01fe6a/report HTTP/1.1" 404 Not Found
2026-03-02 13:06:10,302 INFO sqlalchemy.engine.Engine BEGIN (implicit)
2026-03-02 13:06:10,306 INFO sqlalchemy.engine.Engine SELECT investigations.id, investigations.domain, investigations.observable_type, investigations.state, investigations.context, investigations.client_domain, investigations.batch_id, investigations.created_at, investigations.updated_at, investigations.concluded_at, investigations.classification, investigations.confidence, investigations.risk_score, investigations.recommended_action, investigations.analyst_iterations, investigations.max_analyst_iterations 
FROM investigations 
WHERE investigations.id = $1::UUID
2026-03-02 13:06:10,307 INFO sqlalchemy.engine.Engine [cached since 14.98s ago] (UUID('85e55855-5ed5-46bf-b651-192a9a01fe6a'),)
INFO:     127.0.0.1:59923 - "GET /api/investigations/85e55855-5ed5-46bf-b651-192a9a01fe6a HTTP/1.1" 200 OK
2026-03-02 13:06:10,323 INFO sqlalchemy.engine.Engine COMMIT
2026-03-02 13:06:10,416 INFO sqlalchemy.engine.Engine BEGIN (implicit)
2026-03-02 13:06:10,420 INFO sqlalchemy.engine.Engine SELECT evidence.id, evidence.investigation_id, evidence.evidence_json, evidence.signals, evidence.data_gaps, evidence.external_context, evidence.created_at 
FROM evidence 
WHERE evidence.investigation_id = $1::UUID
2026-03-02 13:06:10,421 INFO sqlalchemy.engine.Engine [cached since 15.07s ago] (UUID('85e55855-5ed5-46bf-b651-192a9a01fe6a'),)
2026-03-02 13:06:10,439 INFO sqlalchemy.engine.Engine ROLLBACK
INFO:     127.0.0.1:62938 - "GET /api/investigations/85e55855-5ed5-46bf-b651-192a9a01fe6a/evidence HTTP/1.1" 404 Not Found
2026-03-02 13:06:10,463 INFO sqlalchemy.engine.Engine BEGIN (implicit)
2026-03-02 13:06:10,465 INFO sqlalchemy.engine.Engine SELECT reports.id, reports.investigation_id, reports.iteration, reports.report_json, reports.executive_summary, reports.technical_narrative, reports.recommendations, reports.created_at 
FROM reports 
WHERE reports.investigation_id = $1::UUID ORDER BY reports.iteration DESC 
 LIMIT $2::INTEGER
2026-03-02 13:06:10,466 INFO sqlalchemy.engine.Engine [cached since 15.08s ago] (UUID('85e55855-5ed5-46bf-b651-192a9a01fe6a'), 1)
2026-03-02 13:06:10,471 INFO sqlalchemy.engine.Engine ROLLBACK
INFO:     127.0.0.1:51504 - "GET /api/investigations/85e55855-5ed5-46bf-b651-192a9a01fe6a/report HTTP/1.1" 404 Not Found
2026-03-02 13:06:15,268 INFO sqlalchemy.engine.Engine BEGIN (implicit)
2026-03-02 13:06:15,270 INFO sqlalchemy.engine.Engine SELECT investigations.id, investigations.domain, investigations.observable_type, investigations.state, investigations.context, investigations.client_domain, investigations.batch_id, investigations.created_at, investigations.updated_at, investigations.concluded_at, investigations.classification, investigations.confidence, investigations.risk_score, investigations.recommended_action, investigations.analyst_iterations, investigations.max_analyst_iterations 
FROM investigations 
WHERE investigations.id = $1::UUID
2026-03-02 13:06:15,271 INFO sqlalchemy.engine.Engine [cached since 19.95s ago] (UUID('85e55855-5ed5-46bf-b651-192a9a01fe6a'),)
INFO:     127.0.0.1:54441 - "GET /api/investigations/85e55855-5ed5-46bf-b651-192a9a01fe6a HTTP/1.1" 200 OK
2026-03-02 13:06:15,280 INFO sqlalchemy.engine.Engine COMMIT
2026-03-02 13:06:15,293 INFO sqlalchemy.engine.Engine BEGIN (implicit)
2026-03-02 13:06:15,295 INFO sqlalchemy.engine.Engine SELECT evidence.id, evidence.investigation_id, evidence.evidence_json, evidence.signals, evidence.data_gaps, evidence.external_context, evidence.created_at 
FROM evidence 
WHERE evidence.investigation_id = $1::UUID
2026-03-02 13:06:15,297 INFO sqlalchemy.engine.Engine [cached since 19.94s ago] (UUID('85e55855-5ed5-46bf-b651-192a9a01fe6a'),)
2026-03-02 13:06:15,301 INFO sqlalchemy.engine.Engine ROLLBACK
INFO:     127.0.0.1:58190 - "GET /api/investigations/85e55855-5ed5-46bf-b651-192a9a01fe6a/evidence HTTP/1.1" 404 Not Found
2026-03-02 13:06:15,319 INFO sqlalchemy.engine.Engine BEGIN (implicit)
2026-03-02 13:06:15,321 INFO sqlalchemy.engine.Engine SELECT reports.id, reports.investigation_id, reports.iteration, reports.report_json, reports.executive_summary, reports.technical_narrative, reports.recommendations, reports.created_at 
FROM reports 
WHERE reports.investigation_id = $1::UUID ORDER BY reports.iteration DESC 
 LIMIT $2::INTEGER
2026-03-02 13:06:15,323 INFO sqlalchemy.engine.Engine [cached since 19.94s ago] (UUID('85e55855-5ed5-46bf-b651-192a9a01fe6a'), 1)
2026-03-02 13:06:15,329 INFO sqlalchemy.engine.Engine ROLLBACK
INFO:     127.0.0.1:55034 - "GET /api/investigations/85e55855-5ed5-46bf-b651-192a9a01fe6a/report HTTP/1.1" 404 Not Found
2026-03-02 13:06:15,963 INFO sqlalchemy.engine.Engine BEGIN (implicit)
2026-03-02 13:06:15,968 INFO sqlalchemy.engine.Engine SELECT investigations.id, investigations.domain, investigations.observable_type, investigations.state, investigations.context, investigations.client_domain, investigations.batch_id, investigations.created_at, investigations.updated_at, investigations.concluded_at, investigations.classification, investigations.confidence, investigations.risk_score, investigations.recommended_action, investigations.analyst_iterations, investigations.max_analyst_iterations 
FROM investigations 
WHERE investigations.id = $1::UUID
2026-03-02 13:06:15,969 INFO sqlalchemy.engine.Engine [cached since 20.64s ago] (UUID('85e55855-5ed5-46bf-b651-192a9a01fe6a'),)
INFO:     127.0.0.1:53610 - "GET /api/investigations/85e55855-5ed5-46bf-b651-192a9a01fe6a HTTP/1.1" 200 OK
2026-03-02 13:06:15,977 INFO sqlalchemy.engine.Engine COMMIT
2026-03-02 13:06:15,996 INFO sqlalchemy.engine.Engine BEGIN (implicit)
2026-03-02 13:06:15,999 INFO sqlalchemy.engine.Engine SELECT evidence.id, evidence.investigation_id, evidence.evidence_json, evidence.signals, evidence.data_gaps, evidence.external_context, evidence.created_at 
FROM evidence 
WHERE evidence.investigation_id = $1::UUID
2026-03-02 13:06:15,999 INFO sqlalchemy.engine.Engine [cached since 20.64s ago] (UUID('85e55855-5ed5-46bf-b651-192a9a01fe6a'),)
2026-03-02 13:06:16,003 INFO sqlalchemy.engine.Engine ROLLBACK
INFO:     127.0.0.1:59315 - "GET /api/investigations/85e55855-5ed5-46bf-b651-192a9a01fe6a/evidence HTTP/1.1" 404 Not Found
2026-03-02 13:06:16,025 INFO sqlalchemy.engine.Engine BEGIN (implicit)
2026-03-02 13:06:16,027 INFO sqlalchemy.engine.Engine SELECT reports.id, reports.investigation_id, reports.iteration, reports.report_json, reports.executive_summary, reports.technical_narrative, reports.recommendations, reports.created_at 
FROM reports 
WHERE reports.investigation_id = $1::UUID ORDER BY reports.iteration DESC 
 LIMIT $2::INTEGER
2026-03-02 13:06:16,028 INFO sqlalchemy.engine.Engine [cached since 20.64s ago] (UUID('85e55855-5ed5-46bf-b651-192a9a01fe6a'), 1)
2026-03-02 13:06:16,032 INFO sqlalchemy.engine.Engine ROLLBACK
INFO:     127.0.0.1:62446 - "GET /api/investigations/85e55855-5ed5-46bf-b651-192a9a01fe6a/report HTTP/1.1" 404 Not Found
2026-03-02 13:06:16,498 INFO sqlalchemy.engine.Engine BEGIN (implicit)
2026-03-02 13:06:16,501 INFO sqlalchemy.engine.Engine SELECT investigations.id, investigations.domain, investigations.observable_type, investigations.state, investigations.context, investigations.client_domain, investigations.batch_id, investigations.created_at, investigations.updated_at, investigations.concluded_at, investigations.classification, investigations.confidence, investigations.risk_score, investigations.recommended_action, investigations.analyst_iterations, investigations.max_analyst_iterations 
FROM investigations 
WHERE investigations.id = $1::UUID
2026-03-02 13:06:16,503 INFO sqlalchemy.engine.Engine [cached since 21.18s ago] (UUID('85e55855-5ed5-46bf-b651-192a9a01fe6a'),)
INFO:     127.0.0.1:53226 - "GET /api/investigations/85e55855-5ed5-46bf-b651-192a9a01fe6a HTTP/1.1" 200 OK
2026-03-02 13:06:16,510 INFO sqlalchemy.engine.Engine COMMIT
2026-03-02 13:06:16,526 INFO sqlalchemy.engine.Engine BEGIN (implicit)
2026-03-02 13:06:16,530 INFO sqlalchemy.engine.Engine SELECT evidence.id, evidence.investigation_id, evidence.evidence_json, evidence.signals, evidence.data_gaps, evidence.external_context, evidence.created_at 
FROM evidence 
WHERE evidence.investigation_id = $1::UUID
2026-03-02 13:06:16,531 INFO sqlalchemy.engine.Engine [cached since 21.18s ago] (UUID('85e55855-5ed5-46bf-b651-192a9a01fe6a'),)
2026-03-02 13:06:16,536 INFO sqlalchemy.engine.Engine ROLLBACK
INFO:     127.0.0.1:60189 - "GET /api/investigations/85e55855-5ed5-46bf-b651-192a9a01fe6a/evidence HTTP/1.1" 404 Not Found
2026-03-02 13:06:16,552 INFO sqlalchemy.engine.Engine BEGIN (implicit)
2026-03-02 13:06:16,555 INFO sqlalchemy.engine.Engine SELECT reports.id, reports.investigation_id, reports.iteration, reports.report_json, reports.executive_summary, reports.technical_narrative, reports.recommendations, reports.created_at 
FROM reports 
WHERE reports.investigation_id = $1::UUID ORDER BY reports.iteration DESC 
 LIMIT $2::INTEGER
2026-03-02 13:06:16,556 INFO sqlalchemy.engine.Engine [cached since 21.17s ago] (UUID('85e55855-5ed5-46bf-b651-192a9a01fe6a'), 1)
2026-03-02 13:06:16,560 INFO sqlalchemy.engine.Engine ROLLBACK
INFO:     127.0.0.1:62801 - "GET /api/investigations/85e55855-5ed5-46bf-b651-192a9a01fe6a/report HTTP/1.1" 404 Not Found
2026-03-02 13:06:18,731 INFO sqlalchemy.engine.Engine BEGIN (implicit)
2026-03-02 13:06:18,737 INFO sqlalchemy.engine.Engine SELECT investigations.id, investigations.domain, investigations.observable_type, investigations.state, investigations.context, investigations.client_domain, investigations.batch_id, investigations.created_at, investigations.updated_at, investigations.concluded_at, investigations.classification, investigations.confidence, investigations.risk_score, investigations.recommended_action, investigations.analyst_iterations, investigations.max_analyst_iterations 
FROM investigations ORDER BY investigations.created_at DESC 
 LIMIT $1::INTEGER OFFSET $2::INTEGER
2026-03-02 13:06:18,738 INFO sqlalchemy.engine.Engine [generated in 0.00101s] (10, 0)
2026-03-02 13:06:18,743 INFO sqlalchemy.engine.Engine BEGIN (implicit)
2026-03-02 13:06:18,747 INFO sqlalchemy.engine.Engine SELECT count(investigations.id) AS count_1 
FROM investigations
2026-03-02 13:06:18,748 INFO sqlalchemy.engine.Engine [generated in 0.00105s] ()
2026-03-02 13:06:18,751 INFO sqlalchemy.engine.Engine SELECT count(investigations.id) AS count_1 
FROM investigations
2026-03-02 13:06:18,753 INFO sqlalchemy.engine.Engine [cached since 0.00549s ago] ()
2026-03-02 13:06:18,759 INFO sqlalchemy.engine.Engine SELECT investigations.classification, count(*) AS count 
FROM investigations 
WHERE investigations.state = $1::VARCHAR AND investigations.classification IS NOT NULL GROUP BY investigations.classification
2026-03-02 13:06:18,760 INFO sqlalchemy.engine.Engine [generated in 0.00217s] ('concluded',)
INFO:     127.0.0.1:58133 - "GET /api/investigations?limit=10 HTTP/1.1" 200 OK
2026-03-02 13:06:18,765 INFO sqlalchemy.engine.Engine COMMIT
2026-03-02 13:06:18,779 INFO sqlalchemy.engine.Engine SELECT CASE WHEN (investigations.risk_score <= $1::INTEGER) THEN $2::VARCHAR WHEN (investigations.risk_score <= $3::INTEGER) THEN $4::VARCHAR WHEN (investigations.risk_score <= $5::INTEGER) THEN $6::VARCHAR WHEN (investigations.risk_score <= $7::INTEGER) THEN $8::VARCHAR ELSE $9::VARCHAR END AS bucket, count(*) AS count 
FROM investigations 
WHERE investigations.state = $10::VARCHAR AND investigations.risk_score IS NOT NULL GROUP BY bucket
2026-03-02 13:06:18,782 INFO sqlalchemy.engine.Engine [generated in 0.00291s] (20, '0-20', 40, '21-40', 60, '41-60', 80, '61-80', '81-100', 'concluded')
2026-03-02 13:06:18,798 INFO sqlalchemy.engine.Engine SELECT date_trunc($1::VARCHAR, investigations.created_at) AS day, investigations.classification, count(*) AS count 
FROM investigations 
WHERE investigations.created_at >= $2::TIMESTAMP WITH TIME ZONE AND investigations.state = $3::VARCHAR GROUP BY day, investigations.classification ORDER BY day
2026-03-02 13:06:18,803 INFO sqlalchemy.engine.Engine [generated in 0.00537s] ('day', datetime.datetime(2026, 1, 31, 11, 6, 18, 792829, tzinfo=datetime.timezone.utc), 'concluded')
2026-03-02 13:06:18,808 INFO sqlalchemy.engine.Engine BEGIN (implicit)
2026-03-02 13:06:18,812 INFO sqlalchemy.engine.Engine SELECT investigations.id, investigations.domain, investigations.observable_type, investigations.state, investigations.context, investigations.client_domain, investigations.batch_id, investigations.created_at, investigations.updated_at, investigations.concluded_at, investigations.classification, investigations.confidence, investigations.risk_score, investigations.recommended_action, investigations.analyst_iterations, investigations.max_analyst_iterations 
FROM investigations ORDER BY investigations.created_at DESC 
 LIMIT $1::INTEGER OFFSET $2::INTEGER
2026-03-02 13:06:18,815 INFO sqlalchemy.engine.Engine [cached since 0.07769s ago] (10, 0)
2026-03-02 13:06:18,825 INFO sqlalchemy.engine.Engine 
                SELECT
                    e.evidence_json->$1->>$2 AS field_value,
                    COUNT(*) AS count
                FROM evidence e
                JOIN investigations i ON i.id = e.investigation_id
                WHERE i.classification = ANY($3)
                  AND i.state = 'concluded'
                  AND e.evidence_json->$1->>$2 IS NOT NULL
                  AND e.evidence_json->$1->>$2 != ''
                GROUP BY field_value
                ORDER BY count DESC
                LIMIT $4
            
2026-03-02 13:06:18,827 INFO sqlalchemy.engine.Engine [generated in 0.00253s] ('whois', 'registrar', ['malicious', 'suspicious'], 10)
2026-03-02 13:06:18,831 INFO sqlalchemy.engine.Engine SELECT count(investigations.id) AS count_1 
FROM investigations
2026-03-02 13:06:18,833 INFO sqlalchemy.engine.Engine [cached since 0.08597s ago] ()
INFO:     127.0.0.1:58135 - "GET /api/investigations?limit=10 HTTP/1.1" 200 OK
2026-03-02 13:06:18,840 INFO sqlalchemy.engine.Engine COMMIT
2026-03-02 13:06:18,844 INFO sqlalchemy.engine.Engine 
                SELECT
                    e.evidence_json->$1->>$2 AS field_value,
                    COUNT(*) AS count
                FROM evidence e
                JOIN investigations i ON i.id = e.investigation_id
                WHERE i.classification = ANY($3)
                  AND i.state = 'concluded'
                  AND e.evidence_json->$1->>$2 IS NOT NULL
                  AND e.evidence_json->$1->>$2 != ''
                GROUP BY field_value
                ORDER BY count DESC
                LIMIT $4
            
2026-03-02 13:06:18,845 INFO sqlalchemy.engine.Engine [cached since 0.02088s ago] ('hosting', 'asn_org', ['malicious', 'suspicious'], 10)
2026-03-02 13:06:18,853 INFO sqlalchemy.engine.Engine SELECT investigations.id, investigations.domain, investigations.risk_score, investigations.classification, investigations.created_at 
FROM investigations 
WHERE investigations.classification = $1::VARCHAR ORDER BY investigations.created_at DESC 
 LIMIT $2::INTEGER
2026-03-02 13:06:18,855 INFO sqlalchemy.engine.Engine [generated in 0.00265s] ('malicious', 10)
INFO:     127.0.0.1:58134 - "GET /api/dashboard/stats HTTP/1.1" 200 OK
2026-03-02 13:06:18,867 INFO sqlalchemy.engine.Engine COMMIT
2026-03-02 13:06:18,892 INFO sqlalchemy.engine.Engine BEGIN (implicit)
2026-03-02 13:06:18,895 INFO sqlalchemy.engine.Engine SELECT count(investigations.id) AS count_1 
FROM investigations
2026-03-02 13:06:18,897 INFO sqlalchemy.engine.Engine [cached since 0.1496s ago] ()
2026-03-02 13:06:18,903 INFO sqlalchemy.engine.Engine SELECT investigations.classification, count(*) AS count 
FROM investigations 
WHERE investigations.state = $1::VARCHAR AND investigations.classification IS NOT NULL GROUP BY investigations.classification
2026-03-02 13:06:18,904 INFO sqlalchemy.engine.Engine [cached since 0.1457s ago] ('concluded',)
2026-03-02 13:06:18,911 INFO sqlalchemy.engine.Engine SELECT CASE WHEN (investigations.risk_score <= $1::INTEGER) THEN $2::VARCHAR WHEN (investigations.risk_score <= $3::INTEGER) THEN $4::VARCHAR WHEN (investigations.risk_score <= $5::INTEGER) THEN $6::VARCHAR WHEN (investigations.risk_score <= $7::INTEGER) THEN $8::VARCHAR ELSE $9::VARCHAR END AS bucket, count(*) AS count 
FROM investigations 
WHERE investigations.state = $10::VARCHAR AND investigations.risk_score IS NOT NULL GROUP BY bucket
2026-03-02 13:06:18,913 INFO sqlalchemy.engine.Engine [cached since 0.1344s ago] (20, '0-20', 40, '21-40', 60, '41-60', 80, '61-80', '81-100', 'concluded')
2026-03-02 13:06:18,920 INFO sqlalchemy.engine.Engine SELECT date_trunc($1::VARCHAR, investigations.created_at) AS day, investigations.classification, count(*) AS count 
FROM investigations 
WHERE investigations.created_at >= $2::TIMESTAMP WITH TIME ZONE AND investigations.state = $3::VARCHAR GROUP BY day, investigations.classification ORDER BY day
2026-03-02 13:06:18,921 INFO sqlalchemy.engine.Engine [cached since 0.1238s ago] ('day', datetime.datetime(2026, 1, 31, 11, 6, 18, 919410, tzinfo=datetime.timezone.utc), 'concluded')
2026-03-02 13:06:18,929 INFO sqlalchemy.engine.Engine 
                SELECT
                    e.evidence_json->$1->>$2 AS field_value,
                    COUNT(*) AS count
                FROM evidence e
                JOIN investigations i ON i.id = e.investigation_id
                WHERE i.classification = ANY($3)
                  AND i.state = 'concluded'
                  AND e.evidence_json->$1->>$2 IS NOT NULL
                  AND e.evidence_json->$1->>$2 != ''
                GROUP BY field_value
                ORDER BY count DESC
                LIMIT $4
            
2026-03-02 13:06:18,930 INFO sqlalchemy.engine.Engine [cached since 0.1049s ago] ('whois', 'registrar', ['malicious', 'suspicious'], 10)
2026-03-02 13:06:18,937 INFO sqlalchemy.engine.Engine 
                SELECT
                    e.evidence_json->$1->>$2 AS field_value,
                    COUNT(*) AS count
                FROM evidence e
                JOIN investigations i ON i.id = e.investigation_id
                WHERE i.classification = ANY($3)
                  AND i.state = 'concluded'
                  AND e.evidence_json->$1->>$2 IS NOT NULL
                  AND e.evidence_json->$1->>$2 != ''
                GROUP BY field_value
                ORDER BY count DESC
                LIMIT $4
            
2026-03-02 13:06:18,938 INFO sqlalchemy.engine.Engine [cached since 0.1131s ago] ('hosting', 'asn_org', ['malicious', 'suspicious'], 10)
2026-03-02 13:06:18,943 INFO sqlalchemy.engine.Engine SELECT investigations.id, investigations.domain, investigations.risk_score, investigations.classification, investigations.created_at 
FROM investigations 
WHERE investigations.classification = $1::VARCHAR ORDER BY investigations.created_at DESC 
 LIMIT $2::INTEGER
2026-03-02 13:06:18,944 INFO sqlalchemy.engine.Engine [cached since 0.09107s ago] ('malicious', 10)
INFO:     127.0.0.1:58136 - "GET /api/dashboard/stats HTTP/1.1" 200 OK
2026-03-02 13:06:18,951 INFO sqlalchemy.engine.Engine COMMIT
2026-03-02 13:06:26,776 INFO sqlalchemy.engine.Engine BEGIN (implicit)
2026-03-02 13:06:26,780 INFO sqlalchemy.engine.Engine SELECT investigations.id, investigations.domain, investigations.observable_type, investigations.state, investigations.context, investigations.client_domain, investigations.batch_id, investigations.created_at, investigations.updated_at, investigations.concluded_at, investigations.classification, investigations.confidence, investigations.risk_score, investigations.recommended_action, investigations.analyst_iterations, investigations.max_analyst_iterations 
FROM investigations 
WHERE investigations.state = $1::VARCHAR AND investigations.domain ILIKE $2::VARCHAR AND investigations.observable_type = $3::VARCHAR ORDER BY investigations.created_at DESC 
 LIMIT $4::INTEGER OFFSET $5::INTEGER
2026-03-02 13:06:26,782 INFO sqlalchemy.engine.Engine [generated in 0.00078s] ('concluded', '%adidas-samba.de%', 'domain', 10, 0)
2026-03-02 13:06:26,788 INFO sqlalchemy.engine.Engine SELECT count(investigations.id) AS count_1 
FROM investigations 
WHERE investigations.state = $1::VARCHAR AND investigations.domain ILIKE $2::VARCHAR AND investigations.observable_type = $3::VARCHAR
2026-03-02 13:06:26,789 INFO sqlalchemy.engine.Engine [generated in 0.00134s] ('concluded', '%adidas-samba.de%', 'domain')
INFO:     127.0.0.1:58918 - "GET /api/investigations?limit=10&state=concluded&search=adidas-samba.de&observable_type=domain HTTP/1.1" 200 OK
2026-03-02 13:06:26,796 INFO sqlalchemy.engine.Engine COMMIT
2026-03-02 13:06:26,811 INFO sqlalchemy.engine.Engine BEGIN (implicit)
2026-03-02 13:06:26,815 INFO sqlalchemy.engine.Engine SELECT clients.id, clients.name, clients.domain, clients.aliases, clients.brand_keywords, clients.contact_email, clients.notes, clients.status, clients.created_at, clients.alert_count, clients.last_alert_at, clients.default_collectors 
FROM clients 
WHERE clients.status = $1::VARCHAR
2026-03-02 13:06:26,817 INFO sqlalchemy.engine.Engine [generated in 0.00089s] ('active',)
2026-03-02 13:06:26,828 INFO sqlalchemy.engine.Engine INSERT INTO investigations (id, domain, observable_type, state, context, client_domain, batch_id, updated_at, concluded_at, classification, confidence, risk_score, recommended_action, analyst_iterations, max_analyst_iterations) VALUES ($1::UUID, $2::VARCHAR, $3::VARCHAR, $4::VARCHAR, $5::VARCHAR, $6::VARCHAR, $7::UUID, $8::TIMESTAMP WITH TIME ZONE, $9::TIMESTAMP WITH TIME ZONE, $10::VARCHAR, $11::VARCHAR, $12::INTEGER, $13::VARCHAR, $14::INTEGER, $15::INTEGER) RETURNING investigations.created_at
2026-03-02 13:06:26,830 INFO sqlalchemy.engine.Engine [generated in 0.00197s] (UUID('1179db9d-81d9-466d-84c1-01d8e2530c40'), 'adidas-samba.de', 'domain', 'created', None, None, None, None, None, None, None, None, None, 0, 1)
2026-03-02 13:06:26,834 INFO sqlalchemy.engine.Engine COMMIT
INFO:     127.0.0.1:53311 - "POST /api/investigations HTTP/1.1" 200 OK
2026-03-02 13:06:27,194 INFO sqlalchemy.engine.Engine BEGIN (implicit)
2026-03-02 13:06:27,199 INFO sqlalchemy.engine.Engine SELECT investigations.id, investigations.domain, investigations.observable_type, investigations.state, investigations.context, investigations.client_domain, investigations.batch_id, investigations.created_at, investigations.updated_at, investigations.concluded_at, investigations.classification, investigations.confidence, investigations.risk_score, investigations.recommended_action, investigations.analyst_iterations, investigations.max_analyst_iterations 
FROM investigations 
WHERE investigations.id = $1::UUID
2026-03-02 13:06:27,200 INFO sqlalchemy.engine.Engine [cached since 31.87s ago] (UUID('1179db9d-81d9-466d-84c1-01d8e2530c40'),)
INFO:     127.0.0.1:63201 - "GET /api/investigations/1179db9d-81d9-466d-84c1-01d8e2530c40/status HTTP/1.1" 200 OK
INFO:     127.0.0.1:63200 - "GET /api/investigations/1179db9d-81d9-466d-84c1-01d8e2530c40 HTTP/1.1" 200 OK
2026-03-02 13:06:27,210 INFO sqlalchemy.engine.Engine COMMIT
2026-03-02 13:06:27,216 INFO sqlalchemy.engine.Engine BEGIN (implicit)
2026-03-02 13:06:27,218 INFO sqlalchemy.engine.Engine SELECT investigations.id, investigations.domain, investigations.observable_type, investigations.state, investigations.context, investigations.client_domain, investigations.batch_id, investigations.created_at, investigations.updated_at, investigations.concluded_at, investigations.classification, investigations.confidence, investigations.risk_score, investigations.recommended_action, investigations.analyst_iterations, investigations.max_analyst_iterations 
FROM investigations 
WHERE investigations.id = $1::UUID
2026-03-02 13:06:27,219 INFO sqlalchemy.engine.Engine [cached since 31.89s ago] (UUID('1179db9d-81d9-466d-84c1-01d8e2530c40'),)
2026-03-02 13:06:27,225 INFO sqlalchemy.engine.Engine ROLLBACK
2026-03-02 13:06:27,229 INFO sqlalchemy.engine.Engine BEGIN (implicit)
2026-03-02 13:06:27,231 INFO sqlalchemy.engine.Engine SELECT investigations.id, investigations.domain, investigations.observable_type, investigations.state, investigations.context, investigations.client_domain, investigations.batch_id, investigations.created_at, investigations.updated_at, investigations.concluded_at, investigations.classification, investigations.confidence, investigations.risk_score, investigations.recommended_action, investigations.analyst_iterations, investigations.max_analyst_iterations 
FROM investigations 
WHERE investigations.id = $1::UUID
2026-03-02 13:06:27,232 INFO sqlalchemy.engine.Engine [cached since 31.91s ago] (UUID('1179db9d-81d9-466d-84c1-01d8e2530c40'),)
INFO:     127.0.0.1:62416 - "GET /api/investigations/1179db9d-81d9-466d-84c1-01d8e2530c40 HTTP/1.1" 200 OK
2026-03-02 13:06:27,241 INFO sqlalchemy.engine.Engine COMMIT
2026-03-02 13:06:27,245 INFO sqlalchemy.engine.Engine BEGIN (implicit)
2026-03-02 13:06:27,246 INFO sqlalchemy.engine.Engine SELECT evidence.id, evidence.investigation_id, evidence.evidence_json, evidence.signals, evidence.data_gaps, evidence.external_context, evidence.created_at 
FROM evidence 
WHERE evidence.investigation_id = $1::UUID
2026-03-02 13:06:27,248 INFO sqlalchemy.engine.Engine [cached since 31.89s ago] (UUID('1179db9d-81d9-466d-84c1-01d8e2530c40'),)
2026-03-02 13:06:27,254 INFO sqlalchemy.engine.Engine ROLLBACK
2026-03-02 13:06:27,257 INFO sqlalchemy.engine.Engine BEGIN (implicit)
2026-03-02 13:06:27,259 INFO sqlalchemy.engine.Engine SELECT investigations.id, investigations.domain, investigations.observable_type, investigations.state, investigations.context, investigations.client_domain, investigations.batch_id, investigations.created_at, investigations.updated_at, investigations.concluded_at, investigations.classification, investigations.confidence, investigations.risk_score, investigations.recommended_action, investigations.analyst_iterations, investigations.max_analyst_iterations 
FROM investigations 
WHERE investigations.id = $1::UUID
2026-03-02 13:06:27,260 INFO sqlalchemy.engine.Engine [cached since 31.93s ago] (UUID('1179db9d-81d9-466d-84c1-01d8e2530c40'),)
INFO:     127.0.0.1:49673 - "GET /api/investigations/1179db9d-81d9-466d-84c1-01d8e2530c40/evidence HTTP/1.1" 404 Not Found
INFO:     127.0.0.1:54761 - "GET /api/investigations/1179db9d-81d9-466d-84c1-01d8e2530c40 HTTP/1.1" 200 OK
2026-03-02 13:06:27,268 INFO sqlalchemy.engine.Engine COMMIT
2026-03-02 13:06:27,280 INFO sqlalchemy.engine.Engine BEGIN (implicit)
2026-03-02 13:06:27,281 INFO sqlalchemy.engine.Engine SELECT evidence.id, evidence.investigation_id, evidence.evidence_json, evidence.signals, evidence.data_gaps, evidence.external_context, evidence.created_at 
FROM evidence 
WHERE evidence.investigation_id = $1::UUID
2026-03-02 13:06:27,283 INFO sqlalchemy.engine.Engine [cached since 31.93s ago] (UUID('1179db9d-81d9-466d-84c1-01d8e2530c40'),)
2026-03-02 13:06:27,291 INFO sqlalchemy.engine.Engine ROLLBACK
2026-03-02 13:06:27,293 INFO sqlalchemy.engine.Engine BEGIN (implicit)
2026-03-02 13:06:27,294 INFO sqlalchemy.engine.Engine SELECT reports.id, reports.investigation_id, reports.iteration, reports.report_json, reports.executive_summary, reports.technical_narrative, reports.recommendations, reports.created_at 
FROM reports 
WHERE reports.investigation_id = $1::UUID ORDER BY reports.iteration DESC 
 LIMIT $2::INTEGER
2026-03-02 13:06:27,295 INFO sqlalchemy.engine.Engine [cached since 31.91s ago] (UUID('1179db9d-81d9-466d-84c1-01d8e2530c40'), 1)
INFO:     127.0.0.1:55240 - "GET /api/investigations/1179db9d-81d9-466d-84c1-01d8e2530c40/evidence HTTP/1.1" 404 Not Found
2026-03-02 13:06:27,305 INFO sqlalchemy.engine.Engine ROLLBACK
INFO:     127.0.0.1:63976 - "GET /api/investigations/1179db9d-81d9-466d-84c1-01d8e2530c40/report HTTP/1.1" 404 Not Found
2026-03-02 13:06:27,326 INFO sqlalchemy.engine.Engine BEGIN (implicit)
2026-03-02 13:06:27,330 INFO sqlalchemy.engine.Engine SELECT evidence.id, evidence.investigation_id, evidence.evidence_json, evidence.signals, evidence.data_gaps, evidence.external_context, evidence.created_at 
FROM evidence 
WHERE evidence.investigation_id = $1::UUID
2026-03-02 13:06:27,332 INFO sqlalchemy.engine.Engine [cached since 31.98s ago] (UUID('1179db9d-81d9-466d-84c1-01d8e2530c40'),)
2026-03-02 13:06:27,341 INFO sqlalchemy.engine.Engine BEGIN (implicit)
2026-03-02 13:06:27,343 INFO sqlalchemy.engine.Engine SELECT reports.id, reports.investigation_id, reports.iteration, reports.report_json, reports.executive_summary, reports.technical_narrative, reports.recommendations, reports.created_at 
FROM reports 
WHERE reports.investigation_id = $1::UUID ORDER BY reports.iteration DESC 
 LIMIT $2::INTEGER
2026-03-02 13:06:27,344 INFO sqlalchemy.engine.Engine [cached since 31.96s ago] (UUID('1179db9d-81d9-466d-84c1-01d8e2530c40'), 1)
2026-03-02 13:06:27,346 INFO sqlalchemy.engine.Engine ROLLBACK
INFO:     127.0.0.1:56610 - "GET /api/investigations/1179db9d-81d9-466d-84c1-01d8e2530c40/evidence HTTP/1.1" 404 Not Found
2026-03-02 13:06:27,357 INFO sqlalchemy.engine.Engine ROLLBACK
INFO:     127.0.0.1:62236 - "GET /api/investigations/1179db9d-81d9-466d-84c1-01d8e2530c40/report HTTP/1.1" 404 Not Found
2026-03-02 13:06:27,389 INFO sqlalchemy.engine.Engine BEGIN (implicit)
2026-03-02 13:06:27,392 INFO sqlalchemy.engine.Engine SELECT reports.id, reports.investigation_id, reports.iteration, reports.report_json, reports.executive_summary, reports.technical_narrative, reports.recommendations, reports.created_at 
FROM reports 
WHERE reports.investigation_id = $1::UUID ORDER BY reports.iteration DESC 
 LIMIT $2::INTEGER
2026-03-02 13:06:27,394 INFO sqlalchemy.engine.Engine [cached since 32.01s ago] (UUID('1179db9d-81d9-466d-84c1-01d8e2530c40'), 1)
2026-03-02 13:06:27,402 INFO sqlalchemy.engine.Engine ROLLBACK
INFO:     127.0.0.1:62054 - "GET /api/investigations/1179db9d-81d9-466d-84c1-01d8e2530c40/report HTTP/1.1" 404 Not Found
2026-03-02 13:06:32,242 INFO sqlalchemy.engine.Engine BEGIN (implicit)
2026-03-02 13:06:32,244 INFO sqlalchemy.engine.Engine SELECT investigations.id, investigations.domain, investigations.observable_type, investigations.state, investigations.context, investigations.client_domain, investigations.batch_id, investigations.created_at, investigations.updated_at, investigations.concluded_at, investigations.classification, investigations.confidence, investigations.risk_score, investigations.recommended_action, investigations.analyst_iterations, investigations.max_analyst_iterations 
FROM investigations 
WHERE investigations.id = $1::UUID
2026-03-02 13:06:32,245 INFO sqlalchemy.engine.Engine [cached since 36.92s ago] (UUID('1179db9d-81d9-466d-84c1-01d8e2530c40'),)
INFO:     127.0.0.1:55979 - "GET /api/investigations/1179db9d-81d9-466d-84c1-01d8e2530c40 HTTP/1.1" 200 OK
2026-03-02 13:06:32,251 INFO sqlalchemy.engine.Engine COMMIT
2026-03-02 13:06:32,265 INFO sqlalchemy.engine.Engine BEGIN (implicit)
2026-03-02 13:06:32,267 INFO sqlalchemy.engine.Engine SELECT evidence.id, evidence.investigation_id, evidence.evidence_json, evidence.signals, evidence.data_gaps, evidence.external_context, evidence.created_at 
FROM evidence 
WHERE evidence.investigation_id = $1::UUID
2026-03-02 13:06:32,268 INFO sqlalchemy.engine.Engine [cached since 36.91s ago] (UUID('1179db9d-81d9-466d-84c1-01d8e2530c40'),)
2026-03-02 13:06:32,271 INFO sqlalchemy.engine.Engine ROLLBACK
INFO:     127.0.0.1:57877 - "GET /api/investigations/1179db9d-81d9-466d-84c1-01d8e2530c40/evidence HTTP/1.1" 404 Not Found
2026-03-02 13:06:32,287 INFO sqlalchemy.engine.Engine BEGIN (implicit)
2026-03-02 13:06:32,289 INFO sqlalchemy.engine.Engine SELECT reports.id, reports.investigation_id, reports.iteration, reports.report_json, reports.executive_summary, reports.technical_narrative, reports.recommendations, reports.created_at 
FROM reports 
WHERE reports.investigation_id = $1::UUID ORDER BY reports.iteration DESC 
 LIMIT $2::INTEGER
2026-03-02 13:06:32,290 INFO sqlalchemy.engine.Engine [cached since 36.9s ago] (UUID('1179db9d-81d9-466d-84c1-01d8e2530c40'), 1)
2026-03-02 13:06:32,295 INFO sqlalchemy.engine.Engine ROLLBACK
INFO:     127.0.0.1:56662 - "GET /api/investigations/1179db9d-81d9-466d-84c1-01d8e2530c40/report HTTP/1.1" 404 Not Found
2026-03-02 13:06:37,255 INFO sqlalchemy.engine.Engine BEGIN (implicit)
2026-03-02 13:06:37,259 INFO sqlalchemy.engine.Engine SELECT investigations.id, investigations.domain, investigations.observable_type, investigations.state, investigations.context, investigations.client_domain, investigations.batch_id, investigations.created_at, investigations.updated_at, investigations.concluded_at, investigations.classification, investigations.confidence, investigations.risk_score, investigations.recommended_action, investigations.analyst_iterations, investigations.max_analyst_iterations 
FROM investigations 
WHERE investigations.id = $1::UUID
2026-03-02 13:06:37,260 INFO sqlalchemy.engine.Engine [cached since 41.93s ago] (UUID('1179db9d-81d9-466d-84c1-01d8e2530c40'),)
INFO:     127.0.0.1:58210 - "GET /api/investigations/1179db9d-81d9-466d-84c1-01d8e2530c40 HTTP/1.1" 200 OK
2026-03-02 13:06:37,266 INFO sqlalchemy.engine.Engine COMMIT
2026-03-02 13:06:37,283 INFO sqlalchemy.engine.Engine BEGIN (implicit)
2026-03-02 13:06:37,286 INFO sqlalchemy.engine.Engine SELECT evidence.id, evidence.investigation_id, evidence.evidence_json, evidence.signals, evidence.data_gaps, evidence.external_context, evidence.created_at 
FROM evidence 
WHERE evidence.investigation_id = $1::UUID
2026-03-02 13:06:37,286 INFO sqlalchemy.engine.Engine [cached since 41.93s ago] (UUID('1179db9d-81d9-466d-84c1-01d8e2530c40'),)
2026-03-02 13:06:37,294 INFO sqlalchemy.engine.Engine ROLLBACK
INFO:     127.0.0.1:54839 - "GET /api/investigations/1179db9d-81d9-466d-84c1-01d8e2530c40/evidence HTTP/1.1" 404 Not Found
2026-03-02 13:06:37,316 INFO sqlalchemy.engine.Engine BEGIN (implicit)
2026-03-02 13:06:37,318 INFO sqlalchemy.engine.Engine SELECT reports.id, reports.investigation_id, reports.iteration, reports.report_json, reports.executive_summary, reports.technical_narrative, reports.recommendations, reports.created_at 
FROM reports 
WHERE reports.investigation_id = $1::UUID ORDER BY reports.iteration DESC 
 LIMIT $2::INTEGER
2026-03-02 13:06:37,319 INFO sqlalchemy.engine.Engine [cached since 41.93s ago] (UUID('1179db9d-81d9-466d-84c1-01d8e2530c40'), 1)
2026-03-02 13:06:37,326 INFO sqlalchemy.engine.Engine ROLLBACK
INFO:     127.0.0.1:63576 - "GET /api/investigations/1179db9d-81d9-466d-84c1-01d8e2530c40/report HTTP/1.1" 404 Not Found
2026-03-02 13:06:42,248 INFO sqlalchemy.engine.Engine BEGIN (implicit)
2026-03-02 13:06:42,252 INFO sqlalchemy.engine.Engine SELECT investigations.id, investigations.domain, investigations.observable_type, investigations.state, investigations.context, investigations.client_domain, investigations.batch_id, investigations.created_at, investigations.updated_at, investigations.concluded_at, investigations.classification, investigations.confidence, investigations.risk_score, investigations.recommended_action, investigations.analyst_iterations, investigations.max_analyst_iterations 
FROM investigations 
WHERE investigations.id = $1::UUID
2026-03-02 13:06:42,253 INFO sqlalchemy.engine.Engine [cached since 46.93s ago] (UUID('1179db9d-81d9-466d-84c1-01d8e2530c40'),)
INFO:     127.0.0.1:57308 - "GET /api/investigations/1179db9d-81d9-466d-84c1-01d8e2530c40 HTTP/1.1" 200 OK
2026-03-02 13:06:42,260 INFO sqlalchemy.engine.Engine COMMIT
2026-03-02 13:06:42,274 INFO sqlalchemy.engine.Engine BEGIN (implicit)
2026-03-02 13:06:42,276 INFO sqlalchemy.engine.Engine SELECT evidence.id, evidence.investigation_id, evidence.evidence_json, evidence.signals, evidence.data_gaps, evidence.external_context, evidence.created_at 
FROM evidence 
WHERE evidence.investigation_id = $1::UUID
2026-03-02 13:06:42,277 INFO sqlalchemy.engine.Engine [cached since 46.92s ago] (UUID('1179db9d-81d9-466d-84c1-01d8e2530c40'),)
2026-03-02 13:06:42,281 INFO sqlalchemy.engine.Engine ROLLBACK
INFO:     127.0.0.1:53880 - "GET /api/investigations/1179db9d-81d9-466d-84c1-01d8e2530c40/evidence HTTP/1.1" 404 Not Found
2026-03-02 13:06:42,296 INFO sqlalchemy.engine.Engine BEGIN (implicit)
2026-03-02 13:06:42,298 INFO sqlalchemy.engine.Engine SELECT reports.id, reports.investigation_id, reports.iteration, reports.report_json, reports.executive_summary, reports.technical_narrative, reports.recommendations, reports.created_at 
FROM reports 
WHERE reports.investigation_id = $1::UUID ORDER BY reports.iteration DESC 
 LIMIT $2::INTEGER
2026-03-02 13:06:42,299 INFO sqlalchemy.engine.Engine [cached since 46.91s ago] (UUID('1179db9d-81d9-466d-84c1-01d8e2530c40'), 1)
2026-03-02 13:06:42,302 INFO sqlalchemy.engine.Engine ROLLBACK
INFO:     127.0.0.1:54083 - "GET /api/investigations/1179db9d-81d9-466d-84c1-01d8e2530c40/report HTTP/1.1" 404 Not Found
2026-03-02 13:06:47,253 INFO sqlalchemy.engine.Engine BEGIN (implicit)
2026-03-02 13:06:47,255 INFO sqlalchemy.engine.Engine SELECT investigations.id, investigations.domain, investigations.observable_type, investigations.state, investigations.context, investigations.client_domain, investigations.batch_id, investigations.created_at, investigations.updated_at, investigations.concluded_at, investigations.classification, investigations.confidence, investigations.risk_score, investigations.recommended_action, investigations.analyst_iterations, investigations.max_analyst_iterations 
FROM investigations 
WHERE investigations.id = $1::UUID
2026-03-02 13:06:47,255 INFO sqlalchemy.engine.Engine [cached since 51.93s ago] (UUID('1179db9d-81d9-466d-84c1-01d8e2530c40'),)
INFO:     127.0.0.1:61119 - "GET /api/investigations/1179db9d-81d9-466d-84c1-01d8e2530c40 HTTP/1.1" 200 OK
2026-03-02 13:06:47,261 INFO sqlalchemy.engine.Engine COMMIT
2026-03-02 13:06:47,278 INFO sqlalchemy.engine.Engine BEGIN (implicit)
2026-03-02 13:06:47,281 INFO sqlalchemy.engine.Engine SELECT evidence.id, evidence.investigation_id, evidence.evidence_json, evidence.signals, evidence.data_gaps, evidence.external_context, evidence.created_at 
FROM evidence 
WHERE evidence.investigation_id = $1::UUID
2026-03-02 13:06:47,282 INFO sqlalchemy.engine.Engine [cached since 51.93s ago] (UUID('1179db9d-81d9-466d-84c1-01d8e2530c40'),)
2026-03-02 13:06:47,286 INFO sqlalchemy.engine.Engine ROLLBACK
INFO:     127.0.0.1:61767 - "GET /api/investigations/1179db9d-81d9-466d-84c1-01d8e2530c40/evidence HTTP/1.1" 404 Not Found
2026-03-02 13:06:47,303 INFO sqlalchemy.engine.Engine BEGIN (implicit)
2026-03-02 13:06:47,304 INFO sqlalchemy.engine.Engine SELECT reports.id, reports.investigation_id, reports.iteration, reports.report_json, reports.executive_summary, reports.technical_narrative, reports.recommendations, reports.created_at 
FROM reports 
WHERE reports.investigation_id = $1::UUID ORDER BY reports.iteration DESC 
 LIMIT $2::INTEGER
2026-03-02 13:06:47,305 INFO sqlalchemy.engine.Engine [cached since 51.92s ago] (UUID('1179db9d-81d9-466d-84c1-01d8e2530c40'), 1)
2026-03-02 13:06:47,309 INFO sqlalchemy.engine.Engine ROLLBACK
INFO:     127.0.0.1:50373 - "GET /api/investigations/1179db9d-81d9-466d-84c1-01d8e2530c40/report HTTP/1.1" 404 Not Found
2026-03-02 13:06:52,251 INFO sqlalchemy.engine.Engine BEGIN (implicit)
2026-03-02 13:06:52,254 INFO sqlalchemy.engine.Engine SELECT investigations.id, investigations.domain, investigations.observable_type, investigations.state, investigations.context, investigations.client_domain, investigations.batch_id, investigations.created_at, investigations.updated_at, investigations.concluded_at, investigations.classification, investigations.confidence, investigations.risk_score, investigations.recommended_action, investigations.analyst_iterations, investigations.max_analyst_iterations 
FROM investigations 
WHERE investigations.id = $1::UUID
2026-03-02 13:06:52,255 INFO sqlalchemy.engine.Engine [cached since 56.93s ago] (UUID('1179db9d-81d9-466d-84c1-01d8e2530c40'),)
INFO:     127.0.0.1:62370 - "GET /api/investigations/1179db9d-81d9-466d-84c1-01d8e2530c40 HTTP/1.1" 200 OK
2026-03-02 13:06:52,261 INFO sqlalchemy.engine.Engine COMMIT
2026-03-02 13:06:52,277 INFO sqlalchemy.engine.Engine BEGIN (implicit)
2026-03-02 13:06:52,280 INFO sqlalchemy.engine.Engine SELECT evidence.id, evidence.investigation_id, evidence.evidence_json, evidence.signals, evidence.data_gaps, evidence.external_context, evidence.created_at 
FROM evidence 
WHERE evidence.investigation_id = $1::UUID
2026-03-02 13:06:52,280 INFO sqlalchemy.engine.Engine [cached since 56.93s ago] (UUID('1179db9d-81d9-466d-84c1-01d8e2530c40'),)
2026-03-02 13:06:52,284 INFO sqlalchemy.engine.Engine ROLLBACK
INFO:     127.0.0.1:63105 - "GET /api/investigations/1179db9d-81d9-466d-84c1-01d8e2530c40/evidence HTTP/1.1" 404 Not Found
2026-03-02 13:06:52,300 INFO sqlalchemy.engine.Engine BEGIN (implicit)
2026-03-02 13:06:52,301 INFO sqlalchemy.engine.Engine SELECT reports.id, reports.investigation_id, reports.iteration, reports.report_json, reports.executive_summary, reports.technical_narrative, reports.recommendations, reports.created_at 
FROM reports 
WHERE reports.investigation_id = $1::UUID ORDER BY reports.iteration DESC 
 LIMIT $2::INTEGER
2026-03-02 13:06:52,302 INFO sqlalchemy.engine.Engine [cached since 56.92s ago] (UUID('1179db9d-81d9-466d-84c1-01d8e2530c40'), 1)
2026-03-02 13:06:52,307 INFO sqlalchemy.engine.Engine ROLLBACK
INFO:     127.0.0.1:55489 - "GET /api/investigations/1179db9d-81d9-466d-84c1-01d8e2530c40/report HTTP/1.1" 404 Not Found
2026-03-02 13:06:57,247 INFO sqlalchemy.engine.Engine BEGIN (implicit)
2026-03-02 13:06:57,251 INFO sqlalchemy.engine.Engine SELECT investigations.id, investigations.domain, investigations.observable_type, investigations.state, investigations.context, investigations.client_domain, investigations.batch_id, investigations.created_at, investigations.updated_at, investigations.concluded_at, investigations.classification, investigations.confidence, investigations.risk_score, investigations.recommended_action, investigations.analyst_iterations, investigations.max_analyst_iterations 
FROM investigations 
WHERE investigations.id = $1::UUID
2026-03-02 13:06:57,252 INFO sqlalchemy.engine.Engine [cached since 61.93s ago] (UUID('1179db9d-81d9-466d-84c1-01d8e2530c40'),)
INFO:     127.0.0.1:54730 - "GET /api/investigations/1179db9d-81d9-466d-84c1-01d8e2530c40 HTTP/1.1" 200 OK
2026-03-02 13:06:57,259 INFO sqlalchemy.engine.Engine COMMIT
2026-03-02 13:06:57,273 INFO sqlalchemy.engine.Engine BEGIN (implicit)
2026-03-02 13:06:57,276 INFO sqlalchemy.engine.Engine SELECT evidence.id, evidence.investigation_id, evidence.evidence_json, evidence.signals, evidence.data_gaps, evidence.external_context, evidence.created_at 
FROM evidence 
WHERE evidence.investigation_id = $1::UUID
2026-03-02 13:06:57,277 INFO sqlalchemy.engine.Engine [cached since 61.92s ago] (UUID('1179db9d-81d9-466d-84c1-01d8e2530c40'),)
2026-03-02 13:06:57,281 INFO sqlalchemy.engine.Engine ROLLBACK
INFO:     127.0.0.1:54400 - "GET /api/investigations/1179db9d-81d9-466d-84c1-01d8e2530c40/evidence HTTP/1.1" 404 Not Found
2026-03-02 13:06:57,297 INFO sqlalchemy.engine.Engine BEGIN (implicit)
2026-03-02 13:06:57,299 INFO sqlalchemy.engine.Engine SELECT reports.id, reports.investigation_id, reports.iteration, reports.report_json, reports.executive_summary, reports.technical_narrative, reports.recommendations, reports.created_at 
FROM reports 
WHERE reports.investigation_id = $1::UUID ORDER BY reports.iteration DESC 
 LIMIT $2::INTEGER
2026-03-02 13:06:57,300 INFO sqlalchemy.engine.Engine [cached since 61.91s ago] (UUID('1179db9d-81d9-466d-84c1-01d8e2530c40'), 1)
2026-03-02 13:06:57,305 INFO sqlalchemy.engine.Engine ROLLBACK
INFO:     127.0.0.1:62354 - "GET /api/investigations/1179db9d-81d9-466d-84c1-01d8e2530c40/report HTTP/1.1" 404 Not Found
2026-03-02 13:07:02,244 INFO sqlalchemy.engine.Engine BEGIN (implicit)
2026-03-02 13:07:02,248 INFO sqlalchemy.engine.Engine SELECT investigations.id, investigations.domain, investigations.observable_type, investigations.state, investigations.context, investigations.client_domain, investigations.batch_id, investigations.created_at, investigations.updated_at, investigations.concluded_at, investigations.classification, investigations.confidence, investigations.risk_score, investigations.recommended_action, investigations.analyst_iterations, investigations.max_analyst_iterations 
FROM investigations 
WHERE investigations.id = $1::UUID
2026-03-02 13:07:02,249 INFO sqlalchemy.engine.Engine [cached since 66.92s ago] (UUID('1179db9d-81d9-466d-84c1-01d8e2530c40'),)
INFO:     127.0.0.1:57443 - "GET /api/investigations/1179db9d-81d9-466d-84c1-01d8e2530c40 HTTP/1.1" 200 OK
2026-03-02 13:07:02,254 INFO sqlalchemy.engine.Engine COMMIT
2026-03-02 13:07:02,269 INFO sqlalchemy.engine.Engine BEGIN (implicit)
2026-03-02 13:07:02,273 INFO sqlalchemy.engine.Engine SELECT evidence.id, evidence.investigation_id, evidence.evidence_json, evidence.signals, evidence.data_gaps, evidence.external_context, evidence.created_at 
FROM evidence 
WHERE evidence.investigation_id = $1::UUID
2026-03-02 13:07:02,274 INFO sqlalchemy.engine.Engine [cached since 66.92s ago] (UUID('1179db9d-81d9-466d-84c1-01d8e2530c40'),)
2026-03-02 13:07:02,278 INFO sqlalchemy.engine.Engine ROLLBACK
INFO:     127.0.0.1:62041 - "GET /api/investigations/1179db9d-81d9-466d-84c1-01d8e2530c40/evidence HTTP/1.1" 404 Not Found
2026-03-02 13:07:02,294 INFO sqlalchemy.engine.Engine BEGIN (implicit)
2026-03-02 13:07:02,295 INFO sqlalchemy.engine.Engine SELECT reports.id, reports.investigation_id, reports.iteration, reports.report_json, reports.executive_summary, reports.technical_narrative, reports.recommendations, reports.created_at 
FROM reports 
WHERE reports.investigation_id = $1::UUID ORDER BY reports.iteration DESC 
 LIMIT $2::INTEGER
2026-03-02 13:07:02,296 INFO sqlalchemy.engine.Engine [cached since 66.91s ago] (UUID('1179db9d-81d9-466d-84c1-01d8e2530c40'), 1)
2026-03-02 13:07:02,301 INFO sqlalchemy.engine.Engine ROLLBACK
INFO:     127.0.0.1:54155 - "GET /api/investigations/1179db9d-81d9-466d-84c1-01d8e2530c40/report HTTP/1.1" 404 Not Found
2026-03-02 13:07:07,247 INFO sqlalchemy.engine.Engine BEGIN (implicit)
2026-03-02 13:07:07,250 INFO sqlalchemy.engine.Engine SELECT investigations.id, investigations.domain, investigations.observable_type, investigations.state, investigations.context, investigations.client_domain, investigations.batch_id, investigations.created_at, investigations.updated_at, investigations.concluded_at, investigations.classification, investigations.confidence, investigations.risk_score, investigations.recommended_action, investigations.analyst_iterations, investigations.max_analyst_iterations 
FROM investigations 
WHERE investigations.id = $1::UUID
2026-03-02 13:07:07,250 INFO sqlalchemy.engine.Engine [cached since 71.92s ago] (UUID('1179db9d-81d9-466d-84c1-01d8e2530c40'),)
INFO:     127.0.0.1:61929 - "GET /api/investigations/1179db9d-81d9-466d-84c1-01d8e2530c40 HTTP/1.1" 200 OK
2026-03-02 13:07:07,253 INFO sqlalchemy.engine.Engine COMMIT
2026-03-02 13:07:07,266 INFO sqlalchemy.engine.Engine BEGIN (implicit)
2026-03-02 13:07:07,267 INFO sqlalchemy.engine.Engine SELECT evidence.id, evidence.investigation_id, evidence.evidence_json, evidence.signals, evidence.data_gaps, evidence.external_context, evidence.created_at 
FROM evidence 
WHERE evidence.investigation_id = $1::UUID
2026-03-02 13:07:07,267 INFO sqlalchemy.engine.Engine [cached since 71.91s ago] (UUID('1179db9d-81d9-466d-84c1-01d8e2530c40'),)
2026-03-02 13:07:07,269 INFO sqlalchemy.engine.Engine ROLLBACK
INFO:     127.0.0.1:64171 - "GET /api/investigations/1179db9d-81d9-466d-84c1-01d8e2530c40/evidence HTTP/1.1" 404 Not Found
2026-03-02 13:07:07,285 INFO sqlalchemy.engine.Engine BEGIN (implicit)
2026-03-02 13:07:07,286 INFO sqlalchemy.engine.Engine SELECT reports.id, reports.investigation_id, reports.iteration, reports.report_json, reports.executive_summary, reports.technical_narrative, reports.recommendations, reports.created_at 
FROM reports 
WHERE reports.investigation_id = $1::UUID ORDER BY reports.iteration DESC 
 LIMIT $2::INTEGER
2026-03-02 13:07:07,287 INFO sqlalchemy.engine.Engine [cached since 71.9s ago] (UUID('1179db9d-81d9-466d-84c1-01d8e2530c40'), 1)
2026-03-02 13:07:07,295 INFO sqlalchemy.engine.Engine ROLLBACK
INFO:     127.0.0.1:65468 - "GET /api/investigations/1179db9d-81d9-466d-84c1-01d8e2530c40/report HTTP/1.1" 404 Not Found
2026-03-02 13:07:12,238 INFO sqlalchemy.engine.Engine BEGIN (implicit)
2026-03-02 13:07:12,241 INFO sqlalchemy.engine.Engine SELECT investigations.id, investigations.domain, investigations.observable_type, investigations.state, investigations.context, investigations.client_domain, investigations.batch_id, investigations.created_at, investigations.updated_at, investigations.concluded_at, investigations.classification, investigations.confidence, investigations.risk_score, investigations.recommended_action, investigations.analyst_iterations, investigations.max_analyst_iterations 
FROM investigations 
WHERE investigations.id = $1::UUID
2026-03-02 13:07:12,242 INFO sqlalchemy.engine.Engine [cached since 76.92s ago] (UUID('1179db9d-81d9-466d-84c1-01d8e2530c40'),)
INFO:     127.0.0.1:56166 - "GET /api/investigations/1179db9d-81d9-466d-84c1-01d8e2530c40 HTTP/1.1" 200 OK
2026-03-02 13:07:12,245 INFO sqlalchemy.engine.Engine COMMIT
2026-03-02 13:07:12,261 INFO sqlalchemy.engine.Engine BEGIN (implicit)
2026-03-02 13:07:12,263 INFO sqlalchemy.engine.Engine SELECT investigations.id, investigations.domain, investigations.observable_type, investigations.state, investigations.context, investigations.client_domain, investigations.batch_id, investigations.created_at, investigations.updated_at, investigations.concluded_at, investigations.classification, investigations.confidence, investigations.risk_score, investigations.recommended_action, investigations.analyst_iterations, investigations.max_analyst_iterations 
FROM investigations 
WHERE investigations.id = $1::UUID
2026-03-02 13:07:12,265 INFO sqlalchemy.engine.Engine [cached since 76.94s ago] (UUID('1179db9d-81d9-466d-84c1-01d8e2530c40'),)
2026-03-02 13:07:12,266 INFO sqlalchemy.engine.Engine BEGIN (implicit)
2026-03-02 13:07:12,267 INFO sqlalchemy.engine.Engine SELECT evidence.id, evidence.investigation_id, evidence.evidence_json, evidence.signals, evidence.data_gaps, evidence.external_context, evidence.created_at 
FROM evidence 
WHERE evidence.investigation_id = $1::UUID
2026-03-02 13:07:12,268 INFO sqlalchemy.engine.Engine [cached since 76.91s ago] (UUID('1179db9d-81d9-466d-84c1-01d8e2530c40'),)
INFO:     127.0.0.1:64716 - "GET /api/investigations/1179db9d-81d9-466d-84c1-01d8e2530c40 HTTP/1.1" 200 OK
2026-03-02 13:07:12,273 INFO sqlalchemy.engine.Engine COMMIT
2026-03-02 13:07:12,276 INFO sqlalchemy.engine.Engine ROLLBACK
INFO:     127.0.0.1:64717 - "GET /api/investigations/1179db9d-81d9-466d-84c1-01d8e2530c40/evidence HTTP/1.1" 404 Not Found
2026-03-02 13:07:12,292 INFO sqlalchemy.engine.Engine BEGIN (implicit)
2026-03-02 13:07:12,295 INFO sqlalchemy.engine.Engine SELECT evidence.id, evidence.investigation_id, evidence.evidence_json, evidence.signals, evidence.data_gaps, evidence.external_context, evidence.created_at 
FROM evidence 
WHERE evidence.investigation_id = $1::UUID
2026-03-02 13:07:12,296 INFO sqlalchemy.engine.Engine [cached since 76.94s ago] (UUID('1179db9d-81d9-466d-84c1-01d8e2530c40'),)
2026-03-02 13:07:12,301 INFO sqlalchemy.engine.Engine ROLLBACK
2026-03-02 13:07:12,302 INFO sqlalchemy.engine.Engine BEGIN (implicit)
2026-03-02 13:07:12,304 INFO sqlalchemy.engine.Engine SELECT reports.id, reports.investigation_id, reports.iteration, reports.report_json, reports.executive_summary, reports.technical_narrative, reports.recommendations, reports.created_at 
FROM reports 
WHERE reports.investigation_id = $1::UUID ORDER BY reports.iteration DESC 
 LIMIT $2::INTEGER
2026-03-02 13:07:12,305 INFO sqlalchemy.engine.Engine [cached since 76.92s ago] (UUID('1179db9d-81d9-466d-84c1-01d8e2530c40'), 1)
INFO:     127.0.0.1:62294 - "GET /api/investigations/1179db9d-81d9-466d-84c1-01d8e2530c40/evidence HTTP/1.1" 404 Not Found
2026-03-02 13:07:12,311 INFO sqlalchemy.engine.Engine ROLLBACK
INFO:     127.0.0.1:52921 - "GET /api/investigations/1179db9d-81d9-466d-84c1-01d8e2530c40/report HTTP/1.1" 404 Not Found
2026-03-02 13:07:12,327 INFO sqlalchemy.engine.Engine BEGIN (implicit)
2026-03-02 13:07:12,329 INFO sqlalchemy.engine.Engine SELECT reports.id, reports.investigation_id, reports.iteration, reports.report_json, reports.executive_summary, reports.technical_narrative, reports.recommendations, reports.created_at 
FROM reports 
WHERE reports.investigation_id = $1::UUID ORDER BY reports.iteration DESC 
 LIMIT $2::INTEGER
2026-03-02 13:07:12,330 INFO sqlalchemy.engine.Engine [cached since 76.94s ago] (UUID('1179db9d-81d9-466d-84c1-01d8e2530c40'), 1)
2026-03-02 13:07:12,334 INFO sqlalchemy.engine.Engine ROLLBACK
INFO:     127.0.0.1:57129 - "GET /api/investigations/1179db9d-81d9-466d-84c1-01d8e2530c40/report HTTP/1.1" 404 Not Found
2026-03-02 13:07:17,270 INFO sqlalchemy.engine.Engine BEGIN (implicit)
2026-03-02 13:07:17,272 INFO sqlalchemy.engine.Engine SELECT investigations.id, investigations.domain, investigations.observable_type, investigations.state, investigations.context, investigations.client_domain, investigations.batch_id, investigations.created_at, investigations.updated_at, investigations.concluded_at, investigations.classification, investigations.confidence, investigations.risk_score, investigations.recommended_action, investigations.analyst_iterations, investigations.max_analyst_iterations 
FROM investigations 
WHERE investigations.id = $1::UUID
2026-03-02 13:07:17,274 INFO sqlalchemy.engine.Engine [cached since 81.95s ago] (UUID('1179db9d-81d9-466d-84c1-01d8e2530c40'),)
INFO:     127.0.0.1:53633 - "GET /api/investigations/1179db9d-81d9-466d-84c1-01d8e2530c40 HTTP/1.1" 200 OK
2026-03-02 13:07:17,282 INFO sqlalchemy.engine.Engine COMMIT
2026-03-02 13:07:17,305 INFO sqlalchemy.engine.Engine BEGIN (implicit)
2026-03-02 13:07:17,308 INFO sqlalchemy.engine.Engine SELECT evidence.id, evidence.investigation_id, evidence.evidence_json, evidence.signals, evidence.data_gaps, evidence.external_context, evidence.created_at 
FROM evidence 
WHERE evidence.investigation_id = $1::UUID
2026-03-02 13:07:17,310 INFO sqlalchemy.engine.Engine [cached since 81.96s ago] (UUID('1179db9d-81d9-466d-84c1-01d8e2530c40'),)
2026-03-02 13:07:17,317 INFO sqlalchemy.engine.Engine ROLLBACK
INFO:     127.0.0.1:54482 - "GET /api/investigations/1179db9d-81d9-466d-84c1-01d8e2530c40/evidence HTTP/1.1" 404 Not Found
2026-03-02 13:07:17,342 INFO sqlalchemy.engine.Engine BEGIN (implicit)
2026-03-02 13:07:17,345 INFO sqlalchemy.engine.Engine SELECT reports.id, reports.investigation_id, reports.iteration, reports.report_json, reports.executive_summary, reports.technical_narrative, reports.recommendations, reports.created_at 
FROM reports 
WHERE reports.investigation_id = $1::UUID ORDER BY reports.iteration DESC 
 LIMIT $2::INTEGER
2026-03-02 13:07:17,346 INFO sqlalchemy.engine.Engine [cached since 81.96s ago] (UUID('1179db9d-81d9-466d-84c1-01d8e2530c40'), 1)
2026-03-02 13:07:17,351 INFO sqlalchemy.engine.Engine ROLLBACK
INFO:     127.0.0.1:53652 - "GET /api/investigations/1179db9d-81d9-466d-84c1-01d8e2530c40/report HTTP/1.1" 404 Not Found
