[config] Loaded .env from: C:\Users\tmoscaliuc\Downloads\script\threat-investigator\threat-intel\backend\.env
[config] Settings loaded — VT key: SET
 
 -------------- celery-local-8010-20260302-115649@EXP-JFW2P34 v5.6.2 (recovery)
--- ***** ----- 
-- ******* ---- Windows-11-10.0.26200-SP0 2026-03-02 11:56:55
- *** --- * --- 
- ** ---------- [config]
- ** ---------- .> app:         threat_intel:0x1a311b98380
- ** ---------- .> transport:   redis://127.0.0.1:6379/5
- ** ---------- .> results:     redis://127.0.0.1:6379/6
- *** --- * --- .> concurrency: 8 (thread)
-- ******* ---- .> task events: OFF (enable -E to monitor tasks in this worker)
--- ***** ----- 
 -------------- [queues]
                .> investigations   exchange=investigations(direct) key=investigations
                

[tasks]
  . tasks.process_batch
  . tasks.run_analysis
  . tasks.run_collector
  . tasks.run_investigation
  . tasks.watchlist_check

2026-03-02 12:00:03,492 INFO sqlalchemy.engine.Engine select pg_catalog.version()
2026-03-02 12:00:03,494 INFO sqlalchemy.engine.Engine [raw sql] {}
2026-03-02 12:00:03,498 INFO sqlalchemy.engine.Engine select current_schema()
2026-03-02 12:00:03,500 INFO sqlalchemy.engine.Engine [raw sql] {}
2026-03-02 12:00:03,504 INFO sqlalchemy.engine.Engine show standard_conforming_strings
2026-03-02 12:00:03,505 INFO sqlalchemy.engine.Engine [raw sql] {}
2026-03-02 12:00:03,509 INFO sqlalchemy.engine.Engine BEGIN (implicit)
2026-03-02 12:00:03,561 INFO sqlalchemy.engine.Engine SELECT investigations.id AS investigations_id, investigations.domain AS investigations_domain, investigations.observable_type AS investigations_observable_type, investigations.state AS investigations_state, investigations.context AS investigations_context, investigations.client_domain AS investigations_client_domain, investigations.batch_id AS investigations_batch_id, investigations.created_at AS investigations_created_at, investigations.updated_at AS investigations_updated_at, investigations.concluded_at AS investigations_concluded_at, investigations.classification AS investigations_classification, investigations.confidence AS investigations_confidence, investigations.risk_score AS investigations_risk_score, investigations.recommended_action AS investigations_recommended_action, investigations.analyst_iterations AS investigations_analyst_iterations, investigations.max_analyst_iterations AS investigations_max_analyst_iterations 
FROM investigations 
WHERE investigations.id = %(pk_1)s::UUID
2026-03-02 12:00:03,563 INFO sqlalchemy.engine.Engine [generated in 0.00158s] {'pk_1': UUID('9a25b8f8-329a-4492-a384-dbc98733e973')}
2026-03-02 12:00:03,572 INFO sqlalchemy.engine.Engine ROLLBACK
2026-03-02 12:00:03,579 INFO sqlalchemy.engine.Engine BEGIN (implicit)
2026-03-02 12:00:03,580 INFO sqlalchemy.engine.Engine SELECT investigations.id AS investigations_id, investigations.domain AS investigations_domain, investigations.observable_type AS investigations_observable_type, investigations.state AS investigations_state, investigations.context AS investigations_context, investigations.client_domain AS investigations_client_domain, investigations.batch_id AS investigations_batch_id, investigations.created_at AS investigations_created_at, investigations.updated_at AS investigations_updated_at, investigations.concluded_at AS investigations_concluded_at, investigations.classification AS investigations_classification, investigations.confidence AS investigations_confidence, investigations.risk_score AS investigations_risk_score, investigations.recommended_action AS investigations_recommended_action, investigations.analyst_iterations AS investigations_analyst_iterations, investigations.max_analyst_iterations AS investigations_max_analyst_iterations 
FROM investigations 
WHERE investigations.id = %(pk_1)s::UUID
2026-03-02 12:00:03,581 INFO sqlalchemy.engine.Engine [cached since 0.02023s ago] {'pk_1': UUID('9a25b8f8-329a-4492-a384-dbc98733e973')}
2026-03-02 12:00:03,591 INFO sqlalchemy.engine.Engine UPDATE investigations SET state=%(state)s, updated_at=%(updated_at)s WHERE investigations.id = %(investigations_id)s::UUID
2026-03-02 12:00:03,592 INFO sqlalchemy.engine.Engine [generated in 0.00180s] {'state': 'gathering', 'updated_at': datetime.datetime(2026, 3, 2, 10, 0, 3, 587866, tzinfo=datetime.timezone.utc), 'investigations_id': UUID('9a25b8f8-329a-4492-a384-dbc98733e973')}
2026-03-02 12:00:03,600 INFO sqlalchemy.engine.Engine COMMIT
2026-03-02 12:00:32,665 INFO sqlalchemy.engine.Engine BEGIN (implicit)
2026-03-02 12:00:32,667 INFO sqlalchemy.engine.Engine SELECT investigations.id AS investigations_id, investigations.domain AS investigations_domain, investigations.observable_type AS investigations_observable_type, investigations.state AS investigations_state, investigations.context AS investigations_context, investigations.client_domain AS investigations_client_domain, investigations.batch_id AS investigations_batch_id, investigations.created_at AS investigations_created_at, investigations.updated_at AS investigations_updated_at, investigations.concluded_at AS investigations_concluded_at, investigations.classification AS investigations_classification, investigations.confidence AS investigations_confidence, investigations.risk_score AS investigations_risk_score, investigations.recommended_action AS investigations_recommended_action, investigations.analyst_iterations AS investigations_analyst_iterations, investigations.max_analyst_iterations AS investigations_max_analyst_iterations 
FROM investigations 
WHERE investigations.id = %(pk_1)s::UUID
2026-03-02 12:00:32,668 INFO sqlalchemy.engine.Engine [cached since 29.11s ago] {'pk_1': UUID('9a25b8f8-329a-4492-a384-dbc98733e973')}
2026-03-02 12:00:32,674 INFO sqlalchemy.engine.Engine UPDATE investigations SET state=%(state)s, updated_at=%(updated_at)s WHERE investigations.id = %(investigations_id)s::UUID
2026-03-02 12:00:32,675 INFO sqlalchemy.engine.Engine [cached since 29.08s ago] {'state': 'evaluating', 'updated_at': datetime.datetime(2026, 3, 2, 10, 0, 32, 673409, tzinfo=datetime.timezone.utc), 'investigations_id': UUID('9a25b8f8-329a-4492-a384-dbc98733e973')}
2026-03-02 12:00:32,679 INFO sqlalchemy.engine.Engine COMMIT
2026-03-02 12:00:50,250 INFO sqlalchemy.engine.Engine BEGIN (implicit)
2026-03-02 12:00:50,255 INFO sqlalchemy.engine.Engine INSERT INTO artifacts (id, investigation_id, collector_name, artifact_name, sha256_hash, content_type, size_bytes, storage_path) VALUES (%(id)s::UUID, %(investigation_id)s::UUID, %(collector_name)s, %(artifact_name)s, %(sha256_hash)s, %(content_type)s, %(size_bytes)s, %(storage_path)s) RETURNING artifacts.created_at
2026-03-02 12:00:50,256 INFO sqlalchemy.engine.Engine [generated in 0.00132s] {'id': UUID('1654ca60-67d2-45e1-bb28-a7e5690b8f9b'), 'investigation_id': UUID('9a25b8f8-329a-4492-a384-dbc98733e973'), 'collector_name': 'screenshot', 'artifact_name': 'screenshot_domain.png', 'sha256_hash': '24bea0ecebe42a2bc4569ff716d18b22f31c2a4b975b64a6a7f44d4ee4856845', 'content_type': 'image/png', 'size_bytes': 378665, 'storage_path': 'artifacts\\9a25b8f8-329a-4492-a384-dbc98733e973\\screenshot_domain.png'}
2026-03-02 12:00:50,266 INFO sqlalchemy.engine.Engine COMMIT
2026-03-02 12:00:52,442 INFO sqlalchemy.engine.Engine BEGIN (implicit)
2026-03-02 12:00:52,447 INFO sqlalchemy.engine.Engine INSERT INTO artifacts (id, investigation_id, collector_name, artifact_name, sha256_hash, content_type, size_bytes, storage_path) VALUES (%(id)s::UUID, %(investigation_id)s::UUID, %(collector_name)s, %(artifact_name)s, %(sha256_hash)s, %(content_type)s, %(size_bytes)s, %(storage_path)s) RETURNING artifacts.created_at
2026-03-02 12:00:52,448 INFO sqlalchemy.engine.Engine [cached since 2.193s ago] {'id': UUID('dd41f67e-d061-4556-b2b1-ff5851846557'), 'investigation_id': UUID('9a25b8f8-329a-4492-a384-dbc98733e973'), 'collector_name': 'js_analysis', 'artifact_name': 'network_capture.har', 'sha256_hash': '7f5de093fbd468cc9aed0618eeab1a777b7fac3a84895a5cbd90b402e61016fc', 'content_type': 'application/json', 'size_bytes': 33562, 'storage_path': 'artifacts\\9a25b8f8-329a-4492-a384-dbc98733e973\\network_capture.har'}
2026-03-02 12:00:52,454 INFO sqlalchemy.engine.Engine COMMIT
2026-03-02 12:00:53,771 INFO sqlalchemy.engine.Engine BEGIN (implicit)
2026-03-02 12:00:53,775 INFO sqlalchemy.engine.Engine 
                        SELECT i.domain
                        FROM investigations i
                        JOIN evidence e ON e.investigation_id = i.id
                        WHERE i.id != %(exc_id)s
                          AND i.state = 'concluded'
                          AND e.evidence_json->'dns'->'ns' @> :ns_val::jsonb
                        LIMIT 20
                    
2026-03-02 12:00:53,777 INFO sqlalchemy.engine.Engine [generated in 0.00112s] {'exc_id': '9a25b8f8-329a-4492-a384-dbc98733e973'}
2026-03-02 12:00:53,783 INFO sqlalchemy.engine.Engine 
                        SELECT i.domain
                        FROM investigations i
                        JOIN evidence e ON e.investigation_id = i.id
                        WHERE i.id != %(exc_id)s
                          AND i.state = 'concluded'
                          AND e.evidence_json->'dns'->'ns' @> :ns_val::jsonb
                        LIMIT 20
                    
2026-03-02 12:00:53,784 INFO sqlalchemy.engine.Engine [cached since 0.007797s ago] {'exc_id': '9a25b8f8-329a-4492-a384-dbc98733e973'}
2026-03-02 12:00:53,786 INFO sqlalchemy.engine.Engine 
                        SELECT i.domain
                        FROM investigations i
                        JOIN evidence e ON e.investigation_id = i.id
                        WHERE i.id != %(exc_id)s
                          AND i.state = 'concluded'
                          AND e.evidence_json->'dns'->'ns' @> :ns_val::jsonb
                        LIMIT 20
                    
2026-03-02 12:00:53,787 INFO sqlalchemy.engine.Engine [cached since 0.01175s ago] {'exc_id': '9a25b8f8-329a-4492-a384-dbc98733e973'}
2026-03-02 12:00:53,790 INFO sqlalchemy.engine.Engine ROLLBACK
2026-03-02 12:00:53,794 INFO sqlalchemy.engine.Engine BEGIN (implicit)
2026-03-02 12:00:53,795 INFO sqlalchemy.engine.Engine 
                    SELECT DISTINCT i.domain
                    FROM investigations i
                    JOIN evidence e ON e.investigation_id = i.id
                    WHERE i.id != %(exc_id)s
                      AND i.state = 'concluded'
                      AND (e.evidence_json->'whois'->>'registrar' = %(registrar)s OR e.evidence_json->'whois'->>'registrant_org' = %(registrant_org)s)
                    LIMIT 20
                
2026-03-02 12:00:53,796 INFO sqlalchemy.engine.Engine [generated in 0.00072s] {'exc_id': '9a25b8f8-329a-4492-a384-dbc98733e973', 'registrar': 'Ascio Technologies, Inc', 'registrant_org': 'Not Disclosed'}
2026-03-02 12:00:53,803 INFO sqlalchemy.engine.Engine ROLLBACK
2026-03-02 12:02:11,598 INFO sqlalchemy.engine.Engine BEGIN (implicit)
2026-03-02 12:02:11,600 INFO sqlalchemy.engine.Engine SELECT investigations.id AS investigations_id, investigations.domain AS investigations_domain, investigations.observable_type AS investigations_observable_type, investigations.state AS investigations_state, investigations.context AS investigations_context, investigations.client_domain AS investigations_client_domain, investigations.batch_id AS investigations_batch_id, investigations.created_at AS investigations_created_at, investigations.updated_at AS investigations_updated_at, investigations.concluded_at AS investigations_concluded_at, investigations.classification AS investigations_classification, investigations.confidence AS investigations_confidence, investigations.risk_score AS investigations_risk_score, investigations.recommended_action AS investigations_recommended_action, investigations.analyst_iterations AS investigations_analyst_iterations, investigations.max_analyst_iterations AS investigations_max_analyst_iterations 
FROM investigations 
WHERE investigations.id = %(pk_1)s::UUID
2026-03-02 12:02:11,601 INFO sqlalchemy.engine.Engine [cached since 128s ago] {'pk_1': UUID('9a25b8f8-329a-4492-a384-dbc98733e973')}
2026-03-02 12:02:11,608 INFO sqlalchemy.engine.Engine UPDATE investigations SET state=%(state)s, updated_at=now(), concluded_at=%(concluded_at)s, classification=%(classification)s, confidence=%(confidence)s, risk_score=%(risk_score)s, recommended_action=%(recommended_action)s WHERE investigations.id = %(investigations_id)s::UUID
2026-03-02 12:02:11,609 INFO sqlalchemy.engine.Engine [generated in 0.00153s] {'state': 'concluded', 'concluded_at': datetime.datetime(2026, 3, 2, 10, 2, 11, 606317, tzinfo=datetime.timezone.utc), 'classification': 'benign', 'confidence': 'high', 'risk_score': 10, 'recommended_action': 'monitor', 'investigations_id': UUID('9a25b8f8-329a-4492-a384-dbc98733e973')}
2026-03-02 12:02:11,618 INFO sqlalchemy.engine.Engine INSERT INTO evidence (id, investigation_id, evidence_json, signals, data_gaps, external_context) VALUES (%(id)s::UUID, %(investigation_id)s::UUID, %(evidence_json)s::JSONB, %(signals)s::JSONB, %(data_gaps)s::JSONB, %(external_context)s::JSONB) RETURNING evidence.created_at
2026-03-02 12:02:11,620 INFO sqlalchemy.engine.Engine [generated in 0.00334s] {'id': UUID('7c1830dc-093d-48fb-906a-d67ed58752bc'), 'investigation_id': UUID('9a25b8f8-329a-4492-a384-dbc98733e973'), 'evidence_json': '{"domain": "expertware.net", "observable_type": "domain", "investigation_id": "9a25b8f8-329a-4492-a384-dbc98733e973", "target_domain": "expertware.ne ... (105062 characters truncated) ... 07, "browser_postprocessing": 14843, "infrastructure_correlation": 2375, "signals_and_gaps": 0, "report_generation": 76750, "analysis_total": 98906}}', 'signals': '[{"id": "sig_whois_privacy", "category": "registration", "description": "WHOIS registration uses privacy protection", "severity": "info", "evidence_r ... (1159 characters truncated) ... ertificate issuers across 47 certs \\u2014 infrastructure changes over time", "severity": "info", "evidence_refs": ["cert_timeline.unique_issuers"]}]', 'data_gaps': '[]', 'external_context': 'null'}
2026-03-02 12:02:11,645 INFO sqlalchemy.engine.Engine INSERT INTO reports (id, investigation_id, iteration, report_json, executive_summary, technical_narrative, recommendations) VALUES (%(id)s::UUID, %(investigation_id)s::UUID, %(iteration)s, %(report_json)s::JSONB, %(executive_summary)s, %(technical_narrative)s, %(recommendations)s) RETURNING reports.created_at
2026-03-02 12:02:11,647 INFO sqlalchemy.engine.Engine [generated in 0.00177s] {'id': UUID('963bca95-e0a1-4570-ae93-e6d1a7a2ba8a'), 'investigation_id': UUID('9a25b8f8-329a-4492-a384-dbc98733e973'), 'iteration': 0, 'report_json': '{"classification": "benign", "confidence": "high", "investigation_state": "concluded", "primary_reasoning": "The domain expertware.net is a long-live ... (8239 characters truncated) ... red. Consider minor security posture improvements (add CSP, confirm WHOIS contact).", "technical_narrative": null, "recommendations_narrative": null}', 'executive_summary': '- Investigated observable: domain expertware.net (domain investigation).\n- Key findings: long-lived corporate website (created 2012), reachable home ... (244 characters truncated) ...  Confidence: high.\n- Action: monitor; no immediate blocking required. Consider minor security posture improvements (add CSP, confirm WHOIS contact).', 'technical_narrative': None, 'recommendations': None}
2026-03-02 12:02:11,659 INFO sqlalchemy.engine.Engine INSERT INTO collector_results (id, investigation_id, collector_name, status, version, started_at, completed_at, duration_ms, evidence_json, error, raw_artifact_hash) VALUES (%(id)s::UUID, %(investigation_id)s::UUID, %(collector_name)s, %(status)s, %(version)s, %(started_at)s, %(completed_at)s, %(duration_ms)s, %(evidence_json)s::JSONB, %(error)s, %(raw_artifact_hash)s)
2026-03-02 12:02:11,660 INFO sqlalchemy.engine.Engine [generated in 0.00176s] {'id': UUID('cc3a0396-487c-4008-82f7-65690ad5ebed'), 'investigation_id': UUID('9a25b8f8-329a-4492-a384-dbc98733e973'), 'collector_name': 'dns', 'status': 'completed', 'version': '1.0.0', 'started_at': None, 'completed_at': None, 'duration_ms': 484, 'evidence_json': '{"meta": {"collector": "dns", "version": "1.0.0", "status": "completed", "started_at": "2026-03-02T10:00:03.615682Z", "completed_at": "2026-03-02T10: ... (1575 characters truncated) ... de:spf.protection.outlook.com -all"], "dmarc": "v=DMARC1; p=quarantine", "spf": "v=spf1 include:spf.protection.outlook.com -all", "has_dnssec": null}', 'error': None, 'raw_artifact_hash': None}
2026-03-02 12:02:11,666 INFO sqlalchemy.engine.Engine INSERT INTO collector_results (id, investigation_id, collector_name, status, version, started_at, completed_at, duration_ms, evidence_json, error, raw_artifact_hash) VALUES (%(id)s::UUID, %(investigation_id)s::UUID, %(collector_name)s, %(status)s, %(version)s, %(started_at)s, %(completed_at)s, %(duration_ms)s, %(evidence_json)s::JSONB, %(error)s, %(raw_artifact_hash)s)
2026-03-02 12:02:11,668 INFO sqlalchemy.engine.Engine [cached since 0.01024s ago] {'id': UUID('bb82f398-79a0-42a0-b6e5-32bac0e71c8a'), 'investigation_id': UUID('9a25b8f8-329a-4492-a384-dbc98733e973'), 'collector_name': 'tls', 'status': 'completed', 'version': '1.0.0', 'started_at': None, 'completed_at': None, 'duration_ms': 500, 'evidence_json': '{"meta": {"collector": "tls", "version": "1.0.0", "status": "completed", "started_at": "2026-03-02T10:00:03.619777Z", "completed_at": "2026-03-02T10: ... (590 characters truncated) ... , "is_self_signed": false, "chain_length": 1, "chain_issuers": [], "cert_sha256": "14d9d13c384e312ad0598e8173129ed7c360881bdaf0805445cda5dbaa1d01c6"}', 'error': None, 'raw_artifact_hash': None}
2026-03-02 12:02:11,672 INFO sqlalchemy.engine.Engine INSERT INTO collector_results (id, investigation_id, collector_name, status, version, started_at, completed_at, duration_ms, evidence_json, error, raw_artifact_hash) VALUES (%(id)s::UUID, %(investigation_id)s::UUID, %(collector_name)s, %(status)s, %(version)s, %(started_at)s, %(completed_at)s, %(duration_ms)s, %(evidence_json)s::JSONB, %(error)s, %(raw_artifact_hash)s)
2026-03-02 12:02:11,674 INFO sqlalchemy.engine.Engine [cached since 0.01593s ago] {'id': UUID('3296c670-3e94-45e5-904a-fad6418bc7a8'), 'investigation_id': UUID('9a25b8f8-329a-4492-a384-dbc98733e973'), 'collector_name': 'asn', 'status': 'completed', 'version': '1.0.0', 'started_at': None, 'completed_at': None, 'duration_ms': 625, 'evidence_json': '{"meta": {"collector": "asn", "version": "1.0.0", "status": "completed", "started_at": "2026-03-02T10:00:03.622926Z", "completed_at": "2026-03-02T10: ... (278 characters truncated) ... ountry": "Netherlands", "city": "Amsterdam", "is_cdn": false, "is_cloud": true, "is_hosting": true, "reverse_dns": "", "related_domains_same_ip": []}', 'error': None, 'raw_artifact_hash': None}
2026-03-02 12:02:11,678 INFO sqlalchemy.engine.Engine INSERT INTO collector_results (id, investigation_id, collector_name, status, version, started_at, completed_at, duration_ms, evidence_json, error, raw_artifact_hash) VALUES (%(id)s::UUID, %(investigation_id)s::UUID, %(collector_name)s, %(status)s, %(version)s, %(started_at)s, %(completed_at)s, %(duration_ms)s, %(evidence_json)s::JSONB, %(error)s, %(raw_artifact_hash)s)
2026-03-02 12:02:11,679 INFO sqlalchemy.engine.Engine [cached since 0.02133s ago] {'id': UUID('e6805a65-408d-4c63-abee-e7c86e96aa4f'), 'investigation_id': UUID('9a25b8f8-329a-4492-a384-dbc98733e973'), 'collector_name': 'whois', 'status': 'completed', 'version': '1.0.0', 'started_at': None, 'completed_at': None, 'duration_ms': 1625, 'evidence_json': '{"meta": {"collector": "whois", "version": "1.0.0", "status": "completed", "started_at": "2026-03-02T10:00:03.621928Z", "completed_at": "2026-03-02T1 ... (447 characters truncated) ... asket.com", "ns.fr.hostbasket.com", "ns.nl.hostbasket.com"], "statuses": ["clientTransferProhibited https://icann.org/epp#clientTransferProhibited"]}', 'error': None, 'raw_artifact_hash': None}
2026-03-02 12:02:11,683 INFO sqlalchemy.engine.Engine INSERT INTO collector_results (id, investigation_id, collector_name, status, version, started_at, completed_at, duration_ms, evidence_json, error, raw_artifact_hash) VALUES (%(id)s::UUID, %(investigation_id)s::UUID, %(collector_name)s, %(status)s, %(version)s, %(started_at)s, %(completed_at)s, %(duration_ms)s, %(evidence_json)s::JSONB, %(error)s, %(raw_artifact_hash)s)
2026-03-02 12:02:11,685 INFO sqlalchemy.engine.Engine [cached since 0.02678s ago] {'id': UUID('4978eb2c-3aab-4ea0-9374-a138eb79633d'), 'investigation_id': UUID('9a25b8f8-329a-4492-a384-dbc98733e973'), 'collector_name': 'vt', 'status': 'completed', 'version': '1.0.0', 'started_at': None, 'completed_at': None, 'duration_ms': 3016, 'evidence_json': '{"meta": {"collector": "vt", "version": "1.0.0", "status": "completed", "started_at": "2026-03-02T10:00:03.669126Z", "completed_at": "2026-03-02T10:0 ... (10321 characters truncated) ... ted", "vt_cert_subject": "*.expertware.net", "vt_registrar": "Ascio Technologies, Inc", "tags": [], "notes": [], "file_name": null, "file_names": []}', 'error': None, 'raw_artifact_hash': None}
2026-03-02 12:02:11,692 INFO sqlalchemy.engine.Engine INSERT INTO collector_results (id, investigation_id, collector_name, status, version, started_at, completed_at, duration_ms, evidence_json, error, raw_artifact_hash) VALUES (%(id)s::UUID, %(investigation_id)s::UUID, %(collector_name)s, %(status)s, %(version)s, %(started_at)s, %(completed_at)s, %(duration_ms)s, %(evidence_json)s::JSONB, %(error)s, %(raw_artifact_hash)s)
2026-03-02 12:02:11,694 INFO sqlalchemy.engine.Engine [cached since 0.03574s ago] {'id': UUID('21e8b03d-e759-455e-b382-a816545da80d'), 'investigation_id': UUID('9a25b8f8-329a-4492-a384-dbc98733e973'), 'collector_name': 'http', 'status': 'completed', 'version': '1.0.0', 'started_at': None, 'completed_at': None, 'duration_ms': 3391, 'evidence_json': '{"meta": {"collector": "http", "version": "1.0.0", "status": "completed", "started_at": "2026-03-02T10:00:03.618649Z", "completed_at": "2026-03-02T10 ... (1710 characters truncated) ... _resources": ["platform.twitter.com", "px.ads.linkedin.com", "unpkg.com", "www.gdprprivacynotice.com", "www.google.com", "www.googletagmanager.com"]}', 'error': None, 'raw_artifact_hash': None}
2026-03-02 12:02:11,698 INFO sqlalchemy.engine.Engine INSERT INTO collector_results (id, investigation_id, collector_name, status, version, started_at, completed_at, duration_ms, evidence_json, error, raw_artifact_hash) VALUES (%(id)s::UUID, %(investigation_id)s::UUID, %(collector_name)s, %(status)s, %(version)s, %(started_at)s, %(completed_at)s, %(duration_ms)s, %(evidence_json)s::JSONB, %(error)s, %(raw_artifact_hash)s)
2026-03-02 12:02:11,700 INFO sqlalchemy.engine.Engine [cached since 0.04149s ago] {'id': UUID('c237fe6d-dfe1-45fa-898d-0b659379894f'), 'investigation_id': UUID('9a25b8f8-329a-4492-a384-dbc98733e973'), 'collector_name': 'threat_feeds', 'status': 'completed', 'version': '1.0.0', 'started_at': None, 'completed_at': None, 'duration_ms': 4750, 'evidence_json': '{"meta": {"collector": "threat_feeds", "version": "1.0.0", "status": "completed", "started_at": "2026-03-02T10:00:03.747449Z", "completed_at": "2026- ... (512 characters truncated) ... matches": [], "openphish_listed": false, "feeds_checked": ["phishtank", "openphish", "abuseipdb"], "feeds_skipped": ["threatfox (error: HTTPError)"]}', 'error': None, 'raw_artifact_hash': None}
2026-03-02 12:02:11,703 INFO sqlalchemy.engine.Engine INSERT INTO collector_results (id, investigation_id, collector_name, status, version, started_at, completed_at, duration_ms, evidence_json, error, raw_artifact_hash) VALUES (%(id)s::UUID, %(investigation_id)s::UUID, %(collector_name)s, %(status)s, %(version)s, %(started_at)s, %(completed_at)s, %(duration_ms)s, %(evidence_json)s::JSONB, %(error)s, %(raw_artifact_hash)s)
2026-03-02 12:02:11,704 INFO sqlalchemy.engine.Engine [cached since 0.04677s ago] {'id': UUID('dacd7d05-c3c9-4e1c-88dd-181a74476390'), 'investigation_id': UUID('9a25b8f8-329a-4492-a384-dbc98733e973'), 'collector_name': 'intel', 'status': 'completed', 'version': '1.0.0', 'started_at': None, 'completed_at': None, 'duration_ms': 5360, 'evidence_json': '{"meta": {"collector": "intel", "version": "1.0.0", "status": "completed", "started_at": "2026-03-02T10:00:03.653673Z", "completed_at": "2026-03-02T1 ... (19887 characters truncated) ... t_before": "2017-08-31T00:00:00", "not_after": "2017-11-29T23:59:59", "entry_timestamp": "2017-09-03T23:22:50", "name_value": "www.expertware.net"}]}', 'error': None, 'raw_artifact_hash': None}
2026-03-02 12:02:11,721 INFO sqlalchemy.engine.Engine INSERT INTO collector_results (id, investigation_id, collector_name, status, version, started_at, completed_at, duration_ms, evidence_json, error, raw_artifact_hash) VALUES (%(id)s::UUID, %(investigation_id)s::UUID, %(collector_name)s, %(status)s, %(version)s, %(started_at)s, %(completed_at)s, %(duration_ms)s, %(evidence_json)s::JSONB, %(error)s, %(raw_artifact_hash)s)
2026-03-02 12:02:11,723 INFO sqlalchemy.engine.Engine [cached since 0.0651s ago] {'id': UUID('2547cf38-cd54-4530-bbc0-cb4ed8df8362'), 'investigation_id': UUID('9a25b8f8-329a-4492-a384-dbc98733e973'), 'collector_name': 'urlscan', 'status': 'completed', 'version': '1.0.0', 'started_at': None, 'completed_at': None, 'duration_ms': 28889, 'evidence_json': '{"meta": {"collector": "urlscan", "version": "1.0.0", "status": "completed", "started_at": "2026-03-02T10:00:03.757240Z", "completed_at": "2026-03-02 ... (1030 characters truncated) ... ries": [], "brands": [], "votesTotal": 0, "votesMalicious": 0, "votesBenign": 0, "malicious": false, "hasVerdicts": false}}, "tags": [], "notes": []}', 'error': None, 'raw_artifact_hash': None}
2026-03-02 12:02:11,729 INFO sqlalchemy.engine.Engine INSERT INTO iocs (id, investigation_id, type, value, context, confidence) VALUES (%(id__0)s::UUID, %(investigation_id__0)s::UUID, %(type__0)s, %(value__0)s, %(context__0)s, %(confidence__0)s), (%(id__1)s::UUID, %(investigation_id__1)s::UUID, %(type__ ... 324 characters truncated ... ID, %(type__4)s, %(value__4)s, %(context__4)s, %(confidence__4)s) RETURNING iocs.created_at, iocs.id
2026-03-02 12:02:11,730 INFO sqlalchemy.engine.Engine [generated in 0.00022s (insertmanyvalues) 1/1 (ordered)] {'context__0': 'Investigated domain (public website)', 'type__0': 'domain', 'investigation_id__0': UUID('9a25b8f8-329a-4492-a384-dbc98733e973'), 'value__0': 'expertware.net', 'confidence__0': 'high', 'id__0': UUID('7b2b5266-a2ef-4e37-943d-cb7edcd2f427'), 'context__1': 'A record for expertware.net; Microsoft Azure App Service (westeurope)', 'type__1': 'ip', 'investigation_id__1': UUID('9a25b8f8-329a-4492-a384-dbc98733e973'), 'value__1': '52.178.90.230', 'confidence__1': 'high', 'id__1': UUID('831401ea-11ba-4142-9496-47c8326c1406'), 'context__2': 'Final reachable URL serving homepage', 'type__2': 'url', 'investigation_id__2': UUID('9a25b8f8-329a-4492-a384-dbc98733e973'), 'value__2': 'https://expertware.net/', 'confidence__2': 'high', 'id__2': UUID('3cbe231f-d4a4-43fa-8a6e-68143532814c'), 'context__3': 'MX host for email delivery (Exchange Online)', 'type__3': 'domain', 'investigation_id__3': UUID('9a25b8f8-329a-4492-a384-dbc98733e973'), 'value__3': 'expertware-net.mail.protection.outlook.com', 'confidence__3': 'high', 'id__3': UUID('5e3552a0-09c1-474b-bde3-124e7adc7d72'), 'context__4': 'TLS certificate SHA256 (Sectigo wildcard cert)', 'type__4': 'hash', 'investigation_id__4': UUID('9a25b8f8-329a-4492-a384-dbc98733e973'), 'value__4': '14d9d13c384e312ad0598e8173129ed7c360881bdaf0805445cda5dbaa1d01c6', 'confidence__4': 'high', 'id__4': UUID('4329ca65-0c75-4dc2-ad6c-04c5a42d45b2')}
2026-03-02 12:02:11,740 INFO sqlalchemy.engine.Engine SELECT whois_history.id, whois_history.domain, whois_history.whois_json, whois_history.captured_at, whois_history.investigation_id, whois_history.changes_from_previous 
FROM whois_history 
WHERE whois_history.domain = %(domain_1)s ORDER BY whois_history.captured_at DESC 
 LIMIT %(param_1)s
2026-03-02 12:02:11,742 INFO sqlalchemy.engine.Engine [generated in 0.00134s] {'domain_1': 'expertware.net', 'param_1': 1}
2026-03-02 12:02:11,750 INFO sqlalchemy.engine.Engine INSERT INTO whois_history (id, domain, whois_json, investigation_id, changes_from_previous) VALUES (%(id)s::UUID, %(domain)s, %(whois_json)s::JSONB, %(investigation_id)s::UUID, %(changes_from_previous)s::JSONB) RETURNING whois_history.captured_at
2026-03-02 12:02:11,752 INFO sqlalchemy.engine.Engine [generated in 0.00180s] {'id': UUID('f622120c-f8c6-464b-bab3-d59b8cf6325c'), 'domain': 'expertware.net', 'whois_json': '{"meta": {"collector": "whois", "version": "1.0.0", "status": "completed", "started_at": "2026-03-02T10:00:03.621928Z", "completed_at": "2026-03-02T1 ... (447 characters truncated) ... asket.com", "ns.fr.hostbasket.com", "ns.nl.hostbasket.com"], "statuses": ["clientTransferProhibited https://icann.org/epp#clientTransferProhibited"]}', 'investigation_id': UUID('9a25b8f8-329a-4492-a384-dbc98733e973'), 'changes_from_previous': 'null'}
2026-03-02 12:02:11,756 INFO sqlalchemy.engine.Engine COMMIT
2026-03-02 12:02:11,766 INFO sqlalchemy.engine.Engine BEGIN (implicit)
2026-03-02 12:02:11,770 INFO sqlalchemy.engine.Engine SELECT investigations.id AS investigations_id, investigations.domain AS investigations_domain, investigations.observable_type AS investigations_observable_type, investigations.state AS investigations_state, investigations.context AS investigations_context, investigations.client_domain AS investigations_client_domain, investigations.batch_id AS investigations_batch_id, investigations.created_at AS investigations_created_at, investigations.updated_at AS investigations_updated_at, investigations.concluded_at AS investigations_concluded_at, investigations.classification AS investigations_classification, investigations.confidence AS investigations_confidence, investigations.risk_score AS investigations_risk_score, investigations.recommended_action AS investigations_recommended_action, investigations.analyst_iterations AS investigations_analyst_iterations, investigations.max_analyst_iterations AS investigations_max_analyst_iterations 
FROM investigations 
WHERE investigations.id = %(pk_1)s::UUID
2026-03-02 12:02:11,771 INFO sqlalchemy.engine.Engine [generated in 0.00139s] {'pk_1': UUID('9a25b8f8-329a-4492-a384-dbc98733e973')}
2026-03-02 12:02:11,776 INFO sqlalchemy.engine.Engine ROLLBACK
