[config] Loaded .env from: C:\Users\tmoscaliuc\Downloads\script\threat-investigator\threat-intel\backend\.env
[config] Settings loaded — VT key: SET
 
 -------------- celery-local-8000-20260302-130542@EXP-JFW2P34 v5.6.2 (recovery)
--- ***** ----- 
-- ******* ---- Windows-11-10.0.26200-SP0 2026-03-02 13:05:48
- *** --- * --- 
- ** ---------- [config]
- ** ---------- .> app:         threat_intel:0x1f0ed4226c0
- ** ---------- .> transport:   redis://127.0.0.1:6379/5
- ** ---------- .> results:     redis://127.0.0.1:6379/6
- *** --- * --- .> concurrency: 8 (thread)
-- ******* ---- .> task events: OFF (enable -E to monitor tasks in this worker)
--- ***** ----- 
 -------------- [queues]
                .> investigations   exchange=investigations(direct) key=investigations
                

[tasks]
  . tasks.process_batch
  . tasks.run_analysis
  . tasks.run_collector
  . tasks.run_investigation
  . tasks.watchlist_check

2026-03-02 13:05:49,528 INFO sqlalchemy.engine.Engine select pg_catalog.version()
2026-03-02 13:05:49,530 INFO sqlalchemy.engine.Engine [raw sql] {}
2026-03-02 13:05:49,535 INFO sqlalchemy.engine.Engine select current_schema()
2026-03-02 13:05:49,536 INFO sqlalchemy.engine.Engine [raw sql] {}
2026-03-02 13:05:49,540 INFO sqlalchemy.engine.Engine show standard_conforming_strings
2026-03-02 13:05:49,541 INFO sqlalchemy.engine.Engine [raw sql] {}
2026-03-02 13:05:49,545 INFO sqlalchemy.engine.Engine BEGIN (implicit)
2026-03-02 13:05:49,584 INFO sqlalchemy.engine.Engine SELECT investigations.id AS investigations_id, investigations.domain AS investigations_domain, investigations.observable_type AS investigations_observable_type, investigations.state AS investigations_state, investigations.context AS investigations_context, investigations.client_domain AS investigations_client_domain, investigations.batch_id AS investigations_batch_id, investigations.created_at AS investigations_created_at, investigations.updated_at AS investigations_updated_at, investigations.concluded_at AS investigations_concluded_at, investigations.classification AS investigations_classification, investigations.confidence AS investigations_confidence, investigations.risk_score AS investigations_risk_score, investigations.recommended_action AS investigations_recommended_action, investigations.analyst_iterations AS investigations_analyst_iterations, investigations.max_analyst_iterations AS investigations_max_analyst_iterations 
FROM investigations 
WHERE investigations.id = %(pk_1)s::UUID
2026-03-02 13:05:49,587 INFO sqlalchemy.engine.Engine [generated in 0.00248s] {'pk_1': UUID('85e55855-5ed5-46bf-b651-192a9a01fe6a')}
2026-03-02 13:05:49,595 INFO sqlalchemy.engine.Engine ROLLBACK
2026-03-02 13:05:49,599 INFO sqlalchemy.engine.Engine BEGIN (implicit)
2026-03-02 13:05:49,601 INFO sqlalchemy.engine.Engine SELECT investigations.id AS investigations_id, investigations.domain AS investigations_domain, investigations.observable_type AS investigations_observable_type, investigations.state AS investigations_state, investigations.context AS investigations_context, investigations.client_domain AS investigations_client_domain, investigations.batch_id AS investigations_batch_id, investigations.created_at AS investigations_created_at, investigations.updated_at AS investigations_updated_at, investigations.concluded_at AS investigations_concluded_at, investigations.classification AS investigations_classification, investigations.confidence AS investigations_confidence, investigations.risk_score AS investigations_risk_score, investigations.recommended_action AS investigations_recommended_action, investigations.analyst_iterations AS investigations_analyst_iterations, investigations.max_analyst_iterations AS investigations_max_analyst_iterations 
FROM investigations 
WHERE investigations.id = %(pk_1)s::UUID
2026-03-02 13:05:49,602 INFO sqlalchemy.engine.Engine [cached since 0.01749s ago] {'pk_1': UUID('85e55855-5ed5-46bf-b651-192a9a01fe6a')}
2026-03-02 13:05:49,609 INFO sqlalchemy.engine.Engine UPDATE investigations SET state=%(state)s, updated_at=%(updated_at)s WHERE investigations.id = %(investigations_id)s::UUID
2026-03-02 13:05:49,610 INFO sqlalchemy.engine.Engine [generated in 0.00164s] {'state': 'gathering', 'updated_at': datetime.datetime(2026, 3, 2, 11, 5, 49, 607033, tzinfo=datetime.timezone.utc), 'investigations_id': UUID('85e55855-5ed5-46bf-b651-192a9a01fe6a')}
2026-03-02 13:05:49,615 INFO sqlalchemy.engine.Engine COMMIT
2026-03-02 13:06:27,076 INFO sqlalchemy.engine.Engine BEGIN (implicit)
2026-03-02 13:06:27,078 INFO sqlalchemy.engine.Engine SELECT investigations.id AS investigations_id, investigations.domain AS investigations_domain, investigations.observable_type AS investigations_observable_type, investigations.state AS investigations_state, investigations.context AS investigations_context, investigations.client_domain AS investigations_client_domain, investigations.batch_id AS investigations_batch_id, investigations.created_at AS investigations_created_at, investigations.updated_at AS investigations_updated_at, investigations.concluded_at AS investigations_concluded_at, investigations.classification AS investigations_classification, investigations.confidence AS investigations_confidence, investigations.risk_score AS investigations_risk_score, investigations.recommended_action AS investigations_recommended_action, investigations.analyst_iterations AS investigations_analyst_iterations, investigations.max_analyst_iterations AS investigations_max_analyst_iterations 
FROM investigations 
WHERE investigations.id = %(pk_1)s::UUID
2026-03-02 13:06:27,079 INFO sqlalchemy.engine.Engine [cached since 37.49s ago] {'pk_1': UUID('1179db9d-81d9-466d-84c1-01d8e2530c40')}
2026-03-02 13:06:27,084 INFO sqlalchemy.engine.Engine ROLLBACK
2026-03-02 13:06:27,089 INFO sqlalchemy.engine.Engine BEGIN (implicit)
2026-03-02 13:06:27,091 INFO sqlalchemy.engine.Engine SELECT investigations.id AS investigations_id, investigations.domain AS investigations_domain, investigations.observable_type AS investigations_observable_type, investigations.state AS investigations_state, investigations.context AS investigations_context, investigations.client_domain AS investigations_client_domain, investigations.batch_id AS investigations_batch_id, investigations.created_at AS investigations_created_at, investigations.updated_at AS investigations_updated_at, investigations.concluded_at AS investigations_concluded_at, investigations.classification AS investigations_classification, investigations.confidence AS investigations_confidence, investigations.risk_score AS investigations_risk_score, investigations.recommended_action AS investigations_recommended_action, investigations.analyst_iterations AS investigations_analyst_iterations, investigations.max_analyst_iterations AS investigations_max_analyst_iterations 
FROM investigations 
WHERE investigations.id = %(pk_1)s::UUID
2026-03-02 13:06:27,091 INFO sqlalchemy.engine.Engine [cached since 37.51s ago] {'pk_1': UUID('1179db9d-81d9-466d-84c1-01d8e2530c40')}
2026-03-02 13:06:27,097 INFO sqlalchemy.engine.Engine UPDATE investigations SET state=%(state)s, updated_at=%(updated_at)s WHERE investigations.id = %(investigations_id)s::UUID
2026-03-02 13:06:27,098 INFO sqlalchemy.engine.Engine [cached since 37.49s ago] {'state': 'gathering', 'updated_at': datetime.datetime(2026, 3, 2, 11, 6, 27, 96196, tzinfo=datetime.timezone.utc), 'investigations_id': UUID('1179db9d-81d9-466d-84c1-01d8e2530c40')}
2026-03-02 13:06:27,101 INFO sqlalchemy.engine.Engine COMMIT
2026-03-02 13:06:29,985 INFO sqlalchemy.engine.Engine BEGIN (implicit)
2026-03-02 13:06:29,986 INFO sqlalchemy.engine.Engine SELECT investigations.id AS investigations_id, investigations.domain AS investigations_domain, investigations.observable_type AS investigations_observable_type, investigations.state AS investigations_state, investigations.context AS investigations_context, investigations.client_domain AS investigations_client_domain, investigations.batch_id AS investigations_batch_id, investigations.created_at AS investigations_created_at, investigations.updated_at AS investigations_updated_at, investigations.concluded_at AS investigations_concluded_at, investigations.classification AS investigations_classification, investigations.confidence AS investigations_confidence, investigations.risk_score AS investigations_risk_score, investigations.recommended_action AS investigations_recommended_action, investigations.analyst_iterations AS investigations_analyst_iterations, investigations.max_analyst_iterations AS investigations_max_analyst_iterations 
FROM investigations 
WHERE investigations.id = %(pk_1)s::UUID
2026-03-02 13:06:29,988 INFO sqlalchemy.engine.Engine [cached since 40.4s ago] {'pk_1': UUID('85e55855-5ed5-46bf-b651-192a9a01fe6a')}
2026-03-02 13:06:29,994 INFO sqlalchemy.engine.Engine UPDATE investigations SET state=%(state)s, updated_at=%(updated_at)s WHERE investigations.id = %(investigations_id)s::UUID
2026-03-02 13:06:29,996 INFO sqlalchemy.engine.Engine [cached since 40.39s ago] {'state': 'evaluating', 'updated_at': datetime.datetime(2026, 3, 2, 11, 6, 29, 994525, tzinfo=datetime.timezone.utc), 'investigations_id': UUID('85e55855-5ed5-46bf-b651-192a9a01fe6a')}
2026-03-02 13:06:29,999 INFO sqlalchemy.engine.Engine COMMIT
2026-03-02 13:06:31,421 INFO sqlalchemy.engine.Engine BEGIN (implicit)
2026-03-02 13:06:31,424 INFO sqlalchemy.engine.Engine 
                        SELECT i.domain
                        FROM investigations i
                        JOIN evidence e ON e.investigation_id = i.id
                        WHERE i.id != %(exc_id)s
                          AND i.state = 'concluded'
                          AND e.evidence_json->'dns'->'ns' @> :ns_val::jsonb
                        LIMIT 20
                    
2026-03-02 13:06:31,425 INFO sqlalchemy.engine.Engine [generated in 0.00076s] {'exc_id': '85e55855-5ed5-46bf-b651-192a9a01fe6a'}
2026-03-02 13:06:31,434 INFO sqlalchemy.engine.Engine 
                        SELECT i.domain
                        FROM investigations i
                        JOIN evidence e ON e.investigation_id = i.id
                        WHERE i.id != %(exc_id)s
                          AND i.state = 'concluded'
                          AND e.evidence_json->'dns'->'ns' @> :ns_val::jsonb
                        LIMIT 20
                    
2026-03-02 13:06:31,435 INFO sqlalchemy.engine.Engine [cached since 0.01175s ago] {'exc_id': '85e55855-5ed5-46bf-b651-192a9a01fe6a'}
2026-03-02 13:06:31,438 INFO sqlalchemy.engine.Engine ROLLBACK
2026-03-02 13:07:07,267 INFO sqlalchemy.engine.Engine BEGIN (implicit)
2026-03-02 13:07:07,268 INFO sqlalchemy.engine.Engine SELECT investigations.id AS investigations_id, investigations.domain AS investigations_domain, investigations.observable_type AS investigations_observable_type, investigations.state AS investigations_state, investigations.context AS investigations_context, investigations.client_domain AS investigations_client_domain, investigations.batch_id AS investigations_batch_id, investigations.created_at AS investigations_created_at, investigations.updated_at AS investigations_updated_at, investigations.concluded_at AS investigations_concluded_at, investigations.classification AS investigations_classification, investigations.confidence AS investigations_confidence, investigations.risk_score AS investigations_risk_score, investigations.recommended_action AS investigations_recommended_action, investigations.analyst_iterations AS investigations_analyst_iterations, investigations.max_analyst_iterations AS investigations_max_analyst_iterations 
FROM investigations 
WHERE investigations.id = %(pk_1)s::UUID
2026-03-02 13:07:07,268 INFO sqlalchemy.engine.Engine [cached since 77.68s ago] {'pk_1': UUID('1179db9d-81d9-466d-84c1-01d8e2530c40')}
2026-03-02 13:07:07,271 INFO sqlalchemy.engine.Engine UPDATE investigations SET state=%(state)s, updated_at=%(updated_at)s WHERE investigations.id = %(investigations_id)s::UUID
2026-03-02 13:07:07,271 INFO sqlalchemy.engine.Engine [cached since 77.66s ago] {'state': 'evaluating', 'updated_at': datetime.datetime(2026, 3, 2, 11, 7, 7, 271140, tzinfo=datetime.timezone.utc), 'investigations_id': UUID('1179db9d-81d9-466d-84c1-01d8e2530c40')}
2026-03-02 13:07:07,274 INFO sqlalchemy.engine.Engine COMMIT
2026-03-02 13:07:08,423 INFO sqlalchemy.engine.Engine BEGIN (implicit)
2026-03-02 13:07:08,424 INFO sqlalchemy.engine.Engine 
                        SELECT i.domain
                        FROM investigations i
                        JOIN evidence e ON e.investigation_id = i.id
                        WHERE i.id != %(exc_id)s
                          AND i.state = 'concluded'
                          AND e.evidence_json->'dns'->'ns' @> :ns_val::jsonb
                        LIMIT 20
                    
2026-03-02 13:07:08,425 INFO sqlalchemy.engine.Engine [cached since 37s ago] {'exc_id': '1179db9d-81d9-466d-84c1-01d8e2530c40'}
2026-03-02 13:07:08,427 INFO sqlalchemy.engine.Engine 
                        SELECT i.domain
                        FROM investigations i
                        JOIN evidence e ON e.investigation_id = i.id
                        WHERE i.id != %(exc_id)s
                          AND i.state = 'concluded'
                          AND e.evidence_json->'dns'->'ns' @> :ns_val::jsonb
                        LIMIT 20
                    
2026-03-02 13:07:08,427 INFO sqlalchemy.engine.Engine [cached since 37s ago] {'exc_id': '1179db9d-81d9-466d-84c1-01d8e2530c40'}
2026-03-02 13:07:08,429 INFO sqlalchemy.engine.Engine ROLLBACK
2026-03-02 13:07:58,453 INFO sqlalchemy.engine.Engine BEGIN (implicit)
2026-03-02 13:07:58,455 INFO sqlalchemy.engine.Engine SELECT investigations.id AS investigations_id, investigations.domain AS investigations_domain, investigations.observable_type AS investigations_observable_type, investigations.state AS investigations_state, investigations.context AS investigations_context, investigations.client_domain AS investigations_client_domain, investigations.batch_id AS investigations_batch_id, investigations.created_at AS investigations_created_at, investigations.updated_at AS investigations_updated_at, investigations.concluded_at AS investigations_concluded_at, investigations.classification AS investigations_classification, investigations.confidence AS investigations_confidence, investigations.risk_score AS investigations_risk_score, investigations.recommended_action AS investigations_recommended_action, investigations.analyst_iterations AS investigations_analyst_iterations, investigations.max_analyst_iterations AS investigations_max_analyst_iterations 
FROM investigations 
WHERE investigations.id = %(pk_1)s::UUID
2026-03-02 13:07:58,456 INFO sqlalchemy.engine.Engine [cached since 128.9s ago] {'pk_1': UUID('85e55855-5ed5-46bf-b651-192a9a01fe6a')}
2026-03-02 13:07:58,461 INFO sqlalchemy.engine.Engine UPDATE investigations SET state=%(state)s, updated_at=now(), concluded_at=%(concluded_at)s, classification=%(classification)s, confidence=%(confidence)s, risk_score=%(risk_score)s, recommended_action=%(recommended_action)s WHERE investigations.id = %(investigations_id)s::UUID
2026-03-02 13:07:58,462 INFO sqlalchemy.engine.Engine [generated in 0.00102s] {'state': 'concluded', 'concluded_at': datetime.datetime(2026, 3, 2, 11, 7, 58, 461228, tzinfo=datetime.timezone.utc), 'classification': 'suspicious', 'confidence': 'medium', 'risk_score': 60, 'recommended_action': 'investigate', 'investigations_id': UUID('85e55855-5ed5-46bf-b651-192a9a01fe6a')}
2026-03-02 13:07:58,469 INFO sqlalchemy.engine.Engine INSERT INTO evidence (id, investigation_id, evidence_json, signals, data_gaps, external_context) VALUES (%(id)s::UUID, %(investigation_id)s::UUID, %(evidence_json)s::JSONB, %(signals)s::JSONB, %(data_gaps)s::JSONB, %(external_context)s::JSONB) RETURNING evidence.created_at
2026-03-02 13:07:58,471 INFO sqlalchemy.engine.Engine [generated in 0.00237s] {'id': UUID('e0d1bd6f-5146-41e1-acf4-222535344f91'), 'investigation_id': UUID('85e55855-5ed5-46bf-b651-192a9a01fe6a'), 'evidence_json': '{"domain": "adidas-samba.de", "observable_type": "domain", "investigation_id": "85e55855-5ed5-46bf-b651-192a9a01fe6a", "target_domain": "adidas-samba ... (42556 characters truncated) ... timings_ms": {"email_security": 141, "infrastructure_correlation": 1281, "signals_and_gaps": 0, "report_generation": 86984, "analysis_total": 88437}}', 'signals': '[{"id": "sig_no_dmarc", "category": "email_security", "description": "No DMARC record \\u2014 domain can be spoofed in email", "severity": "low", "ev ... (1464 characters truncated) ... ertificate issuers across 29 certs \\u2014 infrastructure changes over time", "severity": "info", "evidence_refs": ["cert_timeline.unique_issuers"]}]', 'data_gaps': '[{"id": "gap_whois_age", "description": "Domain creation date unavailable despite successful WHOIS query", "collector": "whois", "reason": "WHOIS dat ... (209 characters truncated) ... /HTTPS", "collector": "http", "reason": "Connection refused or timed out", "impact": "Cannot assess web content, login forms, or redirect behavior"}]', 'external_context': 'null'}
2026-03-02 13:07:58,481 INFO sqlalchemy.engine.Engine INSERT INTO reports (id, investigation_id, iteration, report_json, executive_summary, technical_narrative, recommendations) VALUES (%(id)s::UUID, %(investigation_id)s::UUID, %(iteration)s, %(report_json)s::JSONB, %(executive_summary)s, %(technical_narrative)s, %(recommendations)s) RETURNING reports.created_at
2026-03-02 13:07:58,482 INFO sqlalchemy.engine.Engine [generated in 0.00111s] {'id': UUID('130e0956-13db-4c34-a4ab-65f8644b3224'), 'investigation_id': UUID('85e55855-5ed5-46bf-b651-192a9a01fe6a'), 'iteration': 0, 'report_json': '{"classification": "suspicious", "confidence": "medium", "investigation_state": "concluded", "primary_reasoning": "The domain exhibits multiple techn ... (12734 characters truncated) ... ven missing content-level proof, the legitimate explanation cannot be excluded, so classification is suspicious.", "recommendations_narrative": null}', 'executive_summary': "- Investigated observable: domain adidas-samba.de (domain investigation).\n- Key signals: 15/93 VirusTotal vendors flag the domain for phishing/malic ... (680 characters truncated) ... igate (obtain page screenshots/URLScan, WHOIS creation date, check historical captures); if phishing confirmed, block domain and coordinate takedown.", 'technical_narrative': '1. Baseline plausibility (legitimate hypothesis)\n   - A legitimate small business or reseller could legitimately use Cloudflare DNS/hosting and obta ... (2830 characters truncated) ... is not currently observable.\n   - Given missing content-level proof, the legitimate explanation cannot be excluded, so classification is suspicious.', 'recommendations': None}
2026-03-02 13:07:58,490 INFO sqlalchemy.engine.Engine INSERT INTO collector_results (id, investigation_id, collector_name, status, version, started_at, completed_at, duration_ms, evidence_json, error, raw_artifact_hash) VALUES (%(id)s::UUID, %(investigation_id)s::UUID, %(collector_name)s, %(status)s, %(version)s, %(started_at)s, %(completed_at)s, %(duration_ms)s, %(evidence_json)s::JSONB, %(error)s, %(raw_artifact_hash)s)
2026-03-02 13:07:58,492 INFO sqlalchemy.engine.Engine [generated in 0.00152s] {'id': UUID('5c51b91b-b2fc-4aab-be34-8f6b35c5e040'), 'investigation_id': UUID('85e55855-5ed5-46bf-b651-192a9a01fe6a'), 'collector_name': 'asn', 'status': 'completed', 'version': '1.0.0', 'started_at': None, 'completed_at': None, 'duration_ms': 437, 'evidence_json': '{"meta": {"collector": "asn", "version": "1.0.0", "status": "completed", "started_at": "2026-03-02T11:05:49.634963Z", "completed_at": "2026-03-02T11: ... (242 characters truncated) ... c.", "country": "Canada", "city": "Toronto", "is_cdn": true, "is_cloud": false, "is_hosting": true, "reverse_dns": "", "related_domains_same_ip": []}', 'error': None, 'raw_artifact_hash': None}
2026-03-02 13:07:58,497 INFO sqlalchemy.engine.Engine INSERT INTO collector_results (id, investigation_id, collector_name, status, version, started_at, completed_at, duration_ms, evidence_json, error, raw_artifact_hash) VALUES (%(id)s::UUID, %(investigation_id)s::UUID, %(collector_name)s, %(status)s, %(version)s, %(started_at)s, %(completed_at)s, %(duration_ms)s, %(evidence_json)s::JSONB, %(error)s, %(raw_artifact_hash)s)
2026-03-02 13:07:58,498 INFO sqlalchemy.engine.Engine [cached since 0.008642s ago] {'id': UUID('73f588b7-f444-47b2-83a6-418da0b47c68'), 'investigation_id': UUID('85e55855-5ed5-46bf-b651-192a9a01fe6a'), 'collector_name': 'dns', 'status': 'completed', 'version': '1.0.0', 'started_at': None, 'completed_at': None, 'duration_ms': 484, 'evidence_json': '{"meta": {"collector": "dns", "version": "1.0.0", "status": "completed", "started_at": "2026-03-02T11:05:49.629540Z", "completed_at": "2026-03-02T11: ... (973 characters truncated) ... s.cloudflare.com."], "txt": ["google-site-verification=SQ-IRS2GHu0a0p42DGJEo7RZsmMEiIIENaC4hYsUPDE"], "dmarc": null, "spf": null, "has_dnssec": null}', 'error': None, 'raw_artifact_hash': None}
2026-03-02 13:07:58,504 INFO sqlalchemy.engine.Engine INSERT INTO collector_results (id, investigation_id, collector_name, status, version, started_at, completed_at, duration_ms, evidence_json, error, raw_artifact_hash) VALUES (%(id)s::UUID, %(investigation_id)s::UUID, %(collector_name)s, %(status)s, %(version)s, %(started_at)s, %(completed_at)s, %(duration_ms)s, %(evidence_json)s::JSONB, %(error)s, %(raw_artifact_hash)s)
2026-03-02 13:07:58,505 INFO sqlalchemy.engine.Engine [cached since 0.01483s ago] {'id': UUID('0f32c93a-2d4a-41c0-8487-3bb7bce1da02'), 'investigation_id': UUID('85e55855-5ed5-46bf-b651-192a9a01fe6a'), 'collector_name': 'whois', 'status': 'completed', 'version': '1.0.0', 'started_at': None, 'completed_at': None, 'duration_ms': 577, 'evidence_json': '{"meta": {"collector": "whois", "version": "1.0.0", "status": "completed", "started_at": "2026-03-02T11:05:49.633885Z", "completed_at": "2026-03-02T1 ... (304 characters truncated) ... registrant_org": null, "registrant_country": null, "name_servers": ["serena.ns.cloudflare.com", "steven.ns.cloudflare.com"], "statuses": ["connect"]}', 'error': None, 'raw_artifact_hash': None}
2026-03-02 13:07:58,508 INFO sqlalchemy.engine.Engine INSERT INTO collector_results (id, investigation_id, collector_name, status, version, started_at, completed_at, duration_ms, evidence_json, error, raw_artifact_hash) VALUES (%(id)s::UUID, %(investigation_id)s::UUID, %(collector_name)s, %(status)s, %(version)s, %(started_at)s, %(completed_at)s, %(duration_ms)s, %(evidence_json)s::JSONB, %(error)s, %(raw_artifact_hash)s)
2026-03-02 13:07:58,509 INFO sqlalchemy.engine.Engine [cached since 0.01925s ago] {'id': UUID('469e8009-99d9-4704-b8d1-fcdb909b5c0c'), 'investigation_id': UUID('85e55855-5ed5-46bf-b651-192a9a01fe6a'), 'collector_name': 'vt', 'status': 'completed', 'version': '1.0.0', 'started_at': None, 'completed_at': None, 'duration_ms': 1436, 'evidence_json': '{"meta": {"collector": "vt", "version": "1.0.0", "status": "completed", "started_at": "2026-03-02T11:05:49.764621Z", "completed_at": "2026-03-02T11:0 ... (10402 characters truncated) ... er": "Google Trust Services", "vt_cert_subject": "adidas-samba.de", "vt_registrar": "", "tags": [], "notes": [], "file_name": null, "file_names": []}', 'error': None, 'raw_artifact_hash': None}
2026-03-02 13:07:58,514 INFO sqlalchemy.engine.Engine INSERT INTO collector_results (id, investigation_id, collector_name, status, version, started_at, completed_at, duration_ms, evidence_json, error, raw_artifact_hash) VALUES (%(id)s::UUID, %(investigation_id)s::UUID, %(collector_name)s, %(status)s, %(version)s, %(started_at)s, %(completed_at)s, %(duration_ms)s, %(evidence_json)s::JSONB, %(error)s, %(raw_artifact_hash)s)
2026-03-02 13:07:58,515 INFO sqlalchemy.engine.Engine [cached since 0.02492s ago] {'id': UUID('9f9f0d01-715d-4fd4-bae0-bfa02e15df1f'), 'investigation_id': UUID('85e55855-5ed5-46bf-b651-192a9a01fe6a'), 'collector_name': 'threat_feeds', 'status': 'completed', 'version': '1.0.0', 'started_at': None, 'completed_at': None, 'duration_ms': 2233, 'evidence_json': '{"meta": {"collector": "threat_feeds", "version": "1.0.0", "status": "completed", "started_at": "2026-03-02T11:05:49.778401Z", "completed_at": "2026- ... (529 characters truncated) ... matches": [], "openphish_listed": false, "feeds_checked": ["abuseipdb", "phishtank", "openphish"], "feeds_skipped": ["threatfox (error: HTTPError)"]}', 'error': None, 'raw_artifact_hash': None}
2026-03-02 13:07:58,518 INFO sqlalchemy.engine.Engine INSERT INTO collector_results (id, investigation_id, collector_name, status, version, started_at, completed_at, duration_ms, evidence_json, error, raw_artifact_hash) VALUES (%(id)s::UUID, %(investigation_id)s::UUID, %(collector_name)s, %(status)s, %(version)s, %(started_at)s, %(completed_at)s, %(duration_ms)s, %(evidence_json)s::JSONB, %(error)s, %(raw_artifact_hash)s)
2026-03-02 13:07:58,519 INFO sqlalchemy.engine.Engine [cached since 0.0293s ago] {'id': UUID('8cdb8540-acd1-46bb-be85-968eeb9b0d3a'), 'investigation_id': UUID('85e55855-5ed5-46bf-b651-192a9a01fe6a'), 'collector_name': 'intel', 'status': 'completed', 'version': '1.0.0', 'started_at': None, 'completed_at': None, 'duration_ms': 4500, 'evidence_json': '{"meta": {"collector": "intel", "version": "1.0.0", "status": "completed", "started_at": "2026-03-02T11:05:49.734872Z", "completed_at": "2026-03-02T1 ... (10480 characters truncated) ... 3T01:01:14", "not_after": "2024-04-02T01:01:13", "entry_timestamp": "2024-01-03T02:01:15.008", "name_value": "*.adidas-samba.de\\nadidas-samba.de"}]}', 'error': None, 'raw_artifact_hash': None}
2026-03-02 13:07:58,525 INFO sqlalchemy.engine.Engine INSERT INTO collector_results (id, investigation_id, collector_name, status, version, started_at, completed_at, duration_ms, evidence_json, error, raw_artifact_hash) VALUES (%(id)s::UUID, %(investigation_id)s::UUID, %(collector_name)s, %(status)s, %(version)s, %(started_at)s, %(completed_at)s, %(duration_ms)s, %(evidence_json)s::JSONB, %(error)s, %(raw_artifact_hash)s)
2026-03-02 13:07:58,526 INFO sqlalchemy.engine.Engine [cached since 0.03585s ago] {'id': UUID('1731a486-e613-4fef-b1b1-1ec6a582c9db'), 'investigation_id': UUID('85e55855-5ed5-46bf-b651-192a9a01fe6a'), 'collector_name': 'tls', 'status': 'completed', 'version': '1.0.0', 'started_at': None, 'completed_at': None, 'duration_ms': 20327, 'evidence_json': '{"meta": {"collector": "tls", "version": "1.0.0", "status": "completed", "started_at": "2026-03-02T11:05:49.632808Z", "completed_at": "2026-03-02T11: ... (243 characters truncated) ... ber": null, "signature_algorithm": null, "is_wildcard": null, "is_self_signed": null, "chain_length": null, "chain_issuers": [], "cert_sha256": null}', 'error': None, 'raw_artifact_hash': None}
2026-03-02 13:07:58,530 INFO sqlalchemy.engine.Engine INSERT INTO collector_results (id, investigation_id, collector_name, status, version, started_at, completed_at, duration_ms, evidence_json, error, raw_artifact_hash) VALUES (%(id)s::UUID, %(investigation_id)s::UUID, %(collector_name)s, %(status)s, %(version)s, %(started_at)s, %(completed_at)s, %(duration_ms)s, %(evidence_json)s::JSONB, %(error)s, %(raw_artifact_hash)s)
2026-03-02 13:07:58,532 INFO sqlalchemy.engine.Engine [cached since 0.04235s ago] {'id': UUID('6c586f26-86ac-4cbf-8745-0709c7ee7fd6'), 'investigation_id': UUID('85e55855-5ed5-46bf-b651-192a9a01fe6a'), 'collector_name': 'urlscan', 'status': 'completed', 'version': '1.0.0', 'started_at': None, 'completed_at': None, 'duration_ms': 37032, 'evidence_json': '{"meta": {"collector": "urlscan", "version": "1.0.0", "status": "completed", "started_at": "2026-03-02T11:05:49.789913Z", "completed_at": "2026-03-02 ... (251 characters truncated) ... _title": null, "screenshot_artifact_id": null, "requests_count": null, "verdicts": {}, "tags": [], "notes": ["URLScan analysis timed out after 30s"]}', 'error': None, 'raw_artifact_hash': None}
2026-03-02 13:07:58,545 INFO sqlalchemy.engine.Engine INSERT INTO collector_results (id, investigation_id, collector_name, status, version, started_at, completed_at, duration_ms, evidence_json, error, raw_artifact_hash) VALUES (%(id)s::UUID, %(investigation_id)s::UUID, %(collector_name)s, %(status)s, %(version)s, %(started_at)s, %(completed_at)s, %(duration_ms)s, %(evidence_json)s::JSONB, %(error)s, %(raw_artifact_hash)s)
2026-03-02 13:07:58,546 INFO sqlalchemy.engine.Engine [cached since 0.05714s ago] {'id': UUID('6ec817ce-72f3-4d3a-b26b-39f186efd23a'), 'investigation_id': UUID('85e55855-5ed5-46bf-b651-192a9a01fe6a'), 'collector_name': 'http', 'status': 'completed', 'version': '1.0.0', 'started_at': None, 'completed_at': None, 'duration_ms': 40343, 'evidence_json': '{"meta": {"collector": "http", "version": "1.0.0", "status": "completed", "started_at": "2026-03-02T11:05:49.630638Z", "completed_at": "2026-03-02T11 ... (323 characters truncated) ... nput_fields": null, "technologies_detected": [], "security_headers": {}, "brand_indicators": [], "phishing_indicators": [], "external_resources": []}', 'error': None, 'raw_artifact_hash': None}
2026-03-02 13:07:58,552 INFO sqlalchemy.engine.Engine INSERT INTO iocs (id, investigation_id, type, value, context, confidence) VALUES (%(id__0)s::UUID, %(investigation_id__0)s::UUID, %(type__0)s, %(value__0)s, %(context__0)s, %(confidence__0)s), (%(id__1)s::UUID, %(investigation_id__1)s::UUID, %(type__ ... 212 characters truncated ... ID, %(type__3)s, %(value__3)s, %(context__3)s, %(confidence__3)s) RETURNING iocs.created_at, iocs.id
2026-03-02 13:07:58,553 INFO sqlalchemy.engine.Engine [generated in 0.00014s (insertmanyvalues) 1/1 (ordered)] {'investigation_id__0': UUID('85e55855-5ed5-46bf-b651-192a9a01fe6a'), 'confidence__0': 'medium', 'value__0': 'adidas-samba.de', 'type__0': 'domain', 'context__0': 'Investigated domain; multiple VT vendors flag phishing; weak email security; unreachable web content at collection', 'id__0': UUID('8d80ad9e-1ba6-4cde-bde8-e59cb0296182'), 'investigation_id__1': UUID('85e55855-5ed5-46bf-b651-192a9a01fe6a'), 'confidence__1': 'medium', 'value__1': '188.114.97.3', 'type__1': 'ip', 'context__1': 'One of A records/hosting IPs; ASN 13335 Cloudflare — hosting location for domain', 'id__1': UUID('324eb1dd-6e91-43aa-9ca8-5ee02b830538'), 'investigation_id__2': UUID('85e55855-5ed5-46bf-b651-192a9a01fe6a'), 'confidence__2': 'medium', 'value__2': '188.114.96.3', 'type__2': 'ip', 'context__2': 'Second A record; Cloudflare anycast addresses returned in DNS', 'id__2': UUID('e35913d9-4a80-44a8-9e24-84adac810395'), 'investigation_id__3': UUID('85e55855-5ed5-46bf-b651-192a9a01fe6a'), 'confidence__3': 'low', 'value__3': '208.91.112.55', 'type__3': 'ip', 'context__3': "Resolved address for 'adidas-samba.de' in subdomains block; listed in infrastructure pivot and AbuseIPDB (low abuse score) — investigate as alternate hosting/back-end", 'id__3': UUID('18270fb8-09d1-42b8-ad77-ab496e60b903')}
2026-03-02 13:07:58,559 INFO sqlalchemy.engine.Engine SELECT whois_history.id, whois_history.domain, whois_history.whois_json, whois_history.captured_at, whois_history.investigation_id, whois_history.changes_from_previous 
FROM whois_history 
WHERE whois_history.domain = %(domain_1)s ORDER BY whois_history.captured_at DESC 
 LIMIT %(param_1)s
2026-03-02 13:07:58,561 INFO sqlalchemy.engine.Engine [generated in 0.00132s] {'domain_1': 'adidas-samba.de', 'param_1': 1}
2026-03-02 13:07:58,567 INFO sqlalchemy.engine.Engine INSERT INTO whois_history (id, domain, whois_json, investigation_id, changes_from_previous) VALUES (%(id)s::UUID, %(domain)s, %(whois_json)s::JSONB, %(investigation_id)s::UUID, %(changes_from_previous)s::JSONB) RETURNING whois_history.captured_at
2026-03-02 13:07:58,568 INFO sqlalchemy.engine.Engine [generated in 0.00158s] {'id': UUID('3ca2b111-a3ce-48f9-8b99-a5142b0713d4'), 'domain': 'adidas-samba.de', 'whois_json': '{"meta": {"collector": "whois", "version": "1.0.0", "status": "completed", "started_at": "2026-03-02T11:05:49.633885Z", "completed_at": "2026-03-02T1 ... (304 characters truncated) ... registrant_org": null, "registrant_country": null, "name_servers": ["serena.ns.cloudflare.com", "steven.ns.cloudflare.com"], "statuses": ["connect"]}', 'investigation_id': UUID('85e55855-5ed5-46bf-b651-192a9a01fe6a'), 'changes_from_previous': 'null'}
2026-03-02 13:07:58,573 INFO sqlalchemy.engine.Engine COMMIT
2026-03-02 13:07:58,584 INFO sqlalchemy.engine.Engine BEGIN (implicit)
2026-03-02 13:07:58,589 INFO sqlalchemy.engine.Engine SELECT investigations.id AS investigations_id, investigations.domain AS investigations_domain, investigations.observable_type AS investigations_observable_type, investigations.state AS investigations_state, investigations.context AS investigations_context, investigations.client_domain AS investigations_client_domain, investigations.batch_id AS investigations_batch_id, investigations.created_at AS investigations_created_at, investigations.updated_at AS investigations_updated_at, investigations.concluded_at AS investigations_concluded_at, investigations.classification AS investigations_classification, investigations.confidence AS investigations_confidence, investigations.risk_score AS investigations_risk_score, investigations.recommended_action AS investigations_recommended_action, investigations.analyst_iterations AS investigations_analyst_iterations, investigations.max_analyst_iterations AS investigations_max_analyst_iterations 
FROM investigations 
WHERE investigations.id = %(pk_1)s::UUID
2026-03-02 13:07:58,591 INFO sqlalchemy.engine.Engine [generated in 0.00210s] {'pk_1': UUID('85e55855-5ed5-46bf-b651-192a9a01fe6a')}
2026-03-02 13:07:58,600 INFO sqlalchemy.engine.Engine SELECT clients.id, clients.name, clients.domain, clients.aliases, clients.brand_keywords, clients.contact_email, clients.notes, clients.status, clients.created_at, clients.alert_count, clients.last_alert_at, clients.default_collectors 
FROM clients 
WHERE clients.status = %(status_1)s
2026-03-02 13:07:58,601 INFO sqlalchemy.engine.Engine [generated in 0.00114s] {'status_1': 'active'}
2026-03-02 13:07:58,605 INFO sqlalchemy.engine.Engine ROLLBACK
2026-03-02 13:08:31,914 INFO sqlalchemy.engine.Engine BEGIN (implicit)
2026-03-02 13:08:31,915 INFO sqlalchemy.engine.Engine SELECT investigations.id AS investigations_id, investigations.domain AS investigations_domain, investigations.observable_type AS investigations_observable_type, investigations.state AS investigations_state, investigations.context AS investigations_context, investigations.client_domain AS investigations_client_domain, investigations.batch_id AS investigations_batch_id, investigations.created_at AS investigations_created_at, investigations.updated_at AS investigations_updated_at, investigations.concluded_at AS investigations_concluded_at, investigations.classification AS investigations_classification, investigations.confidence AS investigations_confidence, investigations.risk_score AS investigations_risk_score, investigations.recommended_action AS investigations_recommended_action, investigations.analyst_iterations AS investigations_analyst_iterations, investigations.max_analyst_iterations AS investigations_max_analyst_iterations 
FROM investigations 
WHERE investigations.id = %(pk_1)s::UUID
2026-03-02 13:08:31,916 INFO sqlalchemy.engine.Engine [cached since 162.3s ago] {'pk_1': UUID('1179db9d-81d9-466d-84c1-01d8e2530c40')}
2026-03-02 13:08:31,918 INFO sqlalchemy.engine.Engine UPDATE investigations SET state=%(state)s, updated_at=now(), concluded_at=%(concluded_at)s, classification=%(classification)s, confidence=%(confidence)s, risk_score=%(risk_score)s, recommended_action=%(recommended_action)s WHERE investigations.id = %(investigations_id)s::UUID
2026-03-02 13:08:31,918 INFO sqlalchemy.engine.Engine [cached since 33.46s ago] {'state': 'concluded', 'concluded_at': datetime.datetime(2026, 3, 2, 11, 8, 31, 918404, tzinfo=datetime.timezone.utc), 'classification': 'malicious', 'confidence': 'medium', 'risk_score': 80, 'recommended_action': 'block', 'investigations_id': UUID('1179db9d-81d9-466d-84c1-01d8e2530c40')}
2026-03-02 13:08:31,921 INFO sqlalchemy.engine.Engine INSERT INTO evidence (id, investigation_id, evidence_json, signals, data_gaps, external_context) VALUES (%(id)s::UUID, %(investigation_id)s::UUID, %(evidence_json)s::JSONB, %(signals)s::JSONB, %(data_gaps)s::JSONB, %(external_context)s::JSONB) RETURNING evidence.created_at
2026-03-02 13:08:31,921 INFO sqlalchemy.engine.Engine [cached since 33.45s ago] {'id': UUID('4be982e5-9b1a-4375-a934-230114d19b22'), 'investigation_id': UUID('1179db9d-81d9-466d-84c1-01d8e2530c40'), 'evidence_json': '{"domain": "adidas-samba.de", "observable_type": "domain", "investigation_id": "1179db9d-81d9-466d-84c1-01d8e2530c40", "target_domain": "adidas-samba ... (40197 characters truncated) ... _timings_ms": {"email_security": 140, "infrastructure_correlation": 921, "signals_and_gaps": 0, "report_generation": 83483, "analysis_total": 84625}}', 'signals': '[{"id": "sig_no_dmarc", "category": "email_security", "description": "No DMARC record \\u2014 domain can be spoofed in email", "severity": "low", "ev ... (1229 characters truncated) ... ertificate issuers across 29 certs \\u2014 infrastructure changes over time", "severity": "info", "evidence_refs": ["cert_timeline.unique_issuers"]}]', 'data_gaps': '[{"id": "gap_whois_age", "description": "Domain creation date unavailable despite successful WHOIS query", "collector": "whois", "reason": "WHOIS dat ... (209 characters truncated) ... /HTTPS", "collector": "http", "reason": "Connection refused or timed out", "impact": "Cannot assess web content, login forms, or redirect behavior"}]', 'external_context': 'null'}
2026-03-02 13:08:31,926 INFO sqlalchemy.engine.Engine INSERT INTO reports (id, investigation_id, iteration, report_json, executive_summary, technical_narrative, recommendations) VALUES (%(id)s::UUID, %(investigation_id)s::UUID, %(iteration)s, %(report_json)s::JSONB, %(executive_summary)s, %(technical_narrative)s, %(recommendations)s) RETURNING reports.created_at
2026-03-02 13:08:31,927 INFO sqlalchemy.engine.Engine [cached since 33.45s ago] {'id': UUID('295d7457-5eb1-423b-941f-64fd5d34573c'), 'investigation_id': UUID('1179db9d-81d9-466d-84c1-01d8e2530c40'), 'iteration': 0, 'report_json': '{"classification": "malicious", "confidence": "medium", "investigation_state": "concluded", "primary_reasoning": "Multiple independent technical sign ... (13478 characters truncated) ... rvational gap (collector could not retrieve live HTTP content during this run, and WHOIS creation date missing).", "recommendations_narrative": null}', 'executive_summary': '- Investigated observable: domain adidas-samba.de (observable_type=domain).\n- Key findings: urlscan captured a phishing/fake-shop page for adidas-sa ... (377 characters truncated) ... op) — confidence: medium.\n- Recommended immediate action: block domain at web/email filters, submit takedown to Cloudflare, notify brand protection.', 'technical_narrative': 'Step 1 — Baseline plausibility\n- Legitimate scenario (possible): A small retailer or affiliate could host an e-commerce site using Cloudflare, obtai ... (3858 characters truncated) ... orroborating signals but with an observational gap (collector could not retrieve live HTTP content during this run, and WHOIS creation date missing).', 'recommendations': None}
2026-03-02 13:08:31,931 INFO sqlalchemy.engine.Engine INSERT INTO collector_results (id, investigation_id, collector_name, status, version, started_at, completed_at, duration_ms, evidence_json, error, raw_artifact_hash) VALUES (%(id)s::UUID, %(investigation_id)s::UUID, %(collector_name)s, %(status)s, %(version)s, %(started_at)s, %(completed_at)s, %(duration_ms)s, %(evidence_json)s::JSONB, %(error)s, %(raw_artifact_hash)s)
2026-03-02 13:08:31,932 INFO sqlalchemy.engine.Engine [cached since 33.44s ago] {'id': UUID('0a2930e2-5316-40d2-955b-7277ca85b642'), 'investigation_id': UUID('1179db9d-81d9-466d-84c1-01d8e2530c40'), 'collector_name': 'whois', 'status': 'completed', 'version': '1.0.0', 'started_at': None, 'completed_at': None, 'duration_ms': 139, 'evidence_json': '{"meta": {"collector": "whois", "version": "1.0.0", "status": "completed", "started_at": "2026-03-02T11:06:27.141446Z", "completed_at": "2026-03-02T1 ... (304 characters truncated) ... registrant_org": null, "registrant_country": null, "name_servers": ["serena.ns.cloudflare.com", "steven.ns.cloudflare.com"], "statuses": ["connect"]}', 'error': None, 'raw_artifact_hash': None}
2026-03-02 13:08:31,935 INFO sqlalchemy.engine.Engine INSERT INTO collector_results (id, investigation_id, collector_name, status, version, started_at, completed_at, duration_ms, evidence_json, error, raw_artifact_hash) VALUES (%(id)s::UUID, %(investigation_id)s::UUID, %(collector_name)s, %(status)s, %(version)s, %(started_at)s, %(completed_at)s, %(duration_ms)s, %(evidence_json)s::JSONB, %(error)s, %(raw_artifact_hash)s)
2026-03-02 13:08:31,937 INFO sqlalchemy.engine.Engine [cached since 33.45s ago] {'id': UUID('932955a3-77d8-42d0-9948-28ae2e1b216e'), 'investigation_id': UUID('1179db9d-81d9-466d-84c1-01d8e2530c40'), 'collector_name': 'dns', 'status': 'completed', 'version': '1.0.0', 'started_at': None, 'completed_at': None, 'duration_ms': 342, 'evidence_json': '{"meta": {"collector": "dns", "version": "1.0.0", "status": "completed", "started_at": "2026-03-02T11:06:27.115506Z", "completed_at": "2026-03-02T11: ... (973 characters truncated) ... s.cloudflare.com."], "txt": ["google-site-verification=SQ-IRS2GHu0a0p42DGJEo7RZsmMEiIIENaC4hYsUPDE"], "dmarc": null, "spf": null, "has_dnssec": null}', 'error': None, 'raw_artifact_hash': None}
2026-03-02 13:08:31,940 INFO sqlalchemy.engine.Engine INSERT INTO collector_results (id, investigation_id, collector_name, status, version, started_at, completed_at, duration_ms, evidence_json, error, raw_artifact_hash) VALUES (%(id)s::UUID, %(investigation_id)s::UUID, %(collector_name)s, %(status)s, %(version)s, %(started_at)s, %(completed_at)s, %(duration_ms)s, %(evidence_json)s::JSONB, %(error)s, %(raw_artifact_hash)s)
2026-03-02 13:08:31,942 INFO sqlalchemy.engine.Engine [cached since 33.45s ago] {'id': UUID('d50fe47f-876c-4ca9-8506-6edbfb9cb730'), 'investigation_id': UUID('1179db9d-81d9-466d-84c1-01d8e2530c40'), 'collector_name': 'asn', 'status': 'completed', 'version': '1.0.0', 'started_at': None, 'completed_at': None, 'duration_ms': 547, 'evidence_json': '{"meta": {"collector": "asn", "version": "1.0.0", "status": "completed", "started_at": "2026-03-02T11:06:27.209654Z", "completed_at": "2026-03-02T11: ... (243 characters truncated) ... c.", "country": "Canada", "city": "Toronto", "is_cdn": true, "is_cloud": false, "is_hosting": true, "reverse_dns": "", "related_domains_same_ip": []}', 'error': None, 'raw_artifact_hash': None}
2026-03-02 13:08:31,946 INFO sqlalchemy.engine.Engine INSERT INTO collector_results (id, investigation_id, collector_name, status, version, started_at, completed_at, duration_ms, evidence_json, error, raw_artifact_hash) VALUES (%(id)s::UUID, %(investigation_id)s::UUID, %(collector_name)s, %(status)s, %(version)s, %(started_at)s, %(completed_at)s, %(duration_ms)s, %(evidence_json)s::JSONB, %(error)s, %(raw_artifact_hash)s)
2026-03-02 13:08:31,947 INFO sqlalchemy.engine.Engine [cached since 33.46s ago] {'id': UUID('ede37d62-f81f-40a7-b860-1f677176955c'), 'investigation_id': UUID('1179db9d-81d9-466d-84c1-01d8e2530c40'), 'collector_name': 'vt', 'status': 'completed', 'version': '1.0.0', 'started_at': None, 'completed_at': None, 'duration_ms': 1891, 'evidence_json': '{"meta": {"collector": "vt", "version": "1.0.0", "status": "completed", "started_at": "2026-03-02T11:06:27.232689Z", "completed_at": "2026-03-02T11:0 ... (10402 characters truncated) ... er": "Google Trust Services", "vt_cert_subject": "adidas-samba.de", "vt_registrar": "", "tags": [], "notes": [], "file_name": null, "file_names": []}', 'error': None, 'raw_artifact_hash': None}
2026-03-02 13:08:31,951 INFO sqlalchemy.engine.Engine INSERT INTO collector_results (id, investigation_id, collector_name, status, version, started_at, completed_at, duration_ms, evidence_json, error, raw_artifact_hash) VALUES (%(id)s::UUID, %(investigation_id)s::UUID, %(collector_name)s, %(status)s, %(version)s, %(started_at)s, %(completed_at)s, %(duration_ms)s, %(evidence_json)s::JSONB, %(error)s, %(raw_artifact_hash)s)
2026-03-02 13:08:31,952 INFO sqlalchemy.engine.Engine [cached since 33.46s ago] {'id': UUID('94956ad1-6102-41e2-b2b6-f3f36f5e8a69'), 'investigation_id': UUID('1179db9d-81d9-466d-84c1-01d8e2530c40'), 'collector_name': 'threat_feeds', 'status': 'completed', 'version': '1.0.0', 'started_at': None, 'completed_at': None, 'duration_ms': 2125, 'evidence_json': '{"meta": {"collector": "threat_feeds", "version": "1.0.0", "status": "completed", "started_at": "2026-03-02T11:06:27.234356Z", "completed_at": "2026- ... (529 characters truncated) ... matches": [], "openphish_listed": false, "feeds_checked": ["abuseipdb", "phishtank", "openphish"], "feeds_skipped": ["threatfox (error: HTTPError)"]}', 'error': None, 'raw_artifact_hash': None}
2026-03-02 13:08:31,955 INFO sqlalchemy.engine.Engine INSERT INTO collector_results (id, investigation_id, collector_name, status, version, started_at, completed_at, duration_ms, evidence_json, error, raw_artifact_hash) VALUES (%(id)s::UUID, %(investigation_id)s::UUID, %(collector_name)s, %(status)s, %(version)s, %(started_at)s, %(completed_at)s, %(duration_ms)s, %(evidence_json)s::JSONB, %(error)s, %(raw_artifact_hash)s)
2026-03-02 13:08:31,956 INFO sqlalchemy.engine.Engine [cached since 33.47s ago] {'id': UUID('1e0eba15-b23c-4ddf-982c-db831fc71dab'), 'investigation_id': UUID('1179db9d-81d9-466d-84c1-01d8e2530c40'), 'collector_name': 'intel', 'status': 'completed', 'version': '1.0.0', 'started_at': None, 'completed_at': None, 'duration_ms': 2422, 'evidence_json': '{"meta": {"collector": "intel", "version": "1.0.0", "status": "completed", "started_at": "2026-03-02T11:06:27.231025Z", "completed_at": "2026-03-02T1 ... (10480 characters truncated) ... 3T01:01:14", "not_after": "2024-04-02T01:01:13", "entry_timestamp": "2024-01-03T02:01:15.008", "name_value": "*.adidas-samba.de\\nadidas-samba.de"}]}', 'error': None, 'raw_artifact_hash': None}
2026-03-02 13:08:31,959 INFO sqlalchemy.engine.Engine INSERT INTO collector_results (id, investigation_id, collector_name, status, version, started_at, completed_at, duration_ms, evidence_json, error, raw_artifact_hash) VALUES (%(id)s::UUID, %(investigation_id)s::UUID, %(collector_name)s, %(status)s, %(version)s, %(started_at)s, %(completed_at)s, %(duration_ms)s, %(evidence_json)s::JSONB, %(error)s, %(raw_artifact_hash)s)
2026-03-02 13:08:31,960 INFO sqlalchemy.engine.Engine [cached since 33.47s ago] {'id': UUID('457d226a-9e74-4476-9162-e7e1274593fa'), 'investigation_id': UUID('1179db9d-81d9-466d-84c1-01d8e2530c40'), 'collector_name': 'tls', 'status': 'completed', 'version': '1.0.0', 'started_at': None, 'completed_at': None, 'duration_ms': 20125, 'evidence_json': '{"meta": {"collector": "tls", "version": "1.0.0", "status": "completed", "started_at": "2026-03-02T11:06:27.119214Z", "completed_at": "2026-03-02T11: ... (243 characters truncated) ... ber": null, "signature_algorithm": null, "is_wildcard": null, "is_self_signed": null, "chain_length": null, "chain_issuers": [], "cert_sha256": null}', 'error': None, 'raw_artifact_hash': None}
2026-03-02 13:08:31,963 INFO sqlalchemy.engine.Engine INSERT INTO collector_results (id, investigation_id, collector_name, status, version, started_at, completed_at, duration_ms, evidence_json, error, raw_artifact_hash) VALUES (%(id)s::UUID, %(investigation_id)s::UUID, %(collector_name)s, %(status)s, %(version)s, %(started_at)s, %(completed_at)s, %(duration_ms)s, %(evidence_json)s::JSONB, %(error)s, %(raw_artifact_hash)s)
2026-03-02 13:08:31,963 INFO sqlalchemy.engine.Engine [cached since 33.47s ago] {'id': UUID('9f050357-8a4d-4567-8c53-0834cef86efa'), 'investigation_id': UUID('1179db9d-81d9-466d-84c1-01d8e2530c40'), 'collector_name': 'urlscan', 'status': 'completed', 'version': '1.0.0', 'started_at': None, 'completed_at': None, 'duration_ms': 32545, 'evidence_json': '{"meta": {"collector": "urlscan", "version": "1.0.0", "status": "completed", "started_at": "2026-03-02T11:06:27.237126Z", "completed_at": "2026-03-02 ... (1208 characters truncated) ...  "brands": [], "votesTotal": 0, "votesMalicious": 0, "votesBenign": 0, "malicious": false, "hasVerdicts": false}}, "tags": ["phishing"], "notes": []}', 'error': None, 'raw_artifact_hash': None}
2026-03-02 13:08:31,965 INFO sqlalchemy.engine.Engine INSERT INTO collector_results (id, investigation_id, collector_name, status, version, started_at, completed_at, duration_ms, evidence_json, error, raw_artifact_hash) VALUES (%(id)s::UUID, %(investigation_id)s::UUID, %(collector_name)s, %(status)s, %(version)s, %(started_at)s, %(completed_at)s, %(duration_ms)s, %(evidence_json)s::JSONB, %(error)s, %(raw_artifact_hash)s)
2026-03-02 13:08:31,965 INFO sqlalchemy.engine.Engine [cached since 33.48s ago] {'id': UUID('07320b11-08a6-4993-b0b3-bb241599ddaa'), 'investigation_id': UUID('1179db9d-81d9-466d-84c1-01d8e2530c40'), 'collector_name': 'http', 'status': 'completed', 'version': '1.0.0', 'started_at': None, 'completed_at': None, 'duration_ms': 40140, 'evidence_json': '{"meta": {"collector": "http", "version": "1.0.0", "status": "completed", "started_at": "2026-03-02T11:06:27.116757Z", "completed_at": "2026-03-02T11 ... (323 characters truncated) ... nput_fields": null, "technologies_detected": [], "security_headers": {}, "brand_indicators": [], "phishing_indicators": [], "external_resources": []}', 'error': None, 'raw_artifact_hash': None}
2026-03-02 13:08:31,968 INFO sqlalchemy.engine.Engine INSERT INTO iocs (id, investigation_id, type, value, context, confidence) VALUES (%(id__0)s::UUID, %(investigation_id__0)s::UUID, %(type__0)s, %(value__0)s, %(context__0)s, %(confidence__0)s), (%(id__1)s::UUID, %(investigation_id__1)s::UUID, %(type__ ... 548 characters truncated ... ID, %(type__6)s, %(value__6)s, %(context__6)s, %(confidence__6)s) RETURNING iocs.created_at, iocs.id
2026-03-02 13:08:31,968 INFO sqlalchemy.engine.Engine [cached since 33.42s ago (insertmanyvalues) 1/1 (ordered)] {'investigation_id__0': UUID('1179db9d-81d9-466d-84c1-01d8e2530c40'), 'confidence__0': 'high', 'value__0': 'adidas-samba.de', 'type__0': 'domain', 'context__0': 'Investigated domain hosting a captured phishing/fake-shop page (urlscan) and flagged by multiple vendors (VT)', 'id__0': UUID('08266e71-5722-4e8e-9ea7-beae02eb53c4'), 'investigation_id__1': UUID('1179db9d-81d9-466d-84c1-01d8e2530c40'), 'confidence__1': 'medium', 'value__1': '188.114.97.3', 'type__1': 'ip', 'context__1': 'A record for adidas-samba.de (dns.records A) observed during collection', 'id__1': UUID('49dcf861-790f-429d-a058-2b458c2a2ad2'), 'investigation_id__2': UUID('1179db9d-81d9-466d-84c1-01d8e2530c40'), 'confidence__2': 'medium', 'value__2': '188.114.96.3', 'type__2': 'ip', 'context__2': 'A record for adidas-samba.de and urlscan page_ip (urlscan.page_ip, dns.records A)', 'id__2': UUID('c4f79213-e247-4308-87e2-61f1242b1239'), 'investigation_id__3': UUID('1179db9d-81d9-466d-84c1-01d8e2530c40'), 'confidence__3': 'medium', 'value__3': '2a06:98c1:3121::b', 'type__3': 'ip', 'context__3': 'AAAA record for adidas-samba.de (dns.records AAAA)', 'id__3': UUID('f1aa386b-49d7-493b-9fa1-701a42aca145'), 'investigation_id__4': UUID('1179db9d-81d9-466d-84c1-01d8e2530c40'), 'confidence__4': 'medium', 'value__4': '2a06:98c1:3120::b', 'type__4': 'ip', 'context__4': 'AAAA record for adidas-samba.de (dns.records AAAA)', 'id__4': UUID('3e870e12-353d-4834-8686-26fa7569dd8c'), 'investigation_id__5': UUID('1179db9d-81d9-466d-84c1-01d8e2530c40'), 'confidence__5': 'medium', 'value__5': '104.21.76.251', 'type__5': 'ip', 'context__5': 'Additional Cloudflare A record observed in VT DNS (vt.vt_dns_records)', 'id__5': UUID('1bb6fee1-c8d2-4ca1-99b9-58b1ae5e8aed'), 'investigation_id__6': UUID('1179db9d-81d9-466d-84c1-01d8e2530c40'), 'confidence__6': 'medium', 'value__6': '172.67.202.132', 'type__6': 'ip', 'context__6': 'Additional Cloudflare A record observed in VT DNS (vt.vt_dns_records)', 'id__6': UUID('58c6e312-e04f-4eed-bb27-6ce9f179bc35')}
2026-03-02 13:08:31,970 INFO sqlalchemy.engine.Engine SELECT whois_history.id, whois_history.domain, whois_history.whois_json, whois_history.captured_at, whois_history.investigation_id, whois_history.changes_from_previous 
FROM whois_history 
WHERE whois_history.domain = %(domain_1)s ORDER BY whois_history.captured_at DESC 
 LIMIT %(param_1)s
2026-03-02 13:08:31,970 INFO sqlalchemy.engine.Engine [cached since 33.41s ago] {'domain_1': 'adidas-samba.de', 'param_1': 1}
2026-03-02 13:08:31,972 INFO sqlalchemy.engine.Engine INSERT INTO whois_history (id, domain, whois_json, investigation_id, changes_from_previous) VALUES (%(id)s::UUID, %(domain)s, %(whois_json)s::JSONB, %(investigation_id)s::UUID, %(changes_from_previous)s::JSONB) RETURNING whois_history.captured_at
2026-03-02 13:08:31,972 INFO sqlalchemy.engine.Engine [cached since 33.41s ago] {'id': UUID('aede031a-c17d-4d47-820a-dd3714651f37'), 'domain': 'adidas-samba.de', 'whois_json': '{"meta": {"collector": "whois", "version": "1.0.0", "status": "completed", "started_at": "2026-03-02T11:06:27.141446Z", "completed_at": "2026-03-02T1 ... (304 characters truncated) ... registrant_org": null, "registrant_country": null, "name_servers": ["serena.ns.cloudflare.com", "steven.ns.cloudflare.com"], "statuses": ["connect"]}', 'investigation_id': UUID('1179db9d-81d9-466d-84c1-01d8e2530c40'), 'changes_from_previous': '{}'}
2026-03-02 13:08:31,974 INFO sqlalchemy.engine.Engine COMMIT
2026-03-02 13:08:31,977 INFO sqlalchemy.engine.Engine BEGIN (implicit)
2026-03-02 13:08:31,978 INFO sqlalchemy.engine.Engine SELECT investigations.id AS investigations_id, investigations.domain AS investigations_domain, investigations.observable_type AS investigations_observable_type, investigations.state AS investigations_state, investigations.context AS investigations_context, investigations.client_domain AS investigations_client_domain, investigations.batch_id AS investigations_batch_id, investigations.created_at AS investigations_created_at, investigations.updated_at AS investigations_updated_at, investigations.concluded_at AS investigations_concluded_at, investigations.classification AS investigations_classification, investigations.confidence AS investigations_confidence, investigations.risk_score AS investigations_risk_score, investigations.recommended_action AS investigations_recommended_action, investigations.analyst_iterations AS investigations_analyst_iterations, investigations.max_analyst_iterations AS investigations_max_analyst_iterations 
FROM investigations 
WHERE investigations.id = %(pk_1)s::UUID
2026-03-02 13:08:31,978 INFO sqlalchemy.engine.Engine [cached since 33.39s ago] {'pk_1': UUID('1179db9d-81d9-466d-84c1-01d8e2530c40')}
2026-03-02 13:08:31,980 INFO sqlalchemy.engine.Engine SELECT clients.id, clients.name, clients.domain, clients.aliases, clients.brand_keywords, clients.contact_email, clients.notes, clients.status, clients.created_at, clients.alert_count, clients.last_alert_at, clients.default_collectors 
FROM clients 
WHERE clients.status = %(status_1)s
2026-03-02 13:08:31,981 INFO sqlalchemy.engine.Engine [cached since 33.38s ago] {'status_1': 'active'}
2026-03-02 13:08:31,982 INFO sqlalchemy.engine.Engine ROLLBACK
2026-03-02 13:09:23,307 INFO sqlalchemy.engine.Engine BEGIN (implicit)
2026-03-02 13:09:23,309 INFO sqlalchemy.engine.Engine SELECT investigations.id AS investigations_id, investigations.domain AS investigations_domain, investigations.observable_type AS investigations_observable_type, investigations.state AS investigations_state, investigations.context AS investigations_context, investigations.client_domain AS investigations_client_domain, investigations.batch_id AS investigations_batch_id, investigations.created_at AS investigations_created_at, investigations.updated_at AS investigations_updated_at, investigations.concluded_at AS investigations_concluded_at, investigations.classification AS investigations_classification, investigations.confidence AS investigations_confidence, investigations.risk_score AS investigations_risk_score, investigations.recommended_action AS investigations_recommended_action, investigations.analyst_iterations AS investigations_analyst_iterations, investigations.max_analyst_iterations AS investigations_max_analyst_iterations 
FROM investigations 
WHERE investigations.id = %(pk_1)s::UUID
2026-03-02 13:09:23,310 INFO sqlalchemy.engine.Engine [cached since 213.7s ago] {'pk_1': UUID('252a5a54-0e83-4aae-b2d1-5696c3a44ff4')}
2026-03-02 13:09:23,318 INFO sqlalchemy.engine.Engine ROLLBACK
2026-03-02 13:09:23,327 INFO sqlalchemy.engine.Engine BEGIN (implicit)
2026-03-02 13:09:23,329 INFO sqlalchemy.engine.Engine SELECT investigations.id AS investigations_id, investigations.domain AS investigations_domain, investigations.observable_type AS investigations_observable_type, investigations.state AS investigations_state, investigations.context AS investigations_context, investigations.client_domain AS investigations_client_domain, investigations.batch_id AS investigations_batch_id, investigations.created_at AS investigations_created_at, investigations.updated_at AS investigations_updated_at, investigations.concluded_at AS investigations_concluded_at, investigations.classification AS investigations_classification, investigations.confidence AS investigations_confidence, investigations.risk_score AS investigations_risk_score, investigations.recommended_action AS investigations_recommended_action, investigations.analyst_iterations AS investigations_analyst_iterations, investigations.max_analyst_iterations AS investigations_max_analyst_iterations 
FROM investigations 
WHERE investigations.id = %(pk_1)s::UUID
2026-03-02 13:09:23,330 INFO sqlalchemy.engine.Engine [cached since 213.7s ago] {'pk_1': UUID('252a5a54-0e83-4aae-b2d1-5696c3a44ff4')}
2026-03-02 13:09:23,342 INFO sqlalchemy.engine.Engine UPDATE investigations SET state=%(state)s, updated_at=%(updated_at)s WHERE investigations.id = %(investigations_id)s::UUID
2026-03-02 13:09:23,344 INFO sqlalchemy.engine.Engine [cached since 213.7s ago] {'state': 'gathering', 'updated_at': datetime.datetime(2026, 3, 2, 11, 9, 23, 342136, tzinfo=datetime.timezone.utc), 'investigations_id': UUID('252a5a54-0e83-4aae-b2d1-5696c3a44ff4')}
2026-03-02 13:09:23,350 INFO sqlalchemy.engine.Engine COMMIT
2026-03-02 13:10:03,137 INFO sqlalchemy.engine.Engine BEGIN (implicit)
2026-03-02 13:10:03,137 INFO sqlalchemy.engine.Engine SELECT investigations.id AS investigations_id, investigations.domain AS investigations_domain, investigations.observable_type AS investigations_observable_type, investigations.state AS investigations_state, investigations.context AS investigations_context, investigations.client_domain AS investigations_client_domain, investigations.batch_id AS investigations_batch_id, investigations.created_at AS investigations_created_at, investigations.updated_at AS investigations_updated_at, investigations.concluded_at AS investigations_concluded_at, investigations.classification AS investigations_classification, investigations.confidence AS investigations_confidence, investigations.risk_score AS investigations_risk_score, investigations.recommended_action AS investigations_recommended_action, investigations.analyst_iterations AS investigations_analyst_iterations, investigations.max_analyst_iterations AS investigations_max_analyst_iterations 
FROM investigations 
WHERE investigations.id = %(pk_1)s::UUID
2026-03-02 13:10:03,138 INFO sqlalchemy.engine.Engine [cached since 253.6s ago] {'pk_1': UUID('252a5a54-0e83-4aae-b2d1-5696c3a44ff4')}
2026-03-02 13:10:03,142 INFO sqlalchemy.engine.Engine UPDATE investigations SET state=%(state)s, updated_at=%(updated_at)s WHERE investigations.id = %(investigations_id)s::UUID
2026-03-02 13:10:03,143 INFO sqlalchemy.engine.Engine [cached since 253.5s ago] {'state': 'evaluating', 'updated_at': datetime.datetime(2026, 3, 2, 11, 10, 3, 142638, tzinfo=datetime.timezone.utc), 'investigations_id': UUID('252a5a54-0e83-4aae-b2d1-5696c3a44ff4')}
2026-03-02 13:10:03,145 INFO sqlalchemy.engine.Engine COMMIT
2026-03-02 13:10:19,739 INFO sqlalchemy.engine.Engine BEGIN (implicit)
2026-03-02 13:10:19,746 INFO sqlalchemy.engine.Engine INSERT INTO artifacts (id, investigation_id, collector_name, artifact_name, sha256_hash, content_type, size_bytes, storage_path) VALUES (%(id)s::UUID, %(investigation_id)s::UUID, %(collector_name)s, %(artifact_name)s, %(sha256_hash)s, %(content_type)s, %(size_bytes)s, %(storage_path)s) RETURNING artifacts.created_at
2026-03-02 13:10:19,746 INFO sqlalchemy.engine.Engine [generated in 0.00121s] {'id': UUID('ae40a576-d002-4f33-ad33-2ac258bdfd4f'), 'investigation_id': UUID('252a5a54-0e83-4aae-b2d1-5696c3a44ff4'), 'collector_name': 'screenshot', 'artifact_name': 'screenshot_domain.png', 'sha256_hash': '168f1f7ced7c8643f1f3242c84a4c99b61b0f02489cdf40415f27930ae5e9177', 'content_type': 'image/png', 'size_bytes': 405894, 'storage_path': 'artifacts\\252a5a54-0e83-4aae-b2d1-5696c3a44ff4\\screenshot_domain.png'}
2026-03-02 13:10:19,754 INFO sqlalchemy.engine.Engine COMMIT
2026-03-02 13:10:41,641 INFO sqlalchemy.engine.Engine BEGIN (implicit)
2026-03-02 13:10:41,643 INFO sqlalchemy.engine.Engine INSERT INTO artifacts (id, investigation_id, collector_name, artifact_name, sha256_hash, content_type, size_bytes, storage_path) VALUES (%(id)s::UUID, %(investigation_id)s::UUID, %(collector_name)s, %(artifact_name)s, %(sha256_hash)s, %(content_type)s, %(size_bytes)s, %(storage_path)s) RETURNING artifacts.created_at
2026-03-02 13:10:41,644 INFO sqlalchemy.engine.Engine [cached since 21.9s ago] {'id': UUID('d0fa1697-7abf-4499-8025-c585f3b26d3d'), 'investigation_id': UUID('252a5a54-0e83-4aae-b2d1-5696c3a44ff4'), 'collector_name': 'js_analysis', 'artifact_name': 'network_capture.har', 'sha256_hash': '23ee6175cd94f14715a13db8d8d8decc51043dbf26880f842b8b035c5266e4c1', 'content_type': 'application/json', 'size_bytes': 28666, 'storage_path': 'artifacts\\252a5a54-0e83-4aae-b2d1-5696c3a44ff4\\network_capture.har'}
2026-03-02 13:10:41,649 INFO sqlalchemy.engine.Engine COMMIT
2026-03-02 13:10:42,730 INFO sqlalchemy.engine.Engine BEGIN (implicit)
2026-03-02 13:10:42,731 INFO sqlalchemy.engine.Engine 
                        SELECT i.domain
                        FROM investigations i
                        JOIN evidence e ON e.investigation_id = i.id
                        WHERE i.id != %(exc_id)s
                          AND i.state = 'concluded'
                          AND e.evidence_json->'dns'->'ns' @> :ns_val::jsonb
                        LIMIT 20
                    
2026-03-02 13:10:42,732 INFO sqlalchemy.engine.Engine [cached since 251.3s ago] {'exc_id': '252a5a54-0e83-4aae-b2d1-5696c3a44ff4'}
2026-03-02 13:10:42,738 INFO sqlalchemy.engine.Engine 
                        SELECT i.domain
                        FROM investigations i
                        JOIN evidence e ON e.investigation_id = i.id
                        WHERE i.id != %(exc_id)s
                          AND i.state = 'concluded'
                          AND e.evidence_json->'dns'->'ns' @> :ns_val::jsonb
                        LIMIT 20
                    
2026-03-02 13:10:42,739 INFO sqlalchemy.engine.Engine [cached since 251.3s ago] {'exc_id': '252a5a54-0e83-4aae-b2d1-5696c3a44ff4'}
2026-03-02 13:10:42,743 INFO sqlalchemy.engine.Engine ROLLBACK
2026-03-02 13:10:42,749 INFO sqlalchemy.engine.Engine BEGIN (implicit)
2026-03-02 13:10:42,750 INFO sqlalchemy.engine.Engine 
                    SELECT DISTINCT i.domain
                    FROM investigations i
                    JOIN evidence e ON e.investigation_id = i.id
                    WHERE i.id != %(exc_id)s
                      AND i.state = 'concluded'
                      AND (e.evidence_json->'whois'->>'registrar' = %(registrar)s)
                    LIMIT 20
                
2026-03-02 13:10:42,752 INFO sqlalchemy.engine.Engine [generated in 0.00148s] {'exc_id': '252a5a54-0e83-4aae-b2d1-5696c3a44ff4', 'registrar': 'GoDaddy.com, LLC'}
2026-03-02 13:10:42,760 INFO sqlalchemy.engine.Engine ROLLBACK
2026-03-02 13:11:54,178 INFO sqlalchemy.engine.Engine BEGIN (implicit)
2026-03-02 13:11:54,179 INFO sqlalchemy.engine.Engine SELECT investigations.id AS investigations_id, investigations.domain AS investigations_domain, investigations.observable_type AS investigations_observable_type, investigations.state AS investigations_state, investigations.context AS investigations_context, investigations.client_domain AS investigations_client_domain, investigations.batch_id AS investigations_batch_id, investigations.created_at AS investigations_created_at, investigations.updated_at AS investigations_updated_at, investigations.concluded_at AS investigations_concluded_at, investigations.classification AS investigations_classification, investigations.confidence AS investigations_confidence, investigations.risk_score AS investigations_risk_score, investigations.recommended_action AS investigations_recommended_action, investigations.analyst_iterations AS investigations_analyst_iterations, investigations.max_analyst_iterations AS investigations_max_analyst_iterations 
FROM investigations 
WHERE investigations.id = %(pk_1)s::UUID
2026-03-02 13:11:54,180 INFO sqlalchemy.engine.Engine [cached since 364.6s ago] {'pk_1': UUID('252a5a54-0e83-4aae-b2d1-5696c3a44ff4')}
2026-03-02 13:11:54,182 INFO sqlalchemy.engine.Engine UPDATE investigations SET state=%(state)s, updated_at=now(), concluded_at=%(concluded_at)s, classification=%(classification)s, confidence=%(confidence)s, risk_score=%(risk_score)s, recommended_action=%(recommended_action)s WHERE investigations.id = %(investigations_id)s::UUID
2026-03-02 13:11:54,183 INFO sqlalchemy.engine.Engine [cached since 235.7s ago] {'state': 'concluded', 'concluded_at': datetime.datetime(2026, 3, 2, 11, 11, 54, 182821, tzinfo=datetime.timezone.utc), 'classification': 'benign', 'confidence': 'high', 'risk_score': 0, 'recommended_action': 'monitor', 'investigations_id': UUID('252a5a54-0e83-4aae-b2d1-5696c3a44ff4')}
2026-03-02 13:11:54,186 INFO sqlalchemy.engine.Engine INSERT INTO evidence (id, investigation_id, evidence_json, signals, data_gaps, external_context) VALUES (%(id)s::UUID, %(investigation_id)s::UUID, %(evidence_json)s::JSONB, %(signals)s::JSONB, %(data_gaps)s::JSONB, %(external_context)s::JSONB) RETURNING evidence.created_at
2026-03-02 13:11:54,186 INFO sqlalchemy.engine.Engine [cached since 235.7s ago] {'id': UUID('34fecc37-f2bd-4fd4-9e36-5b41d24b5164'), 'investigation_id': UUID('252a5a54-0e83-4aae-b2d1-5696c3a44ff4'), 'evidence_json': '{"domain": "revantage.eu", "observable_type": "domain", "investigation_id": "252a5a54-0e83-4aae-b2d1-5696c3a44ff4", "target_domain": "revantage.eu",  ... (69816 characters truncated) ... 9, "browser_postprocessing": 34610, "infrastructure_correlation": 1108, "signals_and_gaps": 0, "report_generation": 71421, "analysis_total": 111016}}', 'signals': '[{"id": "sig_cross_domain_redirect", "category": "behavior", "description": "Redirects from revantage.eu to www.revantage.com", "severity": "medium", ... (892 characters truncated) ... 1.168 hosts 500 domains \\u2014 shared/bulletproof hosting environment", "severity": "medium", "evidence_refs": ["infrastructure_pivot.reverse_ip"]}]', 'data_gaps': '[{"id": "gap_whois_age", "description": "Domain creation date unavailable despite successful WHOIS query", "collector": "whois", "reason": "WHOIS data redacted or registrar does not expose dates", "impact": "Cannot assess infrastructure age \\u2014 a key plausibility indicator"}]', 'external_context': 'null'}
2026-03-02 13:11:54,192 INFO sqlalchemy.engine.Engine INSERT INTO reports (id, investigation_id, iteration, report_json, executive_summary, technical_narrative, recommendations) VALUES (%(id)s::UUID, %(investigation_id)s::UUID, %(iteration)s, %(report_json)s::JSONB, %(executive_summary)s, %(technical_narrative)s, %(recommendations)s) RETURNING reports.created_at
2026-03-02 13:11:54,193 INFO sqlalchemy.engine.Engine [cached since 235.7s ago] {'id': UUID('278d1280-5310-46c4-b168-6eb291fa1af2'), 'investigation_id': UUID('252a5a54-0e83-4aae-b2d1-5696c3a44ff4'), 'iteration': 0, 'report_json': '{"classification": "benign", "confidence": "high", "investigation_state": "concluded", "primary_reasoning": "revantage.eu is a legitimately-configure ... (12999 characters truncated) ... ate canonical site, VT clean.\\n- The legitimate hypothesis requires fewer assumptions and matches all evidence.", "recommendations_narrative": null}', 'executive_summary': '- Investigated observable: revantage.eu (domain). Goal: assess phishing, typosquatting, brand abuse, malicious hosting, C2.\n- Key finding: revantage ... (843 characters truncated) ... r / allowlist as corporate redirect; remediate HTTP security headers; verify WHOIS/ownership and validate AbuseIPDB reports for the AWS IP if needed.', 'technical_narrative': "1) Baseline plausibility (Could a legitimate entity produce this?)\n- Yes. Evidence supports a legitimate corporate use:\n  - Redirect to canonical c ... (2859 characters truncated) ... credential POSTs, final site is corporate canonical site, VT clean.\n- The legitimate hypothesis requires fewer assumptions and matches all evidence.", 'recommendations': None}
2026-03-02 13:11:54,196 INFO sqlalchemy.engine.Engine INSERT INTO collector_results (id, investigation_id, collector_name, status, version, started_at, completed_at, duration_ms, evidence_json, error, raw_artifact_hash) VALUES (%(id)s::UUID, %(investigation_id)s::UUID, %(collector_name)s, %(status)s, %(version)s, %(started_at)s, %(completed_at)s, %(duration_ms)s, %(evidence_json)s::JSONB, %(error)s, %(raw_artifact_hash)s)
2026-03-02 13:11:54,197 INFO sqlalchemy.engine.Engine [cached since 235.7s ago] {'id': UUID('2ab7ef42-bb61-4d85-a36c-3cf6787bdf1e'), 'investigation_id': UUID('252a5a54-0e83-4aae-b2d1-5696c3a44ff4'), 'collector_name': 'dns', 'status': 'completed', 'version': '1.0.0', 'started_at': None, 'completed_at': None, 'duration_ms': 516, 'evidence_json': '{"meta": {"collector": "dns", "version": "1.0.0", "status": "completed", "started_at": "2026-03-02T11:09:23.382319Z", "completed_at": "2026-03-02T11: ... (4391 characters truncated) ... =reject; rua=mailto:dmarc_agg@vali.email;", "spf": "v=spf1 include:spf.protection.outlook.com include:spf.eu.exclaimer.net -all", "has_dnssec": null}', 'error': None, 'raw_artifact_hash': None}
2026-03-02 13:11:54,199 INFO sqlalchemy.engine.Engine INSERT INTO collector_results (id, investigation_id, collector_name, status, version, started_at, completed_at, duration_ms, evidence_json, error, raw_artifact_hash) VALUES (%(id)s::UUID, %(investigation_id)s::UUID, %(collector_name)s, %(status)s, %(version)s, %(started_at)s, %(completed_at)s, %(duration_ms)s, %(evidence_json)s::JSONB, %(error)s, %(raw_artifact_hash)s)
2026-03-02 13:11:54,200 INFO sqlalchemy.engine.Engine [cached since 235.7s ago] {'id': UUID('64a77a26-582f-41ca-8473-622f826d3cd9'), 'investigation_id': UUID('252a5a54-0e83-4aae-b2d1-5696c3a44ff4'), 'collector_name': 'asn', 'status': 'completed', 'version': '1.0.0', 'started_at': None, 'completed_at': None, 'duration_ms': 358, 'evidence_json': '{"meta": {"collector": "asn", "version": "1.0.0", "status": "completed", "started_at": "2026-03-02T11:09:23.573159Z", "completed_at": "2026-03-02T11: ... (300 characters truncated) ... ", "is_cdn": false, "is_cloud": true, "is_hosting": true, "reverse_dns": "aec037177372cc6cd.awsglobalaccelerator.com", "related_domains_same_ip": []}', 'error': None, 'raw_artifact_hash': None}
2026-03-02 13:11:54,201 INFO sqlalchemy.engine.Engine INSERT INTO collector_results (id, investigation_id, collector_name, status, version, started_at, completed_at, duration_ms, evidence_json, error, raw_artifact_hash) VALUES (%(id)s::UUID, %(investigation_id)s::UUID, %(collector_name)s, %(status)s, %(version)s, %(started_at)s, %(completed_at)s, %(duration_ms)s, %(evidence_json)s::JSONB, %(error)s, %(raw_artifact_hash)s)
2026-03-02 13:11:54,202 INFO sqlalchemy.engine.Engine [cached since 235.7s ago] {'id': UUID('ca2e32e9-e25c-4414-b91f-e0c67cf0c4ed'), 'investigation_id': UUID('252a5a54-0e83-4aae-b2d1-5696c3a44ff4'), 'collector_name': 'tls', 'status': 'completed', 'version': '1.0.0', 'started_at': None, 'completed_at': None, 'duration_ms': 530, 'evidence_json': '{"meta": {"collector": "tls", "version": "1.0.0", "status": "completed", "started_at": "2026-03-02T11:09:23.395239Z", "completed_at": "2026-03-02T11: ... (614 characters truncated) ... , "is_self_signed": false, "chain_length": 1, "chain_issuers": [], "cert_sha256": "d07da6a44a032f55a3bbef56ca3dc4eb1f57b18f6042933e89f01146046fbefd"}', 'error': None, 'raw_artifact_hash': None}
2026-03-02 13:11:54,204 INFO sqlalchemy.engine.Engine INSERT INTO collector_results (id, investigation_id, collector_name, status, version, started_at, completed_at, duration_ms, evidence_json, error, raw_artifact_hash) VALUES (%(id)s::UUID, %(investigation_id)s::UUID, %(collector_name)s, %(status)s, %(version)s, %(started_at)s, %(completed_at)s, %(duration_ms)s, %(evidence_json)s::JSONB, %(error)s, %(raw_artifact_hash)s)
2026-03-02 13:11:54,204 INFO sqlalchemy.engine.Engine [cached since 235.7s ago] {'id': UUID('07cc3b44-9618-486e-94c4-a1da7b768790'), 'investigation_id': UUID('252a5a54-0e83-4aae-b2d1-5696c3a44ff4'), 'collector_name': 'whois', 'status': 'completed', 'version': '1.0.0', 'started_at': None, 'completed_at': None, 'duration_ms': 827, 'evidence_json': '{"meta": {"collector": "whois", "version": "1.0.0", "status": "completed", "started_at": "2026-03-02T11:09:23.472610Z", "completed_at": "2026-03-02T1 ... (335 characters truncated) ... ry": null, "name_servers": ["ns73.domaincontrol.com\\n        ns74.domaincontrol.com\\n\\nplease visit www.eurid.eu for more info."], "statuses": []}', 'error': None, 'raw_artifact_hash': None}
2026-03-02 13:11:54,206 INFO sqlalchemy.engine.Engine INSERT INTO collector_results (id, investigation_id, collector_name, status, version, started_at, completed_at, duration_ms, evidence_json, error, raw_artifact_hash) VALUES (%(id)s::UUID, %(investigation_id)s::UUID, %(collector_name)s, %(status)s, %(version)s, %(started_at)s, %(completed_at)s, %(duration_ms)s, %(evidence_json)s::JSONB, %(error)s, %(raw_artifact_hash)s)
2026-03-02 13:11:54,206 INFO sqlalchemy.engine.Engine [cached since 235.7s ago] {'id': UUID('033f2bd7-1b54-411d-819f-19c389e3eca1'), 'investigation_id': UUID('252a5a54-0e83-4aae-b2d1-5696c3a44ff4'), 'collector_name': 'vt', 'status': 'completed', 'version': '1.0.0', 'started_at': None, 'completed_at': None, 'duration_ms': 3233, 'evidence_json': '{"meta": {"collector": "vt", "version": "1.0.0", "status": "completed", "started_at": "2026-03-02T11:09:23.606504Z", "completed_at": "2026-03-02T11:0 ... (11749 characters truncated) ... rt_issuer": "GoDaddy.com, Inc.", "vt_cert_subject": "revantage.eu", "vt_registrar": "", "tags": [], "notes": [], "file_name": null, "file_names": []}', 'error': None, 'raw_artifact_hash': None}
2026-03-02 13:11:54,209 INFO sqlalchemy.engine.Engine INSERT INTO collector_results (id, investigation_id, collector_name, status, version, started_at, completed_at, duration_ms, evidence_json, error, raw_artifact_hash) VALUES (%(id)s::UUID, %(investigation_id)s::UUID, %(collector_name)s, %(status)s, %(version)s, %(started_at)s, %(completed_at)s, %(duration_ms)s, %(evidence_json)s::JSONB, %(error)s, %(raw_artifact_hash)s)
2026-03-02 13:11:54,210 INFO sqlalchemy.engine.Engine [cached since 235.7s ago] {'id': UUID('c6eeb08d-0835-4343-9924-99388f9ce02a'), 'investigation_id': UUID('252a5a54-0e83-4aae-b2d1-5696c3a44ff4'), 'collector_name': 'threat_feeds', 'status': 'completed', 'version': '1.0.0', 'started_at': None, 'completed_at': None, 'duration_ms': 4608, 'evidence_json': '{"meta": {"collector": "threat_feeds", "version": "1.0.0", "status": "completed", "started_at": "2026-03-02T11:09:23.608744Z", "completed_at": "2026- ... (611 characters truncated) ... matches": [], "openphish_listed": false, "feeds_checked": ["abuseipdb", "phishtank", "openphish"], "feeds_skipped": ["threatfox (error: HTTPError)"]}', 'error': None, 'raw_artifact_hash': None}
2026-03-02 13:11:54,212 INFO sqlalchemy.engine.Engine INSERT INTO collector_results (id, investigation_id, collector_name, status, version, started_at, completed_at, duration_ms, evidence_json, error, raw_artifact_hash) VALUES (%(id)s::UUID, %(investigation_id)s::UUID, %(collector_name)s, %(status)s, %(version)s, %(started_at)s, %(completed_at)s, %(duration_ms)s, %(evidence_json)s::JSONB, %(error)s, %(raw_artifact_hash)s)
2026-03-02 13:11:54,213 INFO sqlalchemy.engine.Engine [cached since 235.7s ago] {'id': UUID('d6c4bea0-14e8-484b-a9bd-7ab7282fb45e'), 'investigation_id': UUID('252a5a54-0e83-4aae-b2d1-5696c3a44ff4'), 'collector_name': 'http', 'status': 'completed', 'version': '1.0.0', 'started_at': None, 'completed_at': None, 'duration_ms': 5514, 'evidence_json': '{"meta": {"collector": "http", "version": "1.0.0", "status": "completed", "started_at": "2026-03-02T11:09:23.389846Z", "completed_at": "2026-03-02T11 ... (1819 characters truncated) ... hing_indicators": [], "external_resources": ["cdnjs.cloudflare.com", "gmpg.org", "maps.google.com", "www.googletagmanager.com", "www.revantage.com"]}', 'error': None, 'raw_artifact_hash': None}
2026-03-02 13:11:54,214 INFO sqlalchemy.engine.Engine INSERT INTO collector_results (id, investigation_id, collector_name, status, version, started_at, completed_at, duration_ms, evidence_json, error, raw_artifact_hash) VALUES (%(id)s::UUID, %(investigation_id)s::UUID, %(collector_name)s, %(status)s, %(version)s, %(started_at)s, %(completed_at)s, %(duration_ms)s, %(evidence_json)s::JSONB, %(error)s, %(raw_artifact_hash)s)
2026-03-02 13:11:54,215 INFO sqlalchemy.engine.Engine [cached since 235.7s ago] {'id': UUID('f4a774cb-d51f-4a06-9834-6ad81bb07ea9'), 'investigation_id': UUID('252a5a54-0e83-4aae-b2d1-5696c3a44ff4'), 'collector_name': 'intel', 'status': 'completed', 'version': '1.0.0', 'started_at': None, 'completed_at': None, 'duration_ms': 7750, 'evidence_json': '{"meta": {"collector": "intel", "version": "1.0.0", "status": "completed", "started_at": "2026-03-02T11:09:23.602948Z", "completed_at": "2026-03-02T1 ... (122 characters truncated) ... f5864c8fa06978e72c"}, "blocklist_hits": [], "allowlist_hits": [], "related_certs": [], "related_subdomains": [], "notes": [], "cert_entries_raw": []}', 'error': None, 'raw_artifact_hash': None}
2026-03-02 13:11:54,217 INFO sqlalchemy.engine.Engine INSERT INTO collector_results (id, investigation_id, collector_name, status, version, started_at, completed_at, duration_ms, evidence_json, error, raw_artifact_hash) VALUES (%(id)s::UUID, %(investigation_id)s::UUID, %(collector_name)s, %(status)s, %(version)s, %(started_at)s, %(completed_at)s, %(duration_ms)s, %(evidence_json)s::JSONB, %(error)s, %(raw_artifact_hash)s)
2026-03-02 13:11:54,217 INFO sqlalchemy.engine.Engine [cached since 235.7s ago] {'id': UUID('36cdb76e-2603-4154-862a-d2b48fb2caf4'), 'investigation_id': UUID('252a5a54-0e83-4aae-b2d1-5696c3a44ff4'), 'collector_name': 'urlscan', 'status': 'completed', 'version': '1.0.0', 'started_at': None, 'completed_at': None, 'duration_ms': 39500, 'evidence_json': '{"meta": {"collector": "urlscan", "version": "1.0.0", "status": "completed", "started_at": "2026-03-02T11:09:23.609755Z", "completed_at": "2026-03-02 ... (251 characters truncated) ... _title": null, "screenshot_artifact_id": null, "requests_count": null, "verdicts": {}, "tags": [], "notes": ["URLScan analysis timed out after 30s"]}', 'error': None, 'raw_artifact_hash': None}
2026-03-02 13:11:54,219 INFO sqlalchemy.engine.Engine INSERT INTO iocs (id, investigation_id, type, value, context, confidence) VALUES (%(id__0)s::UUID, %(investigation_id__0)s::UUID, %(type__0)s, %(value__0)s, %(context__0)s, %(confidence__0)s), (%(id__1)s::UUID, %(investigation_id__1)s::UUID, %(type__ ... 212 characters truncated ... ID, %(type__3)s, %(value__3)s, %(context__3)s, %(confidence__3)s) RETURNING iocs.created_at, iocs.id
2026-03-02 13:11:54,220 INFO sqlalchemy.engine.Engine [cached since 235.7s ago (insertmanyvalues) 1/1 (ordered)] {'investigation_id__0': UUID('252a5a54-0e83-4aae-b2d1-5696c3a44ff4'), 'confidence__0': 'high', 'value__0': 'revantage.eu', 'type__0': 'domain', 'context__0': 'Investigated domain; redirects to canonical corporate site', 'id__0': UUID('f03252e8-cb37-4074-a59d-14f7ce6c1e35'), 'investigation_id__1': UUID('252a5a54-0e83-4aae-b2d1-5696c3a44ff4'), 'confidence__1': 'high', 'value__1': 'https://www.revantage.com/', 'type__1': 'url', 'context__1': 'Final redirect target (canonical site)', 'id__1': UUID('4ddd5006-7c5d-4b1c-9848-ce9c0f7db358'), 'investigation_id__2': UUID('252a5a54-0e83-4aae-b2d1-5696c3a44ff4'), 'confidence__2': 'high', 'value__2': '3.33.251.168', 'type__2': 'ip', 'context__2': 'One of A records for revantage.eu; AWS Global Accelerator (hosting.asn = 16509)', 'id__2': UUID('b08e219e-1c5c-43a5-93bb-1f13a337065a'), 'investigation_id__3': UUID('252a5a54-0e83-4aae-b2d1-5696c3a44ff4'), 'confidence__3': 'medium', 'value__3': '15.197.225.128', 'type__3': 'ip', 'context__3': 'Second A record for revantage.eu; AbuseIPDB shows low-confidence reports (threat_feeds.abuseipdb)', 'id__3': UUID('10728b8d-cd34-47c7-9dd8-9ae8ee09dcaa')}
2026-03-02 13:11:54,221 INFO sqlalchemy.engine.Engine SELECT whois_history.id, whois_history.domain, whois_history.whois_json, whois_history.captured_at, whois_history.investigation_id, whois_history.changes_from_previous 
FROM whois_history 
WHERE whois_history.domain = %(domain_1)s ORDER BY whois_history.captured_at DESC 
 LIMIT %(param_1)s
2026-03-02 13:11:54,222 INFO sqlalchemy.engine.Engine [cached since 235.7s ago] {'domain_1': 'revantage.eu', 'param_1': 1}
2026-03-02 13:11:54,223 INFO sqlalchemy.engine.Engine INSERT INTO whois_history (id, domain, whois_json, investigation_id, changes_from_previous) VALUES (%(id)s::UUID, %(domain)s, %(whois_json)s::JSONB, %(investigation_id)s::UUID, %(changes_from_previous)s::JSONB) RETURNING whois_history.captured_at
2026-03-02 13:11:54,224 INFO sqlalchemy.engine.Engine [cached since 235.7s ago] {'id': UUID('fc2c36e6-3bf6-4dd6-a8a4-6cc9fd07350c'), 'domain': 'revantage.eu', 'whois_json': '{"meta": {"collector": "whois", "version": "1.0.0", "status": "completed", "started_at": "2026-03-02T11:09:23.472610Z", "completed_at": "2026-03-02T1 ... (335 characters truncated) ... ry": null, "name_servers": ["ns73.domaincontrol.com\\n        ns74.domaincontrol.com\\n\\nplease visit www.eurid.eu for more info."], "statuses": []}', 'investigation_id': UUID('252a5a54-0e83-4aae-b2d1-5696c3a44ff4'), 'changes_from_previous': 'null'}
2026-03-02 13:11:54,226 INFO sqlalchemy.engine.Engine COMMIT
2026-03-02 13:11:54,231 INFO sqlalchemy.engine.Engine BEGIN (implicit)
2026-03-02 13:11:54,232 INFO sqlalchemy.engine.Engine SELECT investigations.id AS investigations_id, investigations.domain AS investigations_domain, investigations.observable_type AS investigations_observable_type, investigations.state AS investigations_state, investigations.context AS investigations_context, investigations.client_domain AS investigations_client_domain, investigations.batch_id AS investigations_batch_id, investigations.created_at AS investigations_created_at, investigations.updated_at AS investigations_updated_at, investigations.concluded_at AS investigations_concluded_at, investigations.classification AS investigations_classification, investigations.confidence AS investigations_confidence, investigations.risk_score AS investigations_risk_score, investigations.recommended_action AS investigations_recommended_action, investigations.analyst_iterations AS investigations_analyst_iterations, investigations.max_analyst_iterations AS investigations_max_analyst_iterations 
FROM investigations 
WHERE investigations.id = %(pk_1)s::UUID
2026-03-02 13:11:54,232 INFO sqlalchemy.engine.Engine [cached since 235.6s ago] {'pk_1': UUID('252a5a54-0e83-4aae-b2d1-5696c3a44ff4')}
2026-03-02 13:11:54,235 INFO sqlalchemy.engine.Engine ROLLBACK
